Archive member included to satisfy reference by file (symbol)

/opt/homebrew-cask/Caskroom/gcc-arm-embedded/5_2-2015q4,20151219/gcc-arm-none-eabi-5_2-2015q4/bin/../lib/gcc/arm-none-eabi/5.2.1/../../../../arm-none-eabi/lib/armv7e-m/fpu/libstdc++.a(new_op.o)
                              build/obj/main.o (operator new(unsigned int))
/opt/homebrew-cask/Caskroom/gcc-arm-embedded/5_2-2015q4,20151219/gcc-arm-none-eabi-5_2-2015q4/bin/../lib/gcc/arm-none-eabi/5.2.1/../../../../arm-none-eabi/lib/armv7e-m/fpu/libstdc++.a(bad_alloc.o)
                              /opt/homebrew-cask/Caskroom/gcc-arm-embedded/5_2-2015q4,20151219/gcc-arm-none-eabi-5_2-2015q4/bin/../lib/gcc/arm-none-eabi/5.2.1/../../../../arm-none-eabi/lib/armv7e-m/fpu/libstdc++.a(new_op.o) (std::bad_alloc::~bad_alloc())
/opt/homebrew-cask/Caskroom/gcc-arm-embedded/5_2-2015q4,20151219/gcc-arm-none-eabi-5_2-2015q4/bin/../lib/gcc/arm-none-eabi/5.2.1/../../../../arm-none-eabi/lib/armv7e-m/fpu/libstdc++.a(del_op.o)
                              /opt/homebrew-cask/Caskroom/gcc-arm-embedded/5_2-2015q4,20151219/gcc-arm-none-eabi-5_2-2015q4/bin/../lib/gcc/arm-none-eabi/5.2.1/../../../../arm-none-eabi/lib/armv7e-m/fpu/libstdc++.a(bad_alloc.o) (operator delete(void*))
/opt/homebrew-cask/Caskroom/gcc-arm-embedded/5_2-2015q4,20151219/gcc-arm-none-eabi-5_2-2015q4/bin/../lib/gcc/arm-none-eabi/5.2.1/../../../../arm-none-eabi/lib/armv7e-m/fpu/libstdc++.a(eh_alloc.o)
                              /opt/homebrew-cask/Caskroom/gcc-arm-embedded/5_2-2015q4,20151219/gcc-arm-none-eabi-5_2-2015q4/bin/../lib/gcc/arm-none-eabi/5.2.1/../../../../arm-none-eabi/lib/armv7e-m/fpu/libstdc++.a(new_op.o) (__cxa_allocate_exception)
/opt/homebrew-cask/Caskroom/gcc-arm-embedded/5_2-2015q4,20151219/gcc-arm-none-eabi-5_2-2015q4/bin/../lib/gcc/arm-none-eabi/5.2.1/../../../../arm-none-eabi/lib/armv7e-m/fpu/libstdc++.a(eh_exception.o)
                              /opt/homebrew-cask/Caskroom/gcc-arm-embedded/5_2-2015q4,20151219/gcc-arm-none-eabi-5_2-2015q4/bin/../lib/gcc/arm-none-eabi/5.2.1/../../../../arm-none-eabi/lib/armv7e-m/fpu/libstdc++.a(bad_alloc.o) (std::exception::~exception())
/opt/homebrew-cask/Caskroom/gcc-arm-embedded/5_2-2015q4,20151219/gcc-arm-none-eabi-5_2-2015q4/bin/../lib/gcc/arm-none-eabi/5.2.1/../../../../arm-none-eabi/lib/armv7e-m/fpu/libstdc++.a(eh_terminate.o)
                              /opt/homebrew-cask/Caskroom/gcc-arm-embedded/5_2-2015q4,20151219/gcc-arm-none-eabi-5_2-2015q4/bin/../lib/gcc/arm-none-eabi/5.2.1/../../../../arm-none-eabi/lib/armv7e-m/fpu/libstdc++.a(eh_alloc.o) (std::terminate())
/opt/homebrew-cask/Caskroom/gcc-arm-embedded/5_2-2015q4,20151219/gcc-arm-none-eabi-5_2-2015q4/bin/../lib/gcc/arm-none-eabi/5.2.1/../../../../arm-none-eabi/lib/armv7e-m/fpu/libstdc++.a(eh_throw.o)
                              /opt/homebrew-cask/Caskroom/gcc-arm-embedded/5_2-2015q4,20151219/gcc-arm-none-eabi-5_2-2015q4/bin/../lib/gcc/arm-none-eabi/5.2.1/../../../../arm-none-eabi/lib/armv7e-m/fpu/libstdc++.a(new_op.o) (__cxa_throw)
/opt/homebrew-cask/Caskroom/gcc-arm-embedded/5_2-2015q4,20151219/gcc-arm-none-eabi-5_2-2015q4/bin/../lib/gcc/arm-none-eabi/5.2.1/../../../../arm-none-eabi/lib/armv7e-m/fpu/libstdc++.a(eh_unex_handler.o)
                              /opt/homebrew-cask/Caskroom/gcc-arm-embedded/5_2-2015q4,20151219/gcc-arm-none-eabi-5_2-2015q4/bin/../lib/gcc/arm-none-eabi/5.2.1/../../../../arm-none-eabi/lib/armv7e-m/fpu/libstdc++.a(eh_terminate.o) (__cxxabiv1::__unexpected_handler)
/opt/homebrew-cask/Caskroom/gcc-arm-embedded/5_2-2015q4,20151219/gcc-arm-none-eabi-5_2-2015q4/bin/../lib/gcc/arm-none-eabi/5.2.1/../../../../arm-none-eabi/lib/armv7e-m/fpu/libstdc++.a(new_handler.o)
                              /opt/homebrew-cask/Caskroom/gcc-arm-embedded/5_2-2015q4,20151219/gcc-arm-none-eabi-5_2-2015q4/bin/../lib/gcc/arm-none-eabi/5.2.1/../../../../arm-none-eabi/lib/armv7e-m/fpu/libstdc++.a(new_op.o) (std::get_new_handler())
/opt/homebrew-cask/Caskroom/gcc-arm-embedded/5_2-2015q4,20151219/gcc-arm-none-eabi-5_2-2015q4/bin/../lib/gcc/arm-none-eabi/5.2.1/../../../../arm-none-eabi/lib/armv7e-m/fpu/libstdc++.a(pure.o)
                              /opt/homebrew-cask/Caskroom/gcc-arm-embedded/5_2-2015q4,20151219/gcc-arm-none-eabi-5_2-2015q4/bin/../lib/gcc/arm-none-eabi/5.2.1/../../../../arm-none-eabi/lib/armv7e-m/fpu/libstdc++.a(eh_exception.o) (__cxa_pure_virtual)
/opt/homebrew-cask/Caskroom/gcc-arm-embedded/5_2-2015q4,20151219/gcc-arm-none-eabi-5_2-2015q4/bin/../lib/gcc/arm-none-eabi/5.2.1/../../../../arm-none-eabi/lib/armv7e-m/fpu/libstdc++.a(si_class_type_info.o)
                              /opt/homebrew-cask/Caskroom/gcc-arm-embedded/5_2-2015q4,20151219/gcc-arm-none-eabi-5_2-2015q4/bin/../lib/gcc/arm-none-eabi/5.2.1/../../../../arm-none-eabi/lib/armv7e-m/fpu/libstdc++.a(bad_alloc.o) (vtable for __cxxabiv1::__si_class_type_info)
[...]
Memory Configuration

Name             Origin             Length             Attributes
flash            0x0000000008000000 0x0000000000100000
ram0             0x0000000020000000 0x0000000000020000
ram1             0x0000000020000000 0x000000000001c000
ram2             0x000000002001c000 0x0000000000004000
ram3             0x0000000000000000 0x0000000000000000
ram4             0x0000000010000000 0x0000000000010000
ram5             0x0000000040024000 0x0000000000001000
ram6             0x0000000000000000 0x0000000000000000
ram7             0x0000000000000000 0x0000000000000000
*default*        0x0000000000000000 0xffffffffffffffff

Linker script and memory map

LOAD build/obj/crt0_v7m.o
LOAD build/obj/chcoreasm_v7m.o
LOAD build/obj/crt1.o
LOAD build/obj/vectors.o
LOAD build/obj/chsys.o
LOAD build/obj/chdebug.o
LOAD build/obj/chvt.o
LOAD build/obj/chschd.o
LOAD build/obj/chthreads.o
LOAD build/obj/chtm.o
LOAD build/obj/chdynamic.o
LOAD build/obj/chregistry.o
LOAD build/obj/chsem.o
LOAD build/obj/chmtx.o
LOAD build/obj/chcond.o
LOAD build/obj/chevents.o
LOAD build/obj/chmsg.o
LOAD build/obj/chmboxes.o
LOAD build/obj/chqueues.o
LOAD build/obj/chmemcore.o
LOAD build/obj/chheap.o
LOAD build/obj/chmempools.o
LOAD build/obj/chcore.o
LOAD build/obj/chcore_v7m.o
LOAD build/obj/osal.o
LOAD build/obj/hal.o
LOAD build/obj/st.o
LOAD build/obj/hal_buffers.o
LOAD build/obj/hal_queues.o
LOAD build/obj/hal_mmcsd.o
LOAD build/obj/adc.o
LOAD build/obj/ext.o
LOAD build/obj/i2c.o
LOAD build/obj/pal.o
LOAD build/obj/pwm.o
LOAD build/obj/serial_usb.o
LOAD build/obj/spi.o
LOAD build/obj/usb.o
LOAD build/obj/nvic.o
LOAD build/obj/hal_lld.o
LOAD build/obj/stm32_dma.o
LOAD build/obj/st_lld.o
LOAD build/obj/adc_lld.o
LOAD build/obj/ext_lld.o
LOAD build/obj/ext_lld_isr.o
LOAD build/obj/pal_lld.o
LOAD build/obj/i2c_lld.o
LOAD build/obj/usb_lld.o
LOAD build/obj/spi_lld.o
LOAD build/obj/pwm_lld.o
LOAD build/obj/board.o
LOAD build/obj/chprintf.o
LOAD build/obj/syscalls.o
LOAD build/obj/shell.o
LOAD build/obj/misc.o
LOAD build/obj/stm32f4xx_adc.o
LOAD build/obj/stm32f4xx_dma.o
LOAD build/obj/stm32f4xx_exti.o
LOAD build/obj/stm32f4xx_flash.o
LOAD build/obj/stm32f4xx_rcc.o
LOAD build/obj/stm32f4xx_rng.o
LOAD build/obj/stm32f4xx_syscfg.o
LOAD build/obj/stm32f4xx_tim.o
LOAD build/obj/stm32f4xx_wwdg.o
LOAD build/obj/main.o
LOAD build/obj/comm_usb.o
LOAD build/obj/ws2812b.o
                0x0000000020000000                __ram0_start__ = ORIGIN (ram0)
                0x0000000000020000                __ram0_size__ = LENGTH (ram0)
                0x0000000020020000                __ram0_end__ = (__ram0_start__ + __ram0_size__)
                0x0000000020000000                __ram1_start__ = ORIGIN (ram1)
                0x000000000001c000                __ram1_size__ = LENGTH (ram1)
                0x000000002001c000                __ram1_end__ = (__ram1_start__ + __ram1_size__)
                0x000000002001c000                __ram2_start__ = ORIGIN (ram2)
                0x0000000000004000                __ram2_size__ = LENGTH (ram2)
                0x0000000020020000                __ram2_end__ = (__ram2_start__ + __ram2_size__)
                0x0000000000000000                __ram3_start__ = ORIGIN (ram3)
                0x0000000000000000                __ram3_size__ = LENGTH (ram3)
                0x0000000000000000                __ram3_end__ = (__ram3_start__ + __ram3_size__)
                0x0000000010000000                __ram4_start__ = ORIGIN (ram4)
                0x0000000000010000                __ram4_size__ = LENGTH (ram4)
                0x0000000010010000                __ram4_end__ = (__ram4_start__ + __ram4_size__)
                0x0000000040024000                __ram5_start__ = ORIGIN (ram5)
                0x0000000000001000                __ram5_size__ = LENGTH (ram5)
                0x0000000040025000                __ram5_end__ = (__ram5_start__ + __ram5_size__)
                0x0000000000000000                __ram6_start__ = ORIGIN (ram6)
                0x0000000000000000                __ram6_size__ = LENGTH (ram6)
                0x0000000000000000                __ram6_end__ = (__ram6_start__ + __ram6_size__)
                0x0000000000000000                __ram7_start__ = ORIGIN (ram7)
                0x0000000000000000                __ram7_size__ = LENGTH (ram7)
                0x0000000000000000                __ram7_end__ = (__ram7_start__ + __ram7_size__)
                0x0000000000000000                . = 0x0
                0x0000000000000000                _text = .

startup         0x0000000008000000      0x1c0
 *(.vectors)
 .vectors       0x0000000008000000      0x1c0 build/obj/vectors.o
                0x0000000008000000                _vectors

constructors    0x00000000080001c0        0x4
                0x00000000080001c0                __init_array_start = .
 *(SORT(.init_array.*))
 *(.init_array)
 .init_array    0x00000000080001c0        0x4 /opt/homebrew-cask/Caskroom/gcc-arm-embedded/5_2-2015q4,20151219/gcc-arm-none-eabi-5_2-2015q4/bin/../lib/gcc/arm-none-eabi/5.2.1/../../../../arm-none-eabi/lib/armv7e-m/fpu/libstdc++.a(eh_alloc.o)
                0x00000000080001c4                __init_array_end = .

destructors     0x00000000080001c4        0x0
                0x00000000080001c4                __fini_array_start = .
 *(.fini_array)
 *(SORT(.fini_array.*))
                0x00000000080001c4                __fini_array_end = .

.text           0x0000000008000200    0x16998
 *(.text)
 .text          0x0000000008000200      0x108 build/obj/crt0_v7m.o
                0x0000000008000200                Reset_Handler
 *fill*         0x0000000008000308        0x8 
 .text          0x0000000008000310       0x30 build/obj/chcoreasm_v7m.o
                0x0000000008000310                _port_switch
                0x0000000008000328                _port_thread_start
                0x0000000008000338                _port_switch_from_isr
                0x000000000800033c                _port_exit_from_isr
 .text          0x0000000008000340     0x8284 /opt/homebrew-cask/Caskroom/gcc-arm-embedded/5_2-2015q4,20151219/gcc-arm-none-eabi-5_2-2015q4/bin/../lib/gcc/arm-none-eabi/5.2.1/../../../../arm-none-eabi/lib/armv7e-m/fpu/libstdc++.a(cp-demangle.o)
                0x00000000080084e4                __cxa_demangle
                0x00000000080085a0                __gcclibcxx_demangle_callback
 *fill*         0x00000000080085c4        0xc 
 .text          0x00000000080085d0      0x370 /opt/homebrew-cask/Caskroom/gcc-arm-embedded/5_2-2015q4,20151219/gcc-arm-none-eabi-5_2-2015q4/bin/../lib/gcc/arm-none-eabi/5.2.1/armv7e-m/fpu/libgcc.a(_arm_addsubdf3.o)
                0x00000000080085d0                __aeabi_drsub
                0x00000000080085d8                __subdf3
                0x00000000080085d8                __aeabi_dsub
                0x00000000080085dc                __aeabi_dadd
                0x00000000080085dc                __adddf3
                0x0000000008008854                __aeabi_ui2d
                0x0000000008008854                __floatunsidf
                0x0000000008008874                __floatsidf
                0x0000000008008874                __aeabi_i2d
                0x0000000008008898                __extendsfdf2
                0x0000000008008898                __aeabi_f2d
                0x00000000080088d4                __aeabi_ul2d
                0x00000000080088d4                __floatundidf
                0x00000000080088e4                __aeabi_l2d
                0x00000000080088e4                __floatdidf
 .text          0x0000000008008940      0x424 /opt/homebrew-cask/Caskroom/gcc-arm-embedded/5_2-2015q4,20151219/gcc-arm-none-eabi-5_2-2015q4/bin/../lib/gcc/arm-none-eabi/5.2.1/armv7e-m/fpu/libgcc.a(_arm_muldivdf3.o)
                0x0000000008008940                __aeabi_dmul
                0x0000000008008940                __muldf3
                0x0000000008008b94                __aeabi_ddiv
                0x0000000008008b94                __divdf3
 *fill*         0x0000000008008d64        0xc 
 .text          0x0000000008008d70      0x110 /opt/homebrew-cask/Caskroom/gcc-arm-embedded/5_2-2015q4,20151219/gcc-arm-none-eabi-5_2-2015q4/bin/../lib/gcc/arm-none-eabi/5.2.1/armv7e-m/fpu/libgcc.a(_arm_cmpdf2.o)
                0x0000000008008d70                __gtdf2
                0x0000000008008d70                __gedf2
                0x0000000008008d78                __ltdf2
                0x0000000008008d78                __ledf2
                0x0000000008008d80                __eqdf2
                0x0000000008008d80                __nedf2
                0x0000000008008d80                __cmpdf2
                0x0000000008008dfc                __aeabi_cdrcmple
                0x0000000008008e0c                __aeabi_cdcmple
                0x0000000008008e0c                __aeabi_cdcmpeq
                0x0000000008008e1c                __aeabi_dcmpeq
                0x0000000008008e30                __aeabi_dcmplt
                0x0000000008008e44                __aeabi_dcmple
                0x0000000008008e58                __aeabi_dcmpge
                0x0000000008008e6c                __aeabi_dcmpgt
 .text          0x0000000008008e80       0x50 /opt/homebrew-cask/Caskroom/gcc-arm-embedded/5_2-2015q4,20151219/gcc-arm-none-eabi-5_2-2015q4/bin/../lib/gcc/arm-none-eabi/5.2.1/armv7e-m/fpu/libgcc.a(_arm_fixdfsi.o)
                0x0000000008008e80                __fixdfsi
                0x0000000008008e80                __aeabi_d2iz
 .text          0x0000000008008ed0       0xa0 /opt/homebrew-cask/Caskroom/gcc-arm-embedded/5_2-2015q4,20151219/gcc-arm-none-eabi-5_2-2015q4/bin/../lib/gcc/arm-none-eabi/5.2.1/armv7e-m/fpu/libgcc.a(_arm_truncdfsf2.o)
                0x0000000008008ed0                __aeabi_d2f
                0x0000000008008ed0                __truncdfsf2
 .text          0x0000000008008f70      0x9dc /opt/homebrew-cask/Caskroom/gcc-arm-embedded/5_2-2015q4,20151219/gcc-arm-none-eabi-5_2-2015q4/bin/../lib/gcc/arm-none-eabi/5.2.1/armv7e-m/fpu/libgcc.a(unwind-arm.o)
                0x000000000800922c                _Unwind_GetCFA
                0x0000000008009230                __gnu_Unwind_RaiseException
                0x0000000008009290                __gnu_Unwind_ForcedUnwind
                0x00000000080092a4                __gnu_Unwind_Resume
                0x00000000080092e8                __gnu_Unwind_Resume_or_Rethrow
                0x00000000080092f8                _Unwind_Complete
                0x00000000080092fc                _Unwind_DeleteException
                0x0000000008009308                _Unwind_VRS_Get
                0x0000000008009354                _Unwind_VRS_Set
                0x00000000080093a4                __gnu_Unwind_Backtrace
                0x00000000080096f0                __aeabi_unwind_cpp_pr0
                0x00000000080096f4                __aeabi_unwind_cpp_pr1
                0x00000000080096f8                __aeabi_unwind_cpp_pr2
                0x00000000080096fc                _Unwind_VRS_Pop
 *fill*         0x000000000800994c        0x4 
 .text          0x0000000008009950      0x1ac /opt/homebrew-cask/Caskroom/gcc-arm-embedded/5_2-2015q4,20151219/gcc-arm-none-eabi-5_2-2015q4/bin/../lib/gcc/arm-none-eabi/5.2.1/armv7e-m/fpu/libgcc.a(libunwind.o)
                0x0000000008009950                __restore_core_regs
                0x0000000008009950                restore_core_regs
                0x0000000008009968                __gnu_Unwind_Restore_VFP
                0x0000000008009970                __gnu_Unwind_Save_VFP
                0x0000000008009978                __gnu_Unwind_Restore_VFP_D
                0x0000000008009980                __gnu_Unwind_Save_VFP_D
                0x0000000008009988                __gnu_Unwind_Restore_VFP_D_16_to_31
                0x0000000008009990                __gnu_Unwind_Save_VFP_D_16_to_31
                0x0000000008009998                __gnu_Unwind_Restore_WMMXD
                0x00000000080099dc                __gnu_Unwind_Save_WMMXD
                0x0000000008009a20                __gnu_Unwind_Restore_WMMXC
                0x0000000008009a34                __gnu_Unwind_Save_WMMXC
                0x0000000008009a48                _Unwind_RaiseException
                0x0000000008009a48                ___Unwind_RaiseException
                0x0000000008009a6c                ___Unwind_Resume
                0x0000000008009a6c                _Unwind_Resume
                0x0000000008009a90                ___Unwind_Resume_or_Rethrow
                0x0000000008009a90                _Unwind_Resume_or_Rethrow
                0x0000000008009ab4                _Unwind_ForcedUnwind
                0x0000000008009ab4                ___Unwind_ForcedUnwind
                0x0000000008009ad8                _Unwind_Backtrace
                0x0000000008009ad8                ___Unwind_Backtrace
 *fill*         0x0000000008009afc        0x4 
 .text          0x0000000008009b00      0x354 /opt/homebrew-cask/Caskroom/gcc-arm-embedded/5_2-2015q4,20151219/gcc-arm-none-eabi-5_2-2015q4/bin/../lib/gcc/arm-none-eabi/5.2.1/armv7e-m/fpu/libgcc.a(pr-support.o)
                0x0000000008009b58                __gnu_unwind_execute
                0x0000000008009dfc                __gnu_unwind_frame
                0x0000000008009e24                _Unwind_GetRegionStart
                0x0000000008009e30                _Unwind_GetLanguageSpecificData
                0x0000000008009e44                _Unwind_GetTextRelBase
                0x0000000008009e4c                _Unwind_GetDataRelBase
 *fill*         0x0000000008009e54        0xc 
 .text          0x0000000008009e60       0xa0 /opt/homebrew-cask/Caskroom/gcc-arm-embedded/5_2-2015q4,20151219/gcc-arm-none-eabi-5_2-2015q4/bin/../lib/gcc/arm-none-eabi/5.2.1/../../../../arm-none-eabi/lib/armv7e-m/fpu/libg.a(lib_a-memchr.o)
                0x0000000008009e60                memchr
 .text          0x0000000008009f00      0x134 /opt/homebrew-cask/Caskroom/gcc-arm-embedded/5_2-2015q4,20151219/gcc-arm-none-eabi-5_2-2015q4/bin/../lib/gcc/arm-none-eabi/5.2.1/../../../../arm-none-eabi/lib/armv7e-m/fpu/libg.a(lib_a-memcpy.o)
                0x0000000008009f00                memcpy
 *fill*         0x000000000800a034        0xc 
 .text          0x000000000800a040      0x2dc /opt/homebrew-cask/Caskroom/gcc-arm-embedded/5_2-2015q4,20151219/gcc-arm-none-eabi-5_2-2015q4/bin/../lib/gcc/arm-none-eabi/5.2.1/../../../../arm-none-eabi/lib/armv7e-m/fpu/libg.a(lib_a-strcmp.o)
                0x000000000800a048                strcmp
 *fill*         0x000000000800a31c        0x4 
 .text          0x000000000800a320       0xdc /opt/homebrew-cask/Caskroom/gcc-arm-embedded/5_2-2015q4,20151219/gcc-arm-none-eabi-5_2-2015q4/bin/../lib/gcc/arm-none-eabi/5.2.1/../../../../arm-none-eabi/lib/armv7e-m/fpu/libg.a(lib_a-strlen.o)
                0x000000000800a320                strlen
 *fill*         0x000000000800a3fc        0x4 
 .text          0x000000000800a400       0x30 /opt/homebrew-cask/Caskroom/gcc-arm-embedded/5_2-2015q4,20151219/gcc-arm-none-eabi-5_2-2015q4/bin/../lib/gcc/arm-none-eabi/5.2.1/armv7e-m/fpu/libgcc.a(_aeabi_uldivmod.o)
                0x000000000800a400                __aeabi_uldivmod
 .text          0x000000000800a430      0x2e4 /opt/homebrew-cask/Caskroom/gcc-arm-embedded/5_2-2015q4,20151219/gcc-arm-none-eabi-5_2-2015q4/bin/../lib/gcc/arm-none-eabi/5.2.1/armv7e-m/fpu/libgcc.a(_udivmoddi4.o)
                0x000000000800a430                __udivmoddi4
 *fill*         0x000000000800a714        0xc 
 .text          0x000000000800a720        0x4 /opt/homebrew-cask/Caskroom/gcc-arm-embedded/5_2-2015q4,20151219/gcc-arm-none-eabi-5_2-2015q4/bin/../lib/gcc/arm-none-eabi/5.2.1/armv7e-m/fpu/libgcc.a(_dvmd_tls.o)
                0x000000000800a720                __aeabi_ldiv0
                0x000000000800a720                __aeabi_idiv0
 *(.text.*)
 *fill*         0x000000000800a724        0xc 
 .text.__core_init
                0x000000000800a730        0x4 build/obj/crt1.o
                0x000000000800a730                __core_init
 *fill*         0x000000000800a734        0xc 
 .text.__late_init
                0x000000000800a740        0x4 build/obj/crt1.o
                0x000000000800a740                __late_init
 *fill*         0x000000000800a744        0xc 
 .text.__default_exit
                0x000000000800a750        0x4 build/obj/crt1.o
                0x000000000800a750                __default_exit
 *fill*         0x000000000800a754        0xc 
 .text.__init_ram_areas
                0x000000000800a760       0x64 build/obj/crt1.o
                0x000000000800a760                __init_ram_areas
 *fill*         0x000000000800a7c4        0xc 
 .text._unhandled_exception
                0x000000000800a7d0        0x4 build/obj/vectors.o
                0x000000000800a7d0                Vector174
                0x000000000800a7d0                DebugMon_Handler
                0x000000000800a7d0                Vector1A0
                0x000000000800a7d0                Vector11C
                0x000000000800a7d0                HardFault_Handler
                0x000000000800a7d0                Vector1B8
                0x000000000800a7d0                Vector19C
                0x000000000800a7d0                Vector8C
                0x000000000800a7d0                VectorDC
                0x000000000800a7d0                PendSV_Handler
                0x000000000800a7d0                Vector168
                0x000000000800a7d0                NMI_Handler
                0x000000000800a7d0                Vector110
                0x000000000800a7d0                VectorC8
                0x000000000800a7d0                Vector94
                0x000000000800a7d0                VectorA8
                0x000000000800a7d0                VectorB4
                0x000000000800a7d0                Vector160
                0x000000000800a7d0                Vector1B0
                0x000000000800a7d0                UsageFault_Handler
                0x000000000800a7d0                VectorEC
                0x000000000800a7d0                Vector40
                0x000000000800a7d0                VectorF8
                0x000000000800a7d0                Vector190
                0x000000000800a7d0                Vector148
                0x000000000800a7d0                Vector188
                0x000000000800a7d0                Vector198
                0x000000000800a7d0                Vector118
                0x000000000800a7d0                VectorCC
                0x000000000800a7d0                Vector54
                0x000000000800a7d0                Vector98
                0x000000000800a7d0                VectorD8
                0x000000000800a7d0                Vector138
                0x000000000800a7d0                Vector24
                0x000000000800a7d0                Vector1AC
                0x000000000800a7d0                Vector178
                0x000000000800a7d0                Vector1A4
                0x000000000800a7d0                VectorD0
                0x000000000800a7d0                Vector1B4
                0x000000000800a7d0                Vector140
                0x000000000800a7d0                Vector134
                0x000000000800a7d0                VectorF0
                0x000000000800a7d0                Vector13C
                0x000000000800a7d0                Vector100
                0x000000000800a7d0                VectorF4
                0x000000000800a7d0                MemManage_Handler
                0x000000000800a7d0                VectorA0
                0x000000000800a7d0                VectorC4
                0x000000000800a7d0                Vector180
                0x000000000800a7d0                VectorB0
                0x000000000800a7d0                Vector90
                0x000000000800a7d0                Vector114
                0x000000000800a7d0                Vector164
                0x000000000800a7d0                Vector1C
                0x000000000800a7d0                Vector1BC
                0x000000000800a7d0                Vector17C
                0x000000000800a7d0                Vector1A8
                0x000000000800a7d0                Vector16C
                0x000000000800a7d0                VectorD4
                0x000000000800a7d0                Vector144
                0x000000000800a7d0                Vector15C
                0x000000000800a7d0                _unhandled_exception
                0x000000000800a7d0                Vector104
                0x000000000800a7d0                Vector184
                0x000000000800a7d0                Vector10C
                0x000000000800a7d0                BusFault_Handler
                0x000000000800a7d0                Vector50
                0x000000000800a7d0                Vector194
                0x000000000800a7d0                Vector28
                0x000000000800a7d0                VectorB8
                0x000000000800a7d0                Vector34
                0x000000000800a7d0                VectorA4
                0x000000000800a7d0                Vector20
                0x000000000800a7d0                Vector18C
                0x000000000800a7d0                VectorAC
 *fill*         0x000000000800a7d4        0xc 
 .text._idle_thread
                0x000000000800a7e0        0x4 build/obj/chsys.o
 *fill*         0x000000000800a7e4        0xc 
 .text.chSysInit
                0x000000000800a7f0       0xa4 build/obj/chsys.o
                0x000000000800a7f0                chSysInit
 *fill*         0x000000000800a894        0xc 
 .text.chSysTimerHandlerI
                0x000000000800a8a0       0x58 build/obj/chsys.o
                0x000000000800a8a0                chSysTimerHandlerI
 *fill*         0x000000000800a8f8        0x8 
 .text.chSysPolledDelayX
                0x000000000800a900       0x14 build/obj/chsys.o
                0x000000000800a900                chSysPolledDelayX
 *fill*         0x000000000800a914        0xc 
 .text._vt_init
                0x000000000800a920       0x1c build/obj/chvt.o
                0x000000000800a920                _vt_init
 *fill*         0x000000000800a93c        0x4 
 .text.chVTDoSetI
                0x000000000800a940       0x3c build/obj/chvt.o
                0x000000000800a940                chVTDoSetI
 *fill*         0x000000000800a97c        0x4 
 .text.chVTDoResetI
                0x000000000800a980       0x28 build/obj/chvt.o
                0x000000000800a980                chVTDoResetI
 *fill*         0x000000000800a9a8        0x8 
 .text.wakeup   0x000000000800a9b0       0x70 build/obj/chschd.o
 .text._scheduler_init
                0x000000000800aa20       0x14 build/obj/chschd.o
                0x000000000800aa20                _scheduler_init
 *fill*         0x000000000800aa34        0xc 
 .text.chSchReadyI
                0x000000000800aa40       0x2c build/obj/chschd.o
                0x000000000800aa40                chSchReadyI
 *fill*         0x000000000800aa6c        0x4 
 .text.chSchGoSleepS
                0x000000000800aa70       0x28 build/obj/chschd.o
                0x000000000800aa70                chSchGoSleepS
 *fill*         0x000000000800aa98        0x8 
 .text.chSchGoSleepTimeoutS
                0x000000000800aaa0       0x44 build/obj/chschd.o
                0x000000000800aaa0                chSchGoSleepTimeoutS
 *fill*         0x000000000800aae4        0xc 
 .text.chSchWakeupS
                0x000000000800aaf0       0x58 build/obj/chschd.o
                0x000000000800aaf0                chSchWakeupS
 *fill*         0x000000000800ab48        0x8 
 .text.chSchIsPreemptionRequired
                0x000000000800ab50       0x28 build/obj/chschd.o
                0x000000000800ab50                chSchIsPreemptionRequired
 *fill*         0x000000000800ab78        0x8 
 .text.chSchDoRescheduleBehind
                0x000000000800ab80       0x40 build/obj/chschd.o
                0x000000000800ab80                chSchDoRescheduleBehind
 .text.chSchDoRescheduleAhead
                0x000000000800abc0       0x3c build/obj/chschd.o
                0x000000000800abc0                chSchDoRescheduleAhead
 *fill*         0x000000000800abfc        0x4 
 .text.chSchRescheduleS
                0x000000000800ac00       0x18 build/obj/chschd.o
                0x000000000800ac00                chSchRescheduleS
 *fill*         0x000000000800ac18        0x8 
 .text.chSchDoReschedule
                0x000000000800ac20       0x14 build/obj/chschd.o
                0x000000000800ac20                chSchDoReschedule
 *fill*         0x000000000800ac34        0xc 
 .text._thread_init
                0x000000000800ac40       0x44 build/obj/chthreads.o
                0x000000000800ac40                _thread_init
 *fill*         0x000000000800ac84        0xc 
 .text.chThdCreateI
                0x000000000800ac90       0x58 build/obj/chthreads.o
                0x000000000800ac90                chThdCreateI
 *fill*         0x000000000800ace8        0x8 
 .text.chThdCreateStatic
                0x000000000800acf0       0x68 build/obj/chthreads.o
                0x000000000800acf0                chThdCreateStatic
 *fill*         0x000000000800ad58        0x8 
 .text.chThdSleep
                0x000000000800ad60       0x18 build/obj/chthreads.o
                0x000000000800ad60                chThdSleep
 *fill*         0x000000000800ad78        0x8 
 .text.chThdExitS
                0x000000000800ad80       0x40 build/obj/chthreads.o
                0x000000000800ad80                chThdExitS
 .text.chThdExit
                0x000000000800adc0        0xc build/obj/chthreads.o
                0x000000000800adc0                chThdExit
 *fill*         0x000000000800adcc        0x4 
 .text.chThdSuspendS
                0x000000000800add0       0x1c build/obj/chthreads.o
                0x000000000800add0                chThdSuspendS
 *fill*         0x000000000800adec        0x4 
 .text.chThdResumeI
                0x000000000800adf0       0x14 build/obj/chthreads.o
                0x000000000800adf0                chThdResumeI
 *fill*         0x000000000800ae04        0xc 
 .text.chThdEnqueueTimeoutS
                0x000000000800ae10       0x28 build/obj/chthreads.o
                0x000000000800ae10                chThdEnqueueTimeoutS
 *fill*         0x000000000800ae38        0x8 
 .text.chThdDequeueNextI
                0x000000000800ae40       0x20 build/obj/chthreads.o
                0x000000000800ae40                chThdDequeueNextI
 .text.chThdDequeueAllI
                0x000000000800ae60       0x24 build/obj/chthreads.o
                0x000000000800ae60                chThdDequeueAllI
 *fill*         0x000000000800ae84        0xc 
 .text.chTMStartMeasurementX
                0x000000000800ae90        0xc build/obj/chtm.o
                0x000000000800ae90                chTMStartMeasurementX
 *fill*         0x000000000800ae9c        0x4 
 .text.chTMStopMeasurementX
                0x000000000800aea0       0x44 build/obj/chtm.o
                0x000000000800aea0                chTMStopMeasurementX
 *fill*         0x000000000800aee4        0xc 
 .text._tm_init
                0x000000000800aef0       0x38 build/obj/chtm.o
                0x000000000800aef0                _tm_init
 *fill*         0x000000000800af28        0x8 
 .text.chMtxObjectInit
                0x000000000800af30        0xc build/obj/chmtx.o
                0x000000000800af30                chMtxObjectInit
 *fill*         0x000000000800af3c        0x4 
 .text.chEvtSignalI
                0x000000000800af40       0x28 build/obj/chevents.o
                0x000000000800af40                chEvtSignalI
 *fill*         0x000000000800af68        0x8 
 .text.chEvtBroadcastFlagsI
                0x000000000800af70       0x2c build/obj/chevents.o
                0x000000000800af70                chEvtBroadcastFlagsI
 *fill*         0x000000000800af9c        0x4 
 .text._core_init
                0x000000000800afa0       0x28 build/obj/chmemcore.o
                0x000000000800afa0                _core_init
 *fill*         0x000000000800afc8        0x8 
 .text.chCoreAlloc
                0x000000000800afd0       0x38 build/obj/chmemcore.o
                0x000000000800afd0                chCoreAlloc
 *fill*         0x000000000800b008        0x8 
 .text._heap_init
                0x000000000800b010       0x1c build/obj/chheap.o
                0x000000000800b010                _heap_init
 *fill*         0x000000000800b02c        0x4 
 .text.SVC_Handler
                0x000000000800b030       0x20 build/obj/chcore_v7m.o
                0x000000000800b030                SVC_Handler
 .text._port_irq_epilogue
                0x000000000800b050       0x60 build/obj/chcore_v7m.o
                0x000000000800b050                _port_irq_epilogue
 .text.halInit  0x000000000800b0b0       0x38 build/obj/hal.o
                0x000000000800b0b0                halInit
 *fill*         0x000000000800b0e8        0x8 
 .text.stInit   0x000000000800b0f0        0x4 build/obj/st.o
                0x000000000800b0f0                stInit
 *fill*         0x000000000800b0f4        0xc 
 .text.ibqObjectInit
                0x000000000800b100       0x2c build/obj/hal_buffers.o
                0x000000000800b100                ibqObjectInit
 *fill*         0x000000000800b12c        0x4 
 .text.ibqResetI
                0x000000000800b130       0x18 build/obj/hal_buffers.o
                0x000000000800b130                ibqResetI
 *fill*         0x000000000800b148        0x8 
 .text.ibqGetEmptyBufferI
                0x000000000800b150       0x18 build/obj/hal_buffers.o
                0x000000000800b150                ibqGetEmptyBufferI
 *fill*         0x000000000800b168        0x8 
 .text.ibqPostFullBufferI
                0x000000000800b170       0x28 build/obj/hal_buffers.o
                0x000000000800b170                ibqPostFullBufferI
 *fill*         0x000000000800b198        0x8 
 .text.ibqGetFullBufferTimeoutS
                0x000000000800b1a0       0x2c build/obj/hal_buffers.o
                0x000000000800b1a0                ibqGetFullBufferTimeoutS
 *fill*         0x000000000800b1cc        0x4 
 .text.ibqGetTimeout
                0x000000000800b1d0       0x5c build/obj/hal_buffers.o
                0x000000000800b1d0                ibqGetTimeout
 *fill*         0x000000000800b22c        0x4 
 .text.ibqReadTimeout
                0x000000000800b230      0x110 build/obj/hal_buffers.o
                0x000000000800b230                ibqReadTimeout
 .text.obqObjectInit
                0x000000000800b340       0x2c build/obj/hal_buffers.o
                0x000000000800b340                obqObjectInit
 *fill*         0x000000000800b36c        0x4 
 .text.obqResetI
                0x000000000800b370       0x20 build/obj/hal_buffers.o
                0x000000000800b370                obqResetI
 .text.obqGetFullBufferI
                0x000000000800b390       0x1c build/obj/hal_buffers.o
                0x000000000800b390                obqGetFullBufferI
 *fill*         0x000000000800b3ac        0x4 
 .text.obqReleaseEmptyBufferI
                0x000000000800b3b0       0x28 build/obj/hal_buffers.o
                0x000000000800b3b0                obqReleaseEmptyBufferI
 *fill*         0x000000000800b3d8        0x8 
 .text.obqGetEmptyBufferTimeoutS
                0x000000000800b3e0       0x2c build/obj/hal_buffers.o
                0x000000000800b3e0                obqGetEmptyBufferTimeoutS
 *fill*         0x000000000800b40c        0x4 
 .text.obqPutTimeout
                0x000000000800b410       0x64 build/obj/hal_buffers.o
                0x000000000800b410                obqPutTimeout
 *fill*         0x000000000800b474        0xc 
 .text.obqWriteTimeout
                0x000000000800b480      0x110 build/obj/hal_buffers.o
                0x000000000800b480                obqWriteTimeout
 .text.obqTryFlushI
                0x000000000800b590       0x4c build/obj/hal_buffers.o
                0x000000000800b590                obqTryFlushI
 *fill*         0x000000000800b5dc        0x4 
 .text.adcInit  0x000000000800b5e0        0x4 build/obj/adc.o
                0x000000000800b5e0                adcInit
 *fill*         0x000000000800b5e4        0xc 
 .text.adcObjectInit
                0x000000000800b5f0       0x18 build/obj/adc.o
                0x000000000800b5f0                adcObjectInit
 *fill*         0x000000000800b608        0x8 
 .text.extInit  0x000000000800b610        0x4 build/obj/ext.o
                0x000000000800b610                extInit
 *fill*         0x000000000800b614        0xc 
 .text.extObjectInit
                0x000000000800b620        0xc build/obj/ext.o
                0x000000000800b620                extObjectInit
 *fill*         0x000000000800b62c        0x4 
 .text.i2cInit  0x000000000800b630        0x4 build/obj/i2c.o
                0x000000000800b630                i2cInit
 *fill*         0x000000000800b634        0xc 
 .text.i2cObjectInit
                0x000000000800b640       0x10 build/obj/i2c.o
                0x000000000800b640                i2cObjectInit
 .text.pwmInit  0x000000000800b650        0x4 build/obj/pwm.o
                0x000000000800b650                pwmInit
 *fill*         0x000000000800b654        0xc 
 .text.pwmObjectInit
                0x000000000800b660       0x10 build/obj/pwm.o
                0x000000000800b660                pwmObjectInit
 .text.obnotify
                0x000000000800b670       0x48 build/obj/serial_usb.o
 *fill*         0x000000000800b6b8        0x8 
 .text.ibnotify
                0x000000000800b6c0       0x48 build/obj/serial_usb.o
 *fill*         0x000000000800b708        0x8 
 .text.readt    0x000000000800b710       0x20 build/obj/serial_usb.o
 .text.writet   0x000000000800b730       0x20 build/obj/serial_usb.o
 .text.gett     0x000000000800b750       0x18 build/obj/serial_usb.o
 *fill*         0x000000000800b768        0x8 
 .text.get      0x000000000800b770       0x1c build/obj/serial_usb.o
 *fill*         0x000000000800b78c        0x4 
 .text.putt     0x000000000800b790       0x18 build/obj/serial_usb.o
 *fill*         0x000000000800b7a8        0x8 
 .text.put      0x000000000800b7b0       0x1c build/obj/serial_usb.o
 *fill*         0x000000000800b7cc        0x4 
 .text.read     0x000000000800b7d0       0x1c build/obj/serial_usb.o
 *fill*         0x000000000800b7ec        0x4 
 .text.write    0x000000000800b7f0       0x1c build/obj/serial_usb.o
 *fill*         0x000000000800b80c        0x4 
 .text.sduInit  0x000000000800b810        0x4 build/obj/serial_usb.o
                0x000000000800b810                sduInit
 *fill*         0x000000000800b814        0xc 
 .text.sduObjectInit
                0x000000000800b820       0x54 build/obj/serial_usb.o
                0x000000000800b820                sduObjectInit
 *fill*         0x000000000800b874        0xc 
 .text.sduStart
                0x000000000800b880       0x34 build/obj/serial_usb.o
                0x000000000800b880                sduStart
 *fill*         0x000000000800b8b4        0xc 
 .text.sduDisconnectI
                0x000000000800b8c0       0x20 build/obj/serial_usb.o
                0x000000000800b8c0                sduDisconnectI
 .text.sduConfigureHookI
                0x000000000800b8e0       0x3c build/obj/serial_usb.o
                0x000000000800b8e0                sduConfigureHookI
 *fill*         0x000000000800b91c        0x4 
 .text.sduRequestsHook
                0x000000000800b920       0x40 build/obj/serial_usb.o
                0x000000000800b920                sduRequestsHook
 .text.sduSOFHookI
                0x000000000800b960       0x50 build/obj/serial_usb.o
                0x000000000800b960                sduSOFHookI
 .text.sduDataTransmitted
                0x000000000800b9b0       0x80 build/obj/serial_usb.o
                0x000000000800b9b0                sduDataTransmitted
 .text.sduDataReceived
                0x000000000800ba30       0x58 build/obj/serial_usb.o
                0x000000000800ba30                sduDataReceived
 *fill*         0x000000000800ba88        0x8 
 .text.sduInterruptTransmitted
                0x000000000800ba90        0x4 build/obj/serial_usb.o
                0x000000000800ba90                sduInterruptTransmitted
 *fill*         0x000000000800ba94        0xc 
 .text.spiInit  0x000000000800baa0        0x4 build/obj/spi.o
                0x000000000800baa0                spiInit
 *fill*         0x000000000800baa4        0xc 
 .text.spiObjectInit
                0x000000000800bab0       0x10 build/obj/spi.o
                0x000000000800bab0                spiObjectInit
 .text.usbInit  0x000000000800bac0        0x4 build/obj/usb.o
                0x000000000800bac0                usbInit
 *fill*         0x000000000800bac4        0xc 
 .text.usbObjectInit
                0x000000000800bad0       0x1c build/obj/usb.o
                0x000000000800bad0                usbObjectInit
 *fill*         0x000000000800baec        0x4 
 .text.usbStart
                0x000000000800baf0       0x24 build/obj/usb.o
                0x000000000800baf0                usbStart
 *fill*         0x000000000800bb14        0xc 
 .text.usbInitEndpointI
                0x000000000800bb20       0x2c build/obj/usb.o
                0x000000000800bb20                usbInitEndpointI
 *fill*         0x000000000800bb4c        0x4 
 .text.usbStartReceiveI
                0x000000000800bb50       0x2c build/obj/usb.o
                0x000000000800bb50                usbStartReceiveI
 *fill*         0x000000000800bb7c        0x4 
 .text.usbStartTransmitI
                0x000000000800bb80       0x2c build/obj/usb.o
                0x000000000800bb80                usbStartTransmitI
 *fill*         0x000000000800bbac        0x4 
 .text._usb_reset
                0x000000000800bbb0       0x3c build/obj/usb.o
                0x000000000800bbb0                _usb_reset
 *fill*         0x000000000800bbec        0x4 
 .text._usb_suspend
                0x000000000800bbf0       0x10 build/obj/usb.o
                0x000000000800bbf0                _usb_suspend
 .text._usb_wakeup
                0x000000000800bc00       0x10 build/obj/usb.o
                0x000000000800bc00                _usb_wakeup
 .text._usb_ep0setup
                0x000000000800bc10      0x34c build/obj/usb.o
                0x000000000800bc10                _usb_ep0setup
 *fill*         0x000000000800bf5c        0x4 
 .text._usb_ep0in
                0x000000000800bf60       0xc0 build/obj/usb.o
                0x000000000800bf60                _usb_ep0in
 .text._usb_ep0out
                0x000000000800c020       0x88 build/obj/usb.o
                0x000000000800c020                _usb_ep0out
 *fill*         0x000000000800c0a8        0x8 
 .text.nvicEnableVector
                0x000000000800c0b0       0x34 build/obj/nvic.o
                0x000000000800c0b0                nvicEnableVector
 *fill*         0x000000000800c0e4        0xc 
 .text.nvicSetSystemHandlerPriority
                0x000000000800c0f0       0x10 build/obj/nvic.o
                0x000000000800c0f0                nvicSetSystemHandlerPriority
 .text.hal_lld_init
                0x000000000800c100       0x68 build/obj/hal_lld.o
                0x000000000800c100                hal_lld_init
 *fill*         0x000000000800c168        0x8 
 .text.stm32_clock_init
                0x000000000800c170       0xc8 build/obj/hal_lld.o
                0x000000000800c170                stm32_clock_init
 *fill*         0x000000000800c238        0x8 
 .text.Vector6C
                0x000000000800c240       0x28 build/obj/stm32_dma.o
                0x000000000800c240                Vector6C
 *fill*         0x000000000800c268        0x8 
 .text.Vector70
                0x000000000800c270       0x2c build/obj/stm32_dma.o
                0x000000000800c270                Vector70
 *fill*         0x000000000800c29c        0x4 
 .text.Vector74
                0x000000000800c2a0       0x2c build/obj/stm32_dma.o
                0x000000000800c2a0                Vector74
 *fill*         0x000000000800c2cc        0x4 
 .text.Vector78
                0x000000000800c2d0       0x2c build/obj/stm32_dma.o
                0x000000000800c2d0                Vector78
 *fill*         0x000000000800c2fc        0x4 
 .text.Vector7C
                0x000000000800c300       0x28 build/obj/stm32_dma.o
                0x000000000800c300                Vector7C
 *fill*         0x000000000800c328        0x8 
 .text.Vector80
                0x000000000800c330       0x2c build/obj/stm32_dma.o
                0x000000000800c330                Vector80
 *fill*         0x000000000800c35c        0x4 
 .text.Vector84
                0x000000000800c360       0x2c build/obj/stm32_dma.o
                0x000000000800c360                Vector84
 *fill*         0x000000000800c38c        0x4 
 .text.VectorFC
                0x000000000800c390       0x2c build/obj/stm32_dma.o
                0x000000000800c390                VectorFC
 *fill*         0x000000000800c3bc        0x4 
 .text.Vector120
                0x000000000800c3c0       0x28 build/obj/stm32_dma.o
                0x000000000800c3c0                Vector120
 *fill*         0x000000000800c3e8        0x8 
 .text.Vector124
                0x000000000800c3f0       0x2c build/obj/stm32_dma.o
                0x000000000800c3f0                Vector124
 *fill*         0x000000000800c41c        0x4 
 .text.Vector128
                0x000000000800c420       0x2c build/obj/stm32_dma.o
                0x000000000800c420                Vector128
 *fill*         0x000000000800c44c        0x4 
 .text.Vector12C
                0x000000000800c450       0x2c build/obj/stm32_dma.o
                0x000000000800c450                Vector12C
 *fill*         0x000000000800c47c        0x4 
 .text.Vector130
                0x000000000800c480       0x28 build/obj/stm32_dma.o
                0x000000000800c480                Vector130
 *fill*         0x000000000800c4a8        0x8 
 .text.Vector150
                0x000000000800c4b0       0x2c build/obj/stm32_dma.o
                0x000000000800c4b0                Vector150
 *fill*         0x000000000800c4dc        0x4 
 .text.Vector154
                0x000000000800c4e0       0x2c build/obj/stm32_dma.o
                0x000000000800c4e0                Vector154
 *fill*         0x000000000800c50c        0x4 
 .text.Vector158
                0x000000000800c510       0x2c build/obj/stm32_dma.o
                0x000000000800c510                Vector158
 *fill*         0x000000000800c53c        0x4 
 .text.dmaInit  0x000000000800c540       0x54 build/obj/stm32_dma.o
                0x000000000800c540                dmaInit
 *fill*         0x000000000800c594        0xc 
 .text.SysTick_Handler
                0x000000000800c5a0       0x1c build/obj/st_lld.o
                0x000000000800c5a0                SysTick_Handler
 *fill*         0x000000000800c5bc        0x4 
 .text.st_lld_init
                0x000000000800c5c0       0x1c build/obj/st_lld.o
                0x000000000800c5c0                st_lld_init
 *fill*         0x000000000800c5dc        0x4 
 .text.Vector88
                0x000000000800c5e0      0x180 build/obj/adc_lld.o
                0x000000000800c5e0                Vector88
 .text.adc_lld_init
                0x000000000800c760       0x74 build/obj/adc_lld.o
                0x000000000800c760                adc_lld_init
 *fill*         0x000000000800c7d4        0xc 
 .text.ext_lld_init
                0x000000000800c7e0        0xc build/obj/ext_lld.o
                0x000000000800c7e0                ext_lld_init
 *fill*         0x000000000800c7ec        0x4 
 .text.Vector58
                0x000000000800c7f0       0x2c build/obj/ext_lld_isr.o
                0x000000000800c7f0                Vector58
 *fill*         0x000000000800c81c        0x4 
 .text.Vector5C
                0x000000000800c820       0x2c build/obj/ext_lld_isr.o
                0x000000000800c820                Vector5C
 *fill*         0x000000000800c84c        0x4 
 .text.Vector60
                0x000000000800c850       0x2c build/obj/ext_lld_isr.o
                0x000000000800c850                Vector60
 *fill*         0x000000000800c87c        0x4 
 .text.Vector64
                0x000000000800c880       0x2c build/obj/ext_lld_isr.o
                0x000000000800c880                Vector64
 *fill*         0x000000000800c8ac        0x4 
 .text.Vector68
                0x000000000800c8b0       0x2c build/obj/ext_lld_isr.o
                0x000000000800c8b0                Vector68
 *fill*         0x000000000800c8dc        0x4 
 .text.Vector9C
                0x000000000800c8e0       0x70 build/obj/ext_lld_isr.o
                0x000000000800c8e0                Vector9C
 .text.VectorE0
                0x000000000800c950       0x80 build/obj/ext_lld_isr.o
                0x000000000800c950                VectorE0
 .text.Vector44
                0x000000000800c9d0       0x2c build/obj/ext_lld_isr.o
                0x000000000800c9d0                Vector44
 *fill*         0x000000000800c9fc        0x4 
 .text.VectorE4
                0x000000000800ca00       0x2c build/obj/ext_lld_isr.o
                0x000000000800ca00                VectorE4
 *fill*         0x000000000800ca2c        0x4 
 .text.VectorE8
                0x000000000800ca30       0x30 build/obj/ext_lld_isr.o
                0x000000000800ca30                VectorE8
 .text.Vector170
                0x000000000800ca60       0x30 build/obj/ext_lld_isr.o
                0x000000000800ca60                Vector170
 .text.Vector48
                0x000000000800ca90       0x30 build/obj/ext_lld_isr.o
                0x000000000800ca90                Vector48
 .text.Vector4C
                0x000000000800cac0       0x30 build/obj/ext_lld_isr.o
                0x000000000800cac0                Vector4C
 .text._pal_lld_init
                0x000000000800caf0      0x1ac build/obj/pal_lld.o
                0x000000000800caf0                _pal_lld_init
 *fill*         0x000000000800cc9c        0x4 
 .text._pal_lld_setgroupmode
                0x000000000800cca0       0xd0 build/obj/pal_lld.o
                0x000000000800cca0                _pal_lld_setgroupmode
 .text.VectorBC
                0x000000000800cd70       0xf8 build/obj/i2c_lld.o
                0x000000000800cd70                VectorBC
 *fill*         0x000000000800ce68        0x8 
 .text.VectorC0
                0x000000000800ce70       0xd8 build/obj/i2c_lld.o
                0x000000000800ce70                VectorC0
 *fill*         0x000000000800cf48        0x8 
 .text.i2c_lld_init
                0x000000000800cf50       0x2c build/obj/i2c_lld.o
                0x000000000800cf50                i2c_lld_init
 *fill*         0x000000000800cf7c        0x4 
 .text.usb_lld_pump
                0x000000000800cf80      0x200 build/obj/usb_lld.o
                0x000000000800cf80                usb_lld_pump
 .text.usb_lld_init
                0x000000000800d180       0x24 build/obj/usb_lld.o
                0x000000000800d180                usb_lld_init
 *fill*         0x000000000800d1a4        0xc 
 .text.usb_lld_start
                0x000000000800d1b0      0x124 build/obj/usb_lld.o
                0x000000000800d1b0                usb_lld_start
 *fill*         0x000000000800d2d4        0xc 
 .text.usb_lld_reset
                0x000000000800d2e0       0xc0 build/obj/usb_lld.o
                0x000000000800d2e0                usb_lld_reset
 .text.usb_lld_set_address
                0x000000000800d3a0       0x18 build/obj/usb_lld.o
                0x000000000800d3a0                usb_lld_set_address
 *fill*         0x000000000800d3b8        0x8 
 .text.usb_lld_init_endpoint
                0x000000000800d3c0      0x164 build/obj/usb_lld.o
                0x000000000800d3c0                usb_lld_init_endpoint
 *fill*         0x000000000800d524        0xc 
 .text.usb_lld_get_status_out
                0x000000000800d530       0x1c build/obj/usb_lld.o
                0x000000000800d530                usb_lld_get_status_out
 *fill*         0x000000000800d54c        0x4 
 .text.usb_lld_get_status_in
                0x000000000800d550       0x1c build/obj/usb_lld.o
                0x000000000800d550                usb_lld_get_status_in
 *fill*         0x000000000800d56c        0x4 
 .text.usb_lld_read_setup
                0x000000000800d570       0x14 build/obj/usb_lld.o
                0x000000000800d570                usb_lld_read_setup
 *fill*         0x000000000800d584        0xc 
 .text.usb_lld_start_out
                0x000000000800d590       0x84 build/obj/usb_lld.o
                0x000000000800d590                usb_lld_start_out
 *fill*         0x000000000800d614        0xc 
 .text.otg_epout_handler.constprop.9
                0x000000000800d620       0x9c build/obj/usb_lld.o
 *fill*         0x000000000800d6bc        0x4 
 .text.usb_lld_start_in
                0x000000000800d6c0       0xac build/obj/usb_lld.o
                0x000000000800d6c0                usb_lld_start_in
 *fill*         0x000000000800d76c        0x4 
 .text.otg_epin_handler.constprop.10
                0x000000000800d770       0xb4 build/obj/usb_lld.o
 *fill*         0x000000000800d824        0xc 
 .text.Vector14C
                0x000000000800d830      0x264 build/obj/usb_lld.o
                0x000000000800d830                Vector14C
 *fill*         0x000000000800da94        0xc 
 .text.usb_lld_stall_out
                0x000000000800daa0       0x14 build/obj/usb_lld.o
                0x000000000800daa0                usb_lld_stall_out
 *fill*         0x000000000800dab4        0xc 
 .text.usb_lld_stall_in
                0x000000000800dac0       0x14 build/obj/usb_lld.o
                0x000000000800dac0                usb_lld_stall_in
 *fill*         0x000000000800dad4        0xc 
 .text.usb_lld_clear_out
                0x000000000800dae0       0x14 build/obj/usb_lld.o
                0x000000000800dae0                usb_lld_clear_out
 *fill*         0x000000000800daf4        0xc 
 .text.usb_lld_clear_in
                0x000000000800db00       0x14 build/obj/usb_lld.o
                0x000000000800db00                usb_lld_clear_in
 *fill*         0x000000000800db14        0xc 
 .text.spi_lld_init
                0x000000000800db20       0x44 build/obj/spi_lld.o
                0x000000000800db20                spi_lld_init
 *fill*         0x000000000800db64        0xc 
 .text.pwm_lld_init
                0x000000000800db70       0x1c build/obj/pwm_lld.o
                0x000000000800db70                pwm_lld_init
 *fill*         0x000000000800db8c        0x4 
 .text.pwm_lld_serve_interrupt
                0x000000000800db90       0x5c build/obj/pwm_lld.o
                0x000000000800db90                pwm_lld_serve_interrupt
 *fill*         0x000000000800dbec        0x4 
 .text.Vector108
                0x000000000800dbf0       0x14 build/obj/pwm_lld.o
                0x000000000800dbf0                Vector108
 *fill*         0x000000000800dc04        0xc 
 .text.__early_init
                0x000000000800dc10        0x4 build/obj/board.o
                0x000000000800dc10                __early_init
 *fill*         0x000000000800dc14        0xc 
 .text.boardInit
                0x000000000800dc20        0x4 build/obj/board.o
                0x000000000800dc20                boardInit
 *fill*         0x000000000800dc24        0xc 
 .text.ch_ltoa  0x000000000800dc30       0x44 build/obj/chprintf.o
 *fill*         0x000000000800dc74        0xc 
 .text.chvprintf
                0x000000000800dc80      0x4f0 build/obj/chprintf.o
                0x000000000800dc80                chvprintf
 .text.chprintf
                0x000000000800e170       0x1c build/obj/chprintf.o
                0x000000000800e170                chprintf
 *fill*         0x000000000800e18c        0x4 
 .text._read_r  0x000000000800e190        0xc build/obj/syscalls.o
                0x000000000800e190                _read_r
 *fill*         0x000000000800e19c        0x4 
 .text._lseek_r
                0x000000000800e1a0        0x4 build/obj/syscalls.o
                0x000000000800e1a0                _lseek_r
 *fill*         0x000000000800e1a4        0xc 
 .text._write_r
                0x000000000800e1b0        0x4 build/obj/syscalls.o
                0x000000000800e1b0                _write_r
 *fill*         0x000000000800e1b4        0xc 
 .text._close_r
                0x000000000800e1c0        0x4 build/obj/syscalls.o
                0x000000000800e1c0                _close_r
 *fill*         0x000000000800e1c4        0xc 
 .text._sbrk_r  0x000000000800e1d0       0x18 build/obj/syscalls.o
                0x000000000800e1d0                _sbrk_r
 *fill*         0x000000000800e1e8        0x8 
 .text._fstat_r
                0x000000000800e1f0       0x18 build/obj/syscalls.o
                0x000000000800e1f0                _fstat_r
 *fill*         0x000000000800e208        0x8 
 .text._isatty_r
                0x000000000800e210        0x4 build/obj/syscalls.o
                0x000000000800e210                _isatty_r
 *fill*         0x000000000800e214        0xc 
 .text.DMA_DeInit
                0x000000000800e220      0x130 build/obj/stm32f4xx_dma.o
                0x000000000800e220                DMA_DeInit
 .text.DMA_Init
                0x000000000800e350       0x58 build/obj/stm32f4xx_dma.o
                0x000000000800e350                DMA_Init
 *fill*         0x000000000800e3a8        0x8 
 .text.DMA_Cmd  0x000000000800e3b0       0x14 build/obj/stm32f4xx_dma.o
                0x000000000800e3b0                DMA_Cmd
 *fill*         0x000000000800e3c4        0xc 
 .text.RCC_AHB1PeriphClockCmd
                0x000000000800e3d0       0x1c build/obj/stm32f4xx_rcc.o
                0x000000000800e3d0                RCC_AHB1PeriphClockCmd
 *fill*         0x000000000800e3ec        0x4 
 .text.RCC_APB1PeriphClockCmd
                0x000000000800e3f0       0x1c build/obj/stm32f4xx_rcc.o
                0x000000000800e3f0                RCC_APB1PeriphClockCmd
 *fill*         0x000000000800e40c        0x4 
 .text.TIM_TimeBaseInit
                0x000000000800e410       0x98 build/obj/stm32f4xx_tim.o
                0x000000000800e410                TIM_TimeBaseInit
 *fill*         0x000000000800e4a8        0x8 
 .text.TIM_Cmd  0x000000000800e4b0       0x18 build/obj/stm32f4xx_tim.o
                0x000000000800e4b0                TIM_Cmd
 *fill*         0x000000000800e4c8        0x8 
 .text.TIM_OC3Init
                0x000000000800e4d0       0x84 build/obj/stm32f4xx_tim.o
                0x000000000800e4d0                TIM_OC3Init
 *fill*         0x000000000800e554        0xc 
 .text.TIM_OC3PreloadConfig
                0x000000000800e560       0x10 build/obj/stm32f4xx_tim.o
                0x000000000800e560                TIM_OC3PreloadConfig
 .text.TIM_CtrlPWMOutputs
                0x000000000800e570       0x14 build/obj/stm32f4xx_tim.o
                0x000000000800e570                TIM_CtrlPWMOutputs
 *fill*         0x000000000800e584        0xc 
 .text.TIM_DMACmd
                0x000000000800e590       0x18 build/obj/stm32f4xx_tim.o
                0x000000000800e590                TIM_DMACmd
 *fill*         0x000000000800e5a8        0x8 
 .text.startup.main
                0x000000000800e5b0       0x78 build/obj/main.o
                0x000000000800e5b0                main
 *fill*         0x000000000800e628        0x8 
 .text._ZL14get_descriptorP9USBDriverhht
                0x000000000800e630       0x30 build/obj/comm_usb.o
 .text._ZL11sof_handlerP9USBDriver
                0x000000000800e660       0x1c build/obj/comm_usb.o
 *fill*         0x000000000800e67c        0x4 
 .text._ZL9usb_eventP9USBDriver10usbevent_t
                0x000000000800e680       0x58 build/obj/comm_usb.o
 *fill*         0x000000000800e6d8        0x8 
 .text._Z20comm_usb_serial_initv
                0x000000000800e6e0       0x6c build/obj/comm_usb.o
                0x000000000800e6e0                comm_usb_serial_init()
 *fill*         0x000000000800e74c        0x4 
 .text._Z25comm_usb_serial_is_activev
                0x000000000800e750       0x1c build/obj/comm_usb.o
                0x000000000800e750                comm_usb_serial_is_active()
 *fill*         0x000000000800e76c        0x4 
 .text._ZN7WS2812BC2Ev
                0x000000000800e770      0x1b0 build/obj/ws2812b.o
                0x000000000800e770                WS2812B::WS2812B()
                0x000000000800e770                WS2812B::WS2812B()
 .text._Znwj    0x000000000800e920       0x3c /opt/homebrew-cask/Caskroom/gcc-arm-embedded/5_2-2015q4,20151219/gcc-arm-none-eabi-5_2-2015q4/bin/../lib/gcc/arm-none-eabi/5.2.1/../../../../arm-none-eabi/lib/armv7e-m/fpu/libstdc++.a(new_op.o)
                0x000000000800e920                operator new(unsigned int)
 *fill*         0x000000000800e95c        0x4 
 .text._ZNKSt9bad_alloc4whatEv
                0x000000000800e960        0x8 /opt/homebrew-cask/Caskroom/gcc-arm-embedded/5_2-2015q4,20151219/gcc-arm-none-eabi-5_2-2015q4/bin/../lib/gcc/arm-none-eabi/5.2.1/../../../../arm-none-eabi/lib/armv7e-m/fpu/libstdc++.a(bad_alloc.o)
                0x000000000800e960                std::bad_alloc::what() const
 *fill*         0x000000000800e968        0x8 
 .text._ZNSt9bad_allocD2Ev
                0x000000000800e970       0x14 /opt/homebrew-cask/Caskroom/gcc-arm-embedded/5_2-2015q4,20151219/gcc-arm-none-eabi-5_2-2015q4/bin/../lib/gcc/arm-none-eabi/5.2.1/../../../../arm-none-eabi/lib/armv7e-m/fpu/libstdc++.a(bad_alloc.o)
                0x000000000800e970                std::bad_alloc::~bad_alloc()
                0x000000000800e970                std::bad_alloc::~bad_alloc()
 *fill*         0x000000000800e984        0xc 
 .text._ZNSt9bad_allocD0Ev
                0x000000000800e990       0x1c /opt/homebrew-cask/Caskroom/gcc-arm-embedded/5_2-2015q4,20151219/gcc-arm-none-eabi-5_2-2015q4/bin/../lib/gcc/arm-none-eabi/5.2.1/../../../../arm-none-eabi/lib/armv7e-m/fpu/libstdc++.a(bad_alloc.o)
                0x000000000800e990                std::bad_alloc::~bad_alloc()
 *fill*         0x000000000800e9ac        0x4 
 .text._ZdlPv   0x000000000800e9b0        0x4 /opt/homebrew-cask/Caskroom/gcc-arm-embedded/5_2-2015q4,20151219/gcc-arm-none-eabi-5_2-2015q4/bin/../lib/gcc/arm-none-eabi/5.2.1/../../../../arm-none-eabi/lib/armv7e-m/fpu/libstdc++.a(del_op.o)
                0x000000000800e9b0                operator delete(void*)
 *fill*         0x000000000800e9b4        0xc 
 .text._ZN12_GLOBAL__N_14pool4freeEPv.constprop.4
                0x000000000800e9c0       0x74 /opt/homebrew-cask/Caskroom/gcc-arm-embedded/5_2-2015q4,20151219/gcc-arm-none-eabi-5_2-2015q4/bin/../lib/gcc/arm-none-eabi/5.2.1/../../../../arm-none-eabi/lib/armv7e-m/fpu/libstdc++.a(eh_alloc.o)
 *fill*         0x000000000800ea34        0xc 
 .text._ZN12_GLOBAL__N_14pool8allocateEj.constprop.5
                0x000000000800ea40       0x64 /opt/homebrew-cask/Caskroom/gcc-arm-embedded/5_2-2015q4,20151219/gcc-arm-none-eabi-5_2-2015q4/bin/../lib/gcc/arm-none-eabi/5.2.1/../../../../arm-none-eabi/lib/armv7e-m/fpu/libstdc++.a(eh_alloc.o)
 *fill*         0x000000000800eaa4        0xc 
 .text.__cxa_allocate_exception
                0x000000000800eab0       0x30 /opt/homebrew-cask/Caskroom/gcc-arm-embedded/5_2-2015q4,20151219/gcc-arm-none-eabi-5_2-2015q4/bin/../lib/gcc/arm-none-eabi/5.2.1/../../../../arm-none-eabi/lib/armv7e-m/fpu/libstdc++.a(eh_alloc.o)
                0x000000000800eab0                __cxa_allocate_exception
 .text.__cxa_free_exception
                0x000000000800eae0       0x20 /opt/homebrew-cask/Caskroom/gcc-arm-embedded/5_2-2015q4,20151219/gcc-arm-none-eabi-5_2-2015q4/bin/../lib/gcc/arm-none-eabi/5.2.1/../../../../arm-none-eabi/lib/armv7e-m/fpu/libstdc++.a(eh_alloc.o)
                0x000000000800eae0                __cxa_free_exception
 .text.startup._GLOBAL__sub_I___cxa_allocate_exception
                0x000000000800eb00       0x28 /opt/homebrew-cask/Caskroom/gcc-arm-embedded/5_2-2015q4,20151219/gcc-arm-none-eabi-5_2-2015q4/bin/../lib/gcc/arm-none-eabi/5.2.1/../../../../arm-none-eabi/lib/armv7e-m/fpu/libstdc++.a(eh_alloc.o)
 *fill*         0x000000000800eb28        0x8 
 .text._ZNSt9exceptionD2Ev
                0x000000000800eb30        0x4 /opt/homebrew-cask/Caskroom/gcc-arm-embedded/5_2-2015q4,20151219/gcc-arm-none-eabi-5_2-2015q4/bin/../lib/gcc/arm-none-eabi/5.2.1/../../../../arm-none-eabi/lib/armv7e-m/fpu/libstdc++.a(eh_exception.o)
                0x000000000800eb30                std::exception::~exception()
                0x000000000800eb30                std::exception::~exception()
 *fill*         0x000000000800eb34        0xc 
 .text._ZNSt13bad_exceptionD2Ev
                0x000000000800eb40        0x4 /opt/homebrew-cask/Caskroom/gcc-arm-embedded/5_2-2015q4,20151219/gcc-arm-none-eabi-5_2-2015q4/bin/../lib/gcc/arm-none-eabi/5.2.1/../../../../arm-none-eabi/lib/armv7e-m/fpu/libstdc++.a(eh_exception.o)
                0x000000000800eb40                std::bad_exception::~bad_exception()
                0x000000000800eb40                std::bad_exception::~bad_exception()
 *fill*         0x000000000800eb44        0xc 
 .text._ZNKSt13bad_exception4whatEv
                0x000000000800eb50        0x8 /opt/homebrew-cask/Caskroom/gcc-arm-embedded/5_2-2015q4,20151219/gcc-arm-none-eabi-5_2-2015q4/bin/../lib/gcc/arm-none-eabi/5.2.1/../../../../arm-none-eabi/lib/armv7e-m/fpu/libstdc++.a(eh_exception.o)
                0x000000000800eb50                std::bad_exception::what() const
 *fill*         0x000000000800eb58        0x8 
 .text._ZNSt13bad_exceptionD0Ev
                0x000000000800eb60        0xc /opt/homebrew-cask/Caskroom/gcc-arm-embedded/5_2-2015q4,20151219/gcc-arm-none-eabi-5_2-2015q4/bin/../lib/gcc/arm-none-eabi/5.2.1/../../../../arm-none-eabi/lib/armv7e-m/fpu/libstdc++.a(eh_exception.o)
                0x000000000800eb60                std::bad_exception::~bad_exception()
 *fill*         0x000000000800eb6c        0x4 
 .text._ZN10__cxxabiv111__terminateEPFvvE
                0x000000000800eb70       0x28 /opt/homebrew-cask/Caskroom/gcc-arm-embedded/5_2-2015q4,20151219/gcc-arm-none-eabi-5_2-2015q4/bin/../lib/gcc/arm-none-eabi/5.2.1/../../../../arm-none-eabi/lib/armv7e-m/fpu/libstdc++.a(eh_terminate.o)
                0x000000000800eb70                __cxxabiv1::__terminate(void (*)())
 *fill*         0x000000000800eb98        0x8 
 .text._ZSt9terminatev
                0x000000000800eba0       0x14 /opt/homebrew-cask/Caskroom/gcc-arm-embedded/5_2-2015q4,20151219/gcc-arm-none-eabi-5_2-2015q4/bin/../lib/gcc/arm-none-eabi/5.2.1/../../../../arm-none-eabi/lib/armv7e-m/fpu/libstdc++.a(eh_terminate.o)
                0x000000000800eba0                std::terminate()
 *fill*         0x000000000800ebb4        0xc 
 .text._ZN10__cxxabiv112__unexpectedEPFvvE
                0x000000000800ebc0        0x8 /opt/homebrew-cask/Caskroom/gcc-arm-embedded/5_2-2015q4,20151219/gcc-arm-none-eabi-5_2-2015q4/bin/../lib/gcc/arm-none-eabi/5.2.1/../../../../arm-none-eabi/lib/armv7e-m/fpu/libstdc++.a(eh_terminate.o)
                0x000000000800ebc0                __cxxabiv1::__unexpected(void (*)())
 *fill*         0x000000000800ebc8        0x8 
 .text._ZSt10unexpectedv
                0x000000000800ebd0       0x14 /opt/homebrew-cask/Caskroom/gcc-arm-embedded/5_2-2015q4,20151219/gcc-arm-none-eabi-5_2-2015q4/bin/../lib/gcc/arm-none-eabi/5.2.1/../../../../arm-none-eabi/lib/armv7e-m/fpu/libstdc++.a(eh_terminate.o)
                0x000000000800ebd0                std::unexpected()
 *fill*         0x000000000800ebe4        0xc 
 .text._ZSt13get_terminatev
                0x000000000800ebf0       0x10 /opt/homebrew-cask/Caskroom/gcc-arm-embedded/5_2-2015q4,20151219/gcc-arm-none-eabi-5_2-2015q4/bin/../lib/gcc/arm-none-eabi/5.2.1/../../../../arm-none-eabi/lib/armv7e-m/fpu/libstdc++.a(eh_terminate.o)
                0x000000000800ebf0                std::get_terminate()
 .text._ZSt14get_unexpectedv
                0x000000000800ec00       0x10 /opt/homebrew-cask/Caskroom/gcc-arm-embedded/5_2-2015q4,20151219/gcc-arm-none-eabi-5_2-2015q4/bin/../lib/gcc/arm-none-eabi/5.2.1/../../../../arm-none-eabi/lib/armv7e-m/fpu/libstdc++.a(eh_terminate.o)
                0x000000000800ec00                std::get_unexpected()
 .text._ZL23__gxx_exception_cleanup19_Unwind_Reason_CodeP21_Unwind_Control_Block
                0x000000000800ec10       0x44 /opt/homebrew-cask/Caskroom/gcc-arm-embedded/5_2-2015q4,20151219/gcc-arm-none-eabi-5_2-2015q4/bin/../lib/gcc/arm-none-eabi/5.2.1/../../../../arm-none-eabi/lib/armv7e-m/fpu/libstdc++.a(eh_throw.o)
 *fill*         0x000000000800ec54        0xc 
 .text.__cxa_throw
                0x000000000800ec60       0x7c /opt/homebrew-cask/Caskroom/gcc-arm-embedded/5_2-2015q4,20151219/gcc-arm-none-eabi-5_2-2015q4/bin/../lib/gcc/arm-none-eabi/5.2.1/../../../../arm-none-eabi/lib/armv7e-m/fpu/libstdc++.a(eh_throw.o)
                0x000000000800ec60                __cxa_throw
 *fill*         0x000000000800ecdc        0x4 
 .text.__cxa_rethrow
                0x000000000800ece0       0x70 /opt/homebrew-cask/Caskroom/gcc-arm-embedded/5_2-2015q4,20151219/gcc-arm-none-eabi-5_2-2015q4/bin/../lib/gcc/arm-none-eabi/5.2.1/../../../../arm-none-eabi/lib/armv7e-m/fpu/libstdc++.a(eh_throw.o)
                0x000000000800ece0                __cxa_rethrow
 .text._ZSt15get_new_handlerv
                0x000000000800ed50       0x10 /opt/homebrew-cask/Caskroom/gcc-arm-embedded/5_2-2015q4,20151219/gcc-arm-none-eabi-5_2-2015q4/bin/../lib/gcc/arm-none-eabi/5.2.1/../../../../arm-none-eabi/lib/armv7e-m/fpu/libstdc++.a(new_handler.o)
                0x000000000800ed50                std::get_new_handler()
 .text._ZN10__cxxabiv120__si_class_type_infoD2Ev
                0x000000000800ed60       0x14 /opt/homebrew-cask/Caskroom/gcc-arm-embedded/5_2-2015q4,20151219/gcc-arm-none-eabi-5_2-2015q4/bin/../lib/gcc/arm-none-eabi/5.2.1/../../../../arm-none-eabi/lib/armv7e-m/fpu/libstdc++.a(si_class_type_info.o)
                0x000000000800ed60                __cxxabiv1::__si_class_type_info::~__si_class_type_info()
                0x000000000800ed60                __cxxabiv1::__si_class_type_info::~__si_class_type_info()
 *fill*         0x000000000800ed74        0xc 
 .text._ZN10__cxxabiv120__si_class_type_infoD0Ev
                0x000000000800ed80       0x1c /opt/homebrew-cask/Caskroom/gcc-arm-embedded/5_2-2015q4,20151219/gcc-arm-none-eabi-5_2-2015q4/bin/../lib/gcc/arm-none-eabi/5.2.1/../../../../arm-none-eabi/lib/armv7e-m/fpu/libstdc++.a(si_class_type_info.o)
                0x000000000800ed80                __cxxabiv1::__si_class_type_info::~__si_class_type_info()
 *fill*         0x000000000800ed9c        0x4 
 .text._ZNK10__cxxabiv120__si_class_type_info12__do_dyncastEiNS_17__class_type_info10__sub_kindEPKS1_PKvS4_S6_RNS1_16__dyncast_resultE
                0x000000000800eda0       0x90 /opt/homebrew-cask/Caskroom/gcc-arm-embedded/5_2-2015q4,20151219/gcc-arm-none-eabi-5_2-2015q4/bin/../lib/gcc/arm-none-eabi/5.2.1/../../../../arm-none-eabi/lib/armv7e-m/fpu/libstdc++.a(si_class_type_info.o)
                0x000000000800eda0                __cxxabiv1::__si_class_type_info::__do_dyncast(int, __cxxabiv1::__class_type_info::__sub_kind, __cxxabiv1::__class_type_info const*, void const*, __cxxabiv1::__class_type_info const*, void const*, __cxxabiv1::__class_type_info::__dyncast_result&) const
 .text._ZNK10__cxxabiv120__si_class_type_info20__do_find_public_srcEiPKvPKNS_17__class_type_infoES2_
                0x000000000800ee30       0x3c /opt/homebrew-cask/Caskroom/gcc-arm-embedded/5_2-2015q4,20151219/gcc-arm-none-eabi-5_2-2015q4/bin/../lib/gcc/arm-none-eabi/5.2.1/../../../../arm-none-eabi/lib/armv7e-m/fpu/libstdc++.a(si_class_type_info.o)
                0x000000000800ee30                __cxxabiv1::__si_class_type_info::__do_find_public_src(int, void const*, __cxxabiv1::__class_type_info const*, void const*) const
 *fill*         0x000000000800ee6c        0x4 
 .text._ZNK10__cxxabiv120__si_class_type_info11__do_upcastEPKNS_17__class_type_infoEPKvRNS1_15__upcast_resultE
                0x000000000800ee70       0x2c /opt/homebrew-cask/Caskroom/gcc-arm-embedded/5_2-2015q4,20151219/gcc-arm-none-eabi-5_2-2015q4/bin/../lib/gcc/arm-none-eabi/5.2.1/../../../../arm-none-eabi/lib/armv7e-m/fpu/libstdc++.a(si_class_type_info.o)
                0x000000000800ee70                __cxxabiv1::__si_class_type_info::__do_upcast(__cxxabiv1::__class_type_info const*, void const*, __cxxabiv1::__class_type_info::__upcast_result&) const
 *fill*         0x000000000800ee9c        0x4 
 .text._ZNSt9type_infoD2Ev
                0x000000000800eea0        0x4 /opt/homebrew-cask/Caskroom/gcc-arm-embedded/5_2-2015q4,20151219/gcc-arm-none-eabi-5_2-2015q4/bin/../lib/gcc/arm-none-eabi/5.2.1/../../../../arm-none-eabi/lib/armv7e-m/fpu/libstdc++.a(tinfo.o)
                0x000000000800eea0                std::type_info::~type_info()
                0x000000000800eea0                std::type_info::~type_info()
 *fill*         0x000000000800eea4        0xc 
 .text._ZNKSt9type_info15__is_function_pEv
                0x000000000800eeb0        0x4 /opt/homebrew-cask/Caskroom/gcc-arm-embedded/5_2-2015q4,20151219/gcc-arm-none-eabi-5_2-2015q4/bin/../lib/gcc/arm-none-eabi/5.2.1/../../../../arm-none-eabi/lib/armv7e-m/fpu/libstdc++.a(tinfo.o)
                0x000000000800eeb0                std::type_info::__is_function_p() const
                0x000000000800eeb0                std::type_info::__is_pointer_p() const
 *fill*         0x000000000800eeb4        0xc 
 .text._ZNKSt9type_infoeqERKS_
                0x000000000800eec0       0x2c /opt/homebrew-cask/Caskroom/gcc-arm-embedded/5_2-2015q4,20151219/gcc-arm-none-eabi-5_2-2015q4/bin/../lib/gcc/arm-none-eabi/5.2.1/../../../../arm-none-eabi/lib/armv7e-m/fpu/libstdc++.a(tinfo.o)
                0x000000000800eec0                std::type_info::operator==(std::type_info const&) const
 *fill*         0x000000000800eeec        0x4 
 .text._ZNK10__cxxabiv117__class_type_info11__do_upcastEPKS0_PPv
                0x000000000800eef0       0x38 /opt/homebrew-cask/Caskroom/gcc-arm-embedded/5_2-2015q4,20151219/gcc-arm-none-eabi-5_2-2015q4/bin/../lib/gcc/arm-none-eabi/5.2.1/../../../../arm-none-eabi/lib/armv7e-m/fpu/libstdc++.a(class_type_info.o)
                0x000000000800eef0                __cxxabiv1::__class_type_info::__do_upcast(__cxxabiv1::__class_type_info const*, void**) const
 *fill*         0x000000000800ef28        0x8 
 .text._ZNK10__cxxabiv117__class_type_info20__do_find_public_srcEiPKvPKS0_S2_
                0x000000000800ef30        0xc /opt/homebrew-cask/Caskroom/gcc-arm-embedded/5_2-2015q4,20151219/gcc-arm-none-eabi-5_2-2015q4/bin/../lib/gcc/arm-none-eabi/5.2.1/../../../../arm-none-eabi/lib/armv7e-m/fpu/libstdc++.a(class_type_info.o)
                0x000000000800ef30                __cxxabiv1::__class_type_info::__do_find_public_src(int, void const*, __cxxabiv1::__class_type_info const*, void const*) const
 *fill*         0x000000000800ef3c        0x4 
 .text._ZN10__cxxabiv117__class_type_infoD2Ev
                0x000000000800ef40       0x14 /opt/homebrew-cask/Caskroom/gcc-arm-embedded/5_2-2015q4,20151219/gcc-arm-none-eabi-5_2-2015q4/bin/../lib/gcc/arm-none-eabi/5.2.1/../../../../arm-none-eabi/lib/armv7e-m/fpu/libstdc++.a(class_type_info.o)
                0x000000000800ef40                __cxxabiv1::__class_type_info::~__class_type_info()
                0x000000000800ef40                __cxxabiv1::__class_type_info::~__class_type_info()
 *fill*         0x000000000800ef54        0xc 
 .text._ZN10__cxxabiv117__class_type_infoD0Ev
                0x000000000800ef60       0x1c /opt/homebrew-cask/Caskroom/gcc-arm-embedded/5_2-2015q4,20151219/gcc-arm-none-eabi-5_2-2015q4/bin/../lib/gcc/arm-none-eabi/5.2.1/../../../../arm-none-eabi/lib/armv7e-m/fpu/libstdc++.a(class_type_info.o)
                0x000000000800ef60                __cxxabiv1::__class_type_info::~__class_type_info()
 *fill*         0x000000000800ef7c        0x4 
 .text._ZNK10__cxxabiv117__class_type_info11__do_upcastEPKS0_PKvRNS0_15__upcast_resultE
                0x000000000800ef80       0x18 /opt/homebrew-cask/Caskroom/gcc-arm-embedded/5_2-2015q4,20151219/gcc-arm-none-eabi-5_2-2015q4/bin/../lib/gcc/arm-none-eabi/5.2.1/../../../../arm-none-eabi/lib/armv7e-m/fpu/libstdc++.a(class_type_info.o)
                0x000000000800ef80                __cxxabiv1::__class_type_info::__do_upcast(__cxxabiv1::__class_type_info const*, void const*, __cxxabiv1::__class_type_info::__upcast_result&) const
 *fill*         0x000000000800ef98        0x8 
 .text._ZNK10__cxxabiv117__class_type_info12__do_dyncastEiNS0_10__sub_kindEPKS0_PKvS3_S5_RNS0_16__dyncast_resultE
                0x000000000800efa0       0x40 /opt/homebrew-cask/Caskroom/gcc-arm-embedded/5_2-2015q4,20151219/gcc-arm-none-eabi-5_2-2015q4/bin/../lib/gcc/arm-none-eabi/5.2.1/../../../../arm-none-eabi/lib/armv7e-m/fpu/libstdc++.a(class_type_info.o)
                0x000000000800efa0                __cxxabiv1::__class_type_info::__do_dyncast(int, __cxxabiv1::__class_type_info::__sub_kind, __cxxabiv1::__class_type_info const*, void const*, __cxxabiv1::__class_type_info const*, void const*, __cxxabiv1::__class_type_info::__dyncast_result&) const
 .text._ZNK10__cxxabiv117__class_type_info10__do_catchEPKSt9type_infoPPvj
                0x000000000800efe0       0x2c /opt/homebrew-cask/Caskroom/gcc-arm-embedded/5_2-2015q4,20151219/gcc-arm-none-eabi-5_2-2015q4/bin/../lib/gcc/arm-none-eabi/5.2.1/../../../../arm-none-eabi/lib/armv7e-m/fpu/libstdc++.a(class_type_info.o)
                0x000000000800efe0                __cxxabiv1::__class_type_info::__do_catch(std::type_info const*, void**, unsigned int) const
 *fill*         0x000000000800f00c        0x4 
 .text.__cxa_end_cleanup
                0x000000000800f010        0xc /opt/homebrew-cask/Caskroom/gcc-arm-embedded/5_2-2015q4,20151219/gcc-arm-none-eabi-5_2-2015q4/bin/../lib/gcc/arm-none-eabi/5.2.1/../../../../arm-none-eabi/lib/armv7e-m/fpu/libstdc++.a(eh_arm.o)
                0x000000000800f010                __cxa_end_cleanup
 *fill*         0x000000000800f01c        0x4 
 .text.__cxa_type_match
                0x000000000800f020       0xb0 /opt/homebrew-cask/Caskroom/gcc-arm-embedded/5_2-2015q4,20151219/gcc-arm-none-eabi-5_2-2015q4/bin/../lib/gcc/arm-none-eabi/5.2.1/../../../../arm-none-eabi/lib/armv7e-m/fpu/libstdc++.a(eh_arm.o)
                0x000000000800f020                __cxa_type_match
 .text.__cxa_begin_cleanup
                0x000000000800f0d0       0x64 /opt/homebrew-cask/Caskroom/gcc-arm-embedded/5_2-2015q4,20151219/gcc-arm-none-eabi-5_2-2015q4/bin/../lib/gcc/arm-none-eabi/5.2.1/../../../../arm-none-eabi/lib/armv7e-m/fpu/libstdc++.a(eh_arm.o)
                0x000000000800f0d0                __cxa_begin_cleanup
 *fill*         0x000000000800f134        0xc 
 .text.__gnu_end_cleanup
                0x000000000800f140       0x70 /opt/homebrew-cask/Caskroom/gcc-arm-embedded/5_2-2015q4,20151219/gcc-arm-none-eabi-5_2-2015q4/bin/../lib/gcc/arm-none-eabi/5.2.1/../../../../arm-none-eabi/lib/armv7e-m/fpu/libstdc++.a(eh_arm.o)
                0x000000000800f140                __gnu_end_cleanup
 .text._ZN10__cxxabiv1L24__is_gxx_exception_classEPc
                0x000000000800f1b0       0x3c /opt/homebrew-cask/Caskroom/gcc-arm-embedded/5_2-2015q4,20151219/gcc-arm-none-eabi-5_2-2015q4/bin/../lib/gcc/arm-none-eabi/5.2.1/../../../../arm-none-eabi/lib/armv7e-m/fpu/libstdc++.a(eh_call.o)
 *fill*         0x000000000800f1ec        0x4 
 .text.__cxa_call_terminate
                0x000000000800f1f0       0x20 /opt/homebrew-cask/Caskroom/gcc-arm-embedded/5_2-2015q4,20151219/gcc-arm-none-eabi-5_2-2015q4/bin/../lib/gcc/arm-none-eabi/5.2.1/../../../../arm-none-eabi/lib/armv7e-m/fpu/libstdc++.a(eh_call.o)
                0x000000000800f1f0                __cxa_call_terminate
 .text.__cxa_call_unexpected
                0x000000000800f210       0xe8 /opt/homebrew-cask/Caskroom/gcc-arm-embedded/5_2-2015q4,20151219/gcc-arm-none-eabi-5_2-2015q4/bin/../lib/gcc/arm-none-eabi/5.2.1/../../../../arm-none-eabi/lib/armv7e-m/fpu/libstdc++.a(eh_call.o)
                0x000000000800f210                __cxa_call_unexpected
 *fill*         0x000000000800f2f8        0x8 
 .text.__cxa_begin_catch
                0x000000000800f300       0x8c /opt/homebrew-cask/Caskroom/gcc-arm-embedded/5_2-2015q4,20151219/gcc-arm-none-eabi-5_2-2015q4/bin/../lib/gcc/arm-none-eabi/5.2.1/../../../../arm-none-eabi/lib/armv7e-m/fpu/libstdc++.a(eh_catch.o)
                0x000000000800f300                __cxa_begin_catch
 *fill*         0x000000000800f38c        0x4 
 .text.__cxa_end_catch
                0x000000000800f390       0x8c /opt/homebrew-cask/Caskroom/gcc-arm-embedded/5_2-2015q4,20151219/gcc-arm-none-eabi-5_2-2015q4/bin/../lib/gcc/arm-none-eabi/5.2.1/../../../../arm-none-eabi/lib/armv7e-m/fpu/libstdc++.a(eh_catch.o)
                0x000000000800f390                __cxa_end_catch
 *fill*         0x000000000800f41c        0x4 
 .text.__cxa_get_globals_fast
                0x000000000800f420        0x8 /opt/homebrew-cask/Caskroom/gcc-arm-embedded/5_2-2015q4,20151219/gcc-arm-none-eabi-5_2-2015q4/bin/../lib/gcc/arm-none-eabi/5.2.1/../../../../arm-none-eabi/lib/armv7e-m/fpu/libstdc++.a(eh_globals.o)
                0x000000000800f420                __cxa_get_globals_fast
 *fill*         0x000000000800f428        0x8 
 .text.__cxa_get_globals
                0x000000000800f430        0x8 /opt/homebrew-cask/Caskroom/gcc-arm-embedded/5_2-2015q4,20151219/gcc-arm-none-eabi-5_2-2015q4/bin/../lib/gcc/arm-none-eabi/5.2.1/../../../../arm-none-eabi/lib/armv7e-m/fpu/libstdc++.a(eh_globals.o)
                0x000000000800f430                __cxa_get_globals
 *fill*         0x000000000800f438        0x8 
 .text._ZL28read_encoded_value_with_basehjPKhPj
                0x000000000800f440       0xc0 /opt/homebrew-cask/Caskroom/gcc-arm-embedded/5_2-2015q4,20151219/gcc-arm-none-eabi-5_2-2015q4/bin/../lib/gcc/arm-none-eabi/5.2.1/../../../../arm-none-eabi/lib/armv7e-m/fpu/libstdc++.a(eh_personality.o)
 .text._ZL21base_of_encoded_valuehP15_Unwind_Context
                0x000000000800f500       0x4c /opt/homebrew-cask/Caskroom/gcc-arm-embedded/5_2-2015q4,20151219/gcc-arm-none-eabi-5_2-2015q4/bin/../lib/gcc/arm-none-eabi/5.2.1/../../../../arm-none-eabi/lib/armv7e-m/fpu/libstdc++.a(eh_personality.o)
 *fill*         0x000000000800f54c        0x4 
 .text._ZL17parse_lsda_headerP15_Unwind_ContextPKhP16lsda_header_info
                0x000000000800f550       0x98 /opt/homebrew-cask/Caskroom/gcc-arm-embedded/5_2-2015q4,20151219/gcc-arm-none-eabi-5_2-2015q4/bin/../lib/gcc/arm-none-eabi/5.2.1/../../../../arm-none-eabi/lib/armv7e-m/fpu/libstdc++.a(eh_personality.o)
 *fill*         0x000000000800f5e8        0x8 
 .text.__gxx_personality_v0
                0x000000000800f5f0      0x4b4 /opt/homebrew-cask/Caskroom/gcc-arm-embedded/5_2-2015q4,20151219/gcc-arm-none-eabi-5_2-2015q4/bin/../lib/gcc/arm-none-eabi/5.2.1/../../../../arm-none-eabi/lib/armv7e-m/fpu/libstdc++.a(eh_personality.o)
                0x000000000800f5f0                __gxx_personality_v0
 *fill*         0x000000000800faa4        0xc 
 .text._ZN9__gnu_cxx27__verbose_terminate_handlerEv
                0x000000000800fab0      0x114 /opt/homebrew-cask/Caskroom/gcc-arm-embedded/5_2-2015q4,20151219/gcc-arm-none-eabi-5_2-2015q4/bin/../lib/gcc/arm-none-eabi/5.2.1/../../../../arm-none-eabi/lib/armv7e-m/fpu/libstdc++.a(vterminate.o)
                0x000000000800fab0                __gnu_cxx::__verbose_terminate_handler()
 *fill*         0x000000000800fbc4        0xc 
 .text.__cxa_current_exception_type
                0x000000000800fbd0       0x1c /opt/homebrew-cask/Caskroom/gcc-arm-embedded/5_2-2015q4,20151219/gcc-arm-none-eabi-5_2-2015q4/bin/../lib/gcc/arm-none-eabi/5.2.1/../../../../arm-none-eabi/lib/armv7e-m/fpu/libstdc++.a(eh_type.o)
                0x000000000800fbd0                __cxa_current_exception_type
 *fill*         0x000000000800fbec        0x4 
 .text.roundf   0x000000000800fbf0       0x60 /opt/homebrew-cask/Caskroom/gcc-arm-embedded/5_2-2015q4,20151219/gcc-arm-none-eabi-5_2-2015q4/bin/../lib/gcc/arm-none-eabi/5.2.1/../../../../arm-none-eabi/lib/armv7e-m/fpu/libm.a(lib_a-sf_round.o)
                0x000000000800fbf0                roundf
 .text.powf     0x000000000800fc50      0x354 /opt/homebrew-cask/Caskroom/gcc-arm-embedded/5_2-2015q4,20151219/gcc-arm-none-eabi-5_2-2015q4/bin/../lib/gcc/arm-none-eabi/5.2.1/../../../../arm-none-eabi/lib/armv7e-m/fpu/libm.a(lib_a-wf_pow.o)
                0x000000000800fc50                powf
 *fill*         0x000000000800ffa4        0xc 
 .text.__ieee754_powf
                0x000000000800ffb0      0x5fc /opt/homebrew-cask/Caskroom/gcc-arm-embedded/5_2-2015q4,20151219/gcc-arm-none-eabi-5_2-2015q4/bin/../lib/gcc/arm-none-eabi/5.2.1/../../../../arm-none-eabi/lib/armv7e-m/fpu/libm.a(lib_a-ef_pow.o)
                0x000000000800ffb0                __ieee754_powf
 *fill*         0x00000000080105ac        0x4 
 .text.__ieee754_sqrtf
                0x00000000080105b0       0xa4 /opt/homebrew-cask/Caskroom/gcc-arm-embedded/5_2-2015q4,20151219/gcc-arm-none-eabi-5_2-2015q4/bin/../lib/gcc/arm-none-eabi/5.2.1/../../../../arm-none-eabi/lib/armv7e-m/fpu/libm.a(lib_a-ef_sqrt.o)
                0x00000000080105b0                __ieee754_sqrtf
 *fill*         0x0000000008010654        0xc 
 .text.matherr  0x0000000008010660        0x4 /opt/homebrew-cask/Caskroom/gcc-arm-embedded/5_2-2015q4,20151219/gcc-arm-none-eabi-5_2-2015q4/bin/../lib/gcc/arm-none-eabi/5.2.1/../../../../arm-none-eabi/lib/armv7e-m/fpu/libm.a(lib_a-s_matherr.o)
                0x0000000008010660                matherr
 *fill*         0x0000000008010664        0xc 
 .text.rint     0x0000000008010670      0x128 /opt/homebrew-cask/Caskroom/gcc-arm-embedded/5_2-2015q4,20151219/gcc-arm-none-eabi-5_2-2015q4/bin/../lib/gcc/arm-none-eabi/5.2.1/../../../../arm-none-eabi/lib/armv7e-m/fpu/libm.a(lib_a-s_rint.o)
                0x0000000008010670                rint
 *fill*         0x0000000008010798        0x8 
 .text.fabsf    0x00000000080107a0       0x10 /opt/homebrew-cask/Caskroom/gcc-arm-embedded/5_2-2015q4,20151219/gcc-arm-none-eabi-5_2-2015q4/bin/../lib/gcc/arm-none-eabi/5.2.1/../../../../arm-none-eabi/lib/armv7e-m/fpu/libm.a(lib_a-sf_fabs.o)
                0x00000000080107a0                fabsf
 .text.finitef  0x00000000080107b0       0x14 /opt/homebrew-cask/Caskroom/gcc-arm-embedded/5_2-2015q4,20151219/gcc-arm-none-eabi-5_2-2015q4/bin/../lib/gcc/arm-none-eabi/5.2.1/../../../../arm-none-eabi/lib/armv7e-m/fpu/libm.a(lib_a-sf_finite.o)
                0x00000000080107b0                finitef
 *fill*         0x00000000080107c4        0xc 
 .text.__fpclassifyf
                0x00000000080107d0       0x38 /opt/homebrew-cask/Caskroom/gcc-arm-embedded/5_2-2015q4,20151219/gcc-arm-none-eabi-5_2-2015q4/bin/../lib/gcc/arm-none-eabi/5.2.1/../../../../arm-none-eabi/lib/armv7e-m/fpu/libm.a(lib_a-sf_fpclassify.o)
                0x00000000080107d0                __fpclassifyf
 *fill*         0x0000000008010808        0x8 
 .text.nanf     0x0000000008010810        0xc /opt/homebrew-cask/Caskroom/gcc-arm-embedded/5_2-2015q4,20151219/gcc-arm-none-eabi-5_2-2015q4/bin/../lib/gcc/arm-none-eabi/5.2.1/../../../../arm-none-eabi/lib/armv7e-m/fpu/libm.a(lib_a-sf_nan.o)
                0x0000000008010810                nanf
 *fill*         0x000000000801081c        0x4 
 .text.scalbnf  0x0000000008010820       0xd0 /opt/homebrew-cask/Caskroom/gcc-arm-embedded/5_2-2015q4,20151219/gcc-arm-none-eabi-5_2-2015q4/bin/../lib/gcc/arm-none-eabi/5.2.1/../../../../arm-none-eabi/lib/armv7e-m/fpu/libm.a(lib_a-sf_scalbn.o)
                0x0000000008010820                scalbnf
 .text.copysignf
                0x00000000080108f0       0x18 /opt/homebrew-cask/Caskroom/gcc-arm-embedded/5_2-2015q4,20151219/gcc-arm-none-eabi-5_2-2015q4/bin/../lib/gcc/arm-none-eabi/5.2.1/../../../../arm-none-eabi/lib/armv7e-m/fpu/libm.a(lib_a-sf_copysign.o)
                0x00000000080108f0                copysignf
 *fill*         0x0000000008010908        0x8 
 .text.abort    0x0000000008010910       0x10 /opt/homebrew-cask/Caskroom/gcc-arm-embedded/5_2-2015q4,20151219/gcc-arm-none-eabi-5_2-2015q4/bin/../lib/gcc/arm-none-eabi/5.2.1/../../../../arm-none-eabi/lib/armv7e-m/fpu/libg.a(lib_a-abort.o)
                0x0000000008010910                abort
 .text.__errno  0x0000000008010920        0xc /opt/homebrew-cask/Caskroom/gcc-arm-embedded/5_2-2015q4,20151219/gcc-arm-none-eabi-5_2-2015q4/bin/../lib/gcc/arm-none-eabi/5.2.1/../../../../arm-none-eabi/lib/armv7e-m/fpu/libg.a(lib_a-errno.o)
                0x0000000008010920                __errno
 *fill*         0x000000000801092c        0x4 
 .text.fputc    0x0000000008010930       0x28 /opt/homebrew-cask/Caskroom/gcc-arm-embedded/5_2-2015q4,20151219/gcc-arm-none-eabi-5_2-2015q4/bin/../lib/gcc/arm-none-eabi/5.2.1/../../../../arm-none-eabi/lib/armv7e-m/fpu/libg.a(lib_a-fputc.o)
                0x0000000008010930                fputc
 *fill*         0x0000000008010958        0x8 
 .text._fputs_r
                0x0000000008010960       0x4c /opt/homebrew-cask/Caskroom/gcc-arm-embedded/5_2-2015q4,20151219/gcc-arm-none-eabi-5_2-2015q4/bin/../lib/gcc/arm-none-eabi/5.2.1/../../../../arm-none-eabi/lib/armv7e-m/fpu/libg.a(lib_a-fputs.o)
                0x0000000008010960                _fputs_r
 *fill*         0x00000000080109ac        0x4 
 .text.fputs    0x00000000080109b0       0x10 /opt/homebrew-cask/Caskroom/gcc-arm-embedded/5_2-2015q4,20151219/gcc-arm-none-eabi-5_2-2015q4/bin/../lib/gcc/arm-none-eabi/5.2.1/../../../../arm-none-eabi/lib/armv7e-m/fpu/libg.a(lib_a-fputs.o)
                0x00000000080109b0                fputs
 .text.__sfvwrite_r
                0x00000000080109c0      0x300 /opt/homebrew-cask/Caskroom/gcc-arm-embedded/5_2-2015q4,20151219/gcc-arm-none-eabi-5_2-2015q4/bin/../lib/gcc/arm-none-eabi/5.2.1/../../../../arm-none-eabi/lib/armv7e-m/fpu/libg.a(lib_a-fvwrite.o)
                0x00000000080109c0                __sfvwrite_r
 .text._fwrite_r
                0x0000000008010cc0       0x64 /opt/homebrew-cask/Caskroom/gcc-arm-embedded/5_2-2015q4,20151219/gcc-arm-none-eabi-5_2-2015q4/bin/../lib/gcc/arm-none-eabi/5.2.1/../../../../arm-none-eabi/lib/armv7e-m/fpu/libg.a(lib_a-fwrite.o)
                0x0000000008010cc0                _fwrite_r
 *fill*         0x0000000008010d24        0xc 
 .text.fwrite   0x0000000008010d30       0x20 /opt/homebrew-cask/Caskroom/gcc-arm-embedded/5_2-2015q4,20151219/gcc-arm-none-eabi-5_2-2015q4/bin/../lib/gcc/arm-none-eabi/5.2.1/../../../../arm-none-eabi/lib/armv7e-m/fpu/libg.a(lib_a-fwrite.o)
                0x0000000008010d30                fwrite
 .text.malloc   0x0000000008010d50       0x10 /opt/homebrew-cask/Caskroom/gcc-arm-embedded/5_2-2015q4,20151219/gcc-arm-none-eabi-5_2-2015q4/bin/../lib/gcc/arm-none-eabi/5.2.1/../../../../arm-none-eabi/lib/armv7e-m/fpu/libg.a(lib_a-malloc.o)
                0x0000000008010d50                malloc
 .text.free     0x0000000008010d60       0x10 /opt/homebrew-cask/Caskroom/gcc-arm-embedded/5_2-2015q4,20151219/gcc-arm-none-eabi-5_2-2015q4/bin/../lib/gcc/arm-none-eabi/5.2.1/../../../../arm-none-eabi/lib/armv7e-m/fpu/libg.a(lib_a-malloc.o)
                0x0000000008010d60                free
 .text._malloc_r
                0x0000000008010d70      0x570 /opt/homebrew-cask/Caskroom/gcc-arm-embedded/5_2-2015q4,20151219/gcc-arm-none-eabi-5_2-2015q4/bin/../lib/gcc/arm-none-eabi/5.2.1/../../../../arm-none-eabi/lib/armv7e-m/fpu/libg.a(lib_a-mallocr.o)
                0x0000000008010d70                _malloc_r
 .text.memcmp   0x00000000080112e0       0x64 /opt/homebrew-cask/Caskroom/gcc-arm-embedded/5_2-2015q4,20151219/gcc-arm-none-eabi-5_2-2015q4/bin/../lib/gcc/arm-none-eabi/5.2.1/../../../../arm-none-eabi/lib/armv7e-m/fpu/libg.a(lib_a-memcmp.o)
                0x00000000080112e0                memcmp
 *fill*         0x0000000008011344        0xc 
 .text.memmove  0x0000000008011350       0xc8 /opt/homebrew-cask/Caskroom/gcc-arm-embedded/5_2-2015q4,20151219/gcc-arm-none-eabi-5_2-2015q4/bin/../lib/gcc/arm-none-eabi/5.2.1/../../../../arm-none-eabi/lib/armv7e-m/fpu/libg.a(lib_a-memmove.o)
                0x0000000008011350                memmove
 *fill*         0x0000000008011418        0x8 
 .text.memset   0x0000000008011420       0x9c /opt/homebrew-cask/Caskroom/gcc-arm-embedded/5_2-2015q4,20151219/gcc-arm-none-eabi-5_2-2015q4/bin/../lib/gcc/arm-none-eabi/5.2.1/../../../../arm-none-eabi/lib/armv7e-m/fpu/libg.a(lib_a-memset.o)
                0x0000000008011420                memset
 *fill*         0x00000000080114bc        0x4 
 .text.__malloc_lock
                0x00000000080114c0        0x4 /opt/homebrew-cask/Caskroom/gcc-arm-embedded/5_2-2015q4,20151219/gcc-arm-none-eabi-5_2-2015q4/bin/../lib/gcc/arm-none-eabi/5.2.1/../../../../arm-none-eabi/lib/armv7e-m/fpu/libg.a(lib_a-mlock.o)
                0x00000000080114c0                __malloc_lock
 *fill*         0x00000000080114c4        0xc 
 .text.__malloc_unlock
                0x00000000080114d0        0x4 /opt/homebrew-cask/Caskroom/gcc-arm-embedded/5_2-2015q4,20151219/gcc-arm-none-eabi-5_2-2015q4/bin/../lib/gcc/arm-none-eabi/5.2.1/../../../../arm-none-eabi/lib/armv7e-m/fpu/libg.a(lib_a-mlock.o)
                0x00000000080114d0                __malloc_unlock
 *fill*         0x00000000080114d4        0xc 
 .text._putc_r  0x00000000080114e0       0x58 /opt/homebrew-cask/Caskroom/gcc-arm-embedded/5_2-2015q4,20151219/gcc-arm-none-eabi-5_2-2015q4/bin/../lib/gcc/arm-none-eabi/5.2.1/../../../../arm-none-eabi/lib/armv7e-m/fpu/libg.a(lib_a-putc.o)
                0x00000000080114e0                _putc_r
 *fill*         0x0000000008011538        0x8 
 .text.realloc  0x0000000008011540       0x10 /opt/homebrew-cask/Caskroom/gcc-arm-embedded/5_2-2015q4,20151219/gcc-arm-none-eabi-5_2-2015q4/bin/../lib/gcc/arm-none-eabi/5.2.1/../../../../arm-none-eabi/lib/armv7e-m/fpu/libg.a(lib_a-realloc.o)
                0x0000000008011540                realloc
 .text._realloc_r
                0x0000000008011550      0x3e0 /opt/homebrew-cask/Caskroom/gcc-arm-embedded/5_2-2015q4,20151219/gcc-arm-none-eabi-5_2-2015q4/bin/../lib/gcc/arm-none-eabi/5.2.1/../../../../arm-none-eabi/lib/armv7e-m/fpu/libg.a(lib_a-reallocr.o)
                0x0000000008011550                _realloc_r
 .text._raise_r
                0x0000000008011930       0x58 /opt/homebrew-cask/Caskroom/gcc-arm-embedded/5_2-2015q4,20151219/gcc-arm-none-eabi-5_2-2015q4/bin/../lib/gcc/arm-none-eabi/5.2.1/../../../../arm-none-eabi/lib/armv7e-m/fpu/libg.a(lib_a-signal.o)
                0x0000000008011930                _raise_r
 *fill*         0x0000000008011988        0x8 
 .text.raise    0x0000000008011990       0x10 /opt/homebrew-cask/Caskroom/gcc-arm-embedded/5_2-2015q4,20151219/gcc-arm-none-eabi-5_2-2015q4/bin/../lib/gcc/arm-none-eabi/5.2.1/../../../../arm-none-eabi/lib/armv7e-m/fpu/libg.a(lib_a-signal.o)
                0x0000000008011990                raise
 .text._kill_r  0x00000000080119a0       0x28 /opt/homebrew-cask/Caskroom/gcc-arm-embedded/5_2-2015q4,20151219/gcc-arm-none-eabi-5_2-2015q4/bin/../lib/gcc/arm-none-eabi/5.2.1/../../../../arm-none-eabi/lib/armv7e-m/fpu/libg.a(lib_a-signalr.o)
                0x00000000080119a0                _kill_r
 *fill*         0x00000000080119c8        0x8 
 .text._getpid_r
                0x00000000080119d0        0x4 /opt/homebrew-cask/Caskroom/gcc-arm-embedded/5_2-2015q4,20151219/gcc-arm-none-eabi-5_2-2015q4/bin/../lib/gcc/arm-none-eabi/5.2.1/../../../../arm-none-eabi/lib/armv7e-m/fpu/libg.a(lib_a-signalr.o)
                0x00000000080119d0                _getpid_r
 *fill*         0x00000000080119d4        0xc 
 .text.sprintf  0x00000000080119e0       0x4c /opt/homebrew-cask/Caskroom/gcc-arm-embedded/5_2-2015q4,20151219/gcc-arm-none-eabi-5_2-2015q4/bin/../lib/gcc/arm-none-eabi/5.2.1/../../../../arm-none-eabi/lib/armv7e-m/fpu/libg.a(lib_a-sprintf.o)
                0x00000000080119e0                sprintf
 *fill*         0x0000000008011a2c        0x4 
 .text.strncmp  0x0000000008011a30       0xa0 /opt/homebrew-cask/Caskroom/gcc-arm-embedded/5_2-2015q4,20151219/gcc-arm-none-eabi-5_2-2015q4/bin/../lib/gcc/arm-none-eabi/5.2.1/../../../../arm-none-eabi/lib/armv7e-m/fpu/libg.a(lib_a-strncmp.o)
                0x0000000008011a30                strncmp
 .text._svfprintf_r
                0x0000000008011ad0     0x169c /opt/homebrew-cask/Caskroom/gcc-arm-embedded/5_2-2015q4,20151219/gcc-arm-none-eabi-5_2-2015q4/bin/../lib/gcc/arm-none-eabi/5.2.1/../../../../arm-none-eabi/lib/armv7e-m/fpu/libg.a(lib_a-svfprintf.o)
                0x0000000008011ad0                _svfprintf_r
 *fill*         0x000000000801316c        0x4 
 .text.__swbuf_r
                0x0000000008013170       0xa8 /opt/homebrew-cask/Caskroom/gcc-arm-embedded/5_2-2015q4,20151219/gcc-arm-none-eabi-5_2-2015q4/bin/../lib/gcc/arm-none-eabi/5.2.1/../../../../arm-none-eabi/lib/armv7e-m/fpu/libg.a(lib_a-wbuf.o)
                0x0000000008013170                __swbuf_r
 *fill*         0x0000000008013218        0x8 
 .text.__swsetup_r
                0x0000000008013220       0xc4 /opt/homebrew-cask/Caskroom/gcc-arm-embedded/5_2-2015q4,20151219/gcc-arm-none-eabi-5_2-2015q4/bin/../lib/gcc/arm-none-eabi/5.2.1/../../../../arm-none-eabi/lib/armv7e-m/fpu/libg.a(lib_a-wsetup.o)
                0x0000000008013220                __swsetup_r
 *fill*         0x00000000080132e4        0xc 
 .text.quorem   0x00000000080132f0      0x128 /opt/homebrew-cask/Caskroom/gcc-arm-embedded/5_2-2015q4,20151219/gcc-arm-none-eabi-5_2-2015q4/bin/../lib/gcc/arm-none-eabi/5.2.1/../../../../arm-none-eabi/lib/armv7e-m/fpu/libg.a(lib_a-dtoa.o)
 *fill*         0x0000000008013418        0x8 
 .text._dtoa_r  0x0000000008013420      0xe34 /opt/homebrew-cask/Caskroom/gcc-arm-embedded/5_2-2015q4,20151219/gcc-arm-none-eabi-5_2-2015q4/bin/../lib/gcc/arm-none-eabi/5.2.1/../../../../arm-none-eabi/lib/armv7e-m/fpu/libg.a(lib_a-dtoa.o)
                0x0000000008013420                _dtoa_r
 *fill*         0x0000000008014254        0xc 
 .text.__sflush_r