Archive member included to satisfy reference by file (symbol)

/opt/homebrew-cask/Caskroom/gcc-arm-embedded/5_2-2015q4,20151219/gcc-arm-none-eabi-5_2-2015q4/bin/../lib/gcc/arm-none-eabi/5.2.1/../../../../arm-none-eabi/lib/armv7e-m/fpu/libm.a(lib_a-s_cos.o)
                              build/obj/transforms.o (cos)
/opt/homebrew-cask/Caskroom/gcc-arm-embedded/5_2-2015q4,20151219/gcc-arm-none-eabi-5_2-2015q4/bin/../lib/gcc/arm-none-eabi/5.2.1/../../../../arm-none-eabi/lib/armv7e-m/fpu/libm.a(lib_a-s_sin.o)
                              build/obj/transforms.o (sin)
/opt/homebrew-cask/Caskroom/gcc-arm-embedded/5_2-2015q4,20151219/gcc-arm-none-eabi-5_2-2015q4/bin/../lib/gcc/arm-none-eabi/5.2.1/../../../../arm-none-eabi/lib/armv7e-m/fpu/libm.a(lib_a-sf_round.o)
                              build/obj/ws2812b.o (roundf)
/opt/homebrew-cask/Caskroom/gcc-arm-embedded/5_2-2015q4,20151219/gcc-arm-none-eabi-5_2-2015q4/bin/../lib/gcc/arm-none-eabi/5.2.1/../../../../arm-none-eabi/lib/armv7e-m/fpu/libm.a(lib_a-w_fmod.o)
                              build/obj/encoder.o (fmod)
/opt/homebrew-cask/Caskroom/gcc-arm-embedded/5_2-2015q4,20151219/gcc-arm-none-eabi-5_2-2015q4/bin/../lib/gcc/arm-none-eabi/5.2.1/../../../../arm-none-eabi/lib/armv7e-m/fpu/libm.a(lib_a-wf_pow.o)
                              build/obj/ws2812b.o (powf)
/opt/homebrew-cask/Caskroom/gcc-arm-embedded/5_2-2015q4,20151219/gcc-arm-none-eabi-5_2-2015q4/bin/../lib/gcc/arm-none-eabi/5.2.1/../../../../arm-none-eabi/lib/armv7e-m/fpu/libm.a(lib_a-e_fmod.o)
                              /opt/homebrew-cask/Caskroom/gcc-arm-embedded/5_2-2015q4,20151219/gcc-arm-none-eabi-5_2-2015q4/bin/../lib/gcc/arm-none-eabi/5.2.1/../../../../arm-none-eabi/lib/armv7e-m/fpu/libm.a(lib_a-w_fmod.o) (__ieee754_fmod)
/opt/homebrew-cask/Caskroom/gcc-arm-embedded/5_2-2015q4,20151219/gcc-arm-none-eabi-5_2-2015q4/bin/../lib/gcc/arm-none-eabi/5.2.1/../../../../arm-none-eabi/lib/armv7e-m/fpu/libm.a(lib_a-e_rem_pio2.o)
                              /opt/homebrew-cask/Caskroom/gcc-arm-embedded/5_2-2015q4,20151219/gcc-arm-none-eabi-5_2-2015q4/bin/../lib/gcc/arm-none-eabi/5.2.1/../../../../arm-none-eabi/lib/armv7e-m/fpu/libm.a(lib_a-s_cos.o) (__ieee754_rem_pio2)
/opt/homebrew-cask/Caskroom/gcc-arm-embedded/5_2-2015q4,20151219/gcc-arm-none-eabi-5_2-2015q4/bin/../lib/gcc/arm-none-eabi/5.2.1/../../../../arm-none-eabi/lib/armv7e-m/fpu/libm.a(lib_a-ef_pow.o)
                              /opt/homebrew-cask/Caskroom/gcc-arm-embedded/5_2-2015q4,20151219/gcc-arm-none-eabi-5_2-2015q4/bin/../lib/gcc/arm-none-eabi/5.2.1/../../../../arm-none-eabi/lib/armv7e-m/fpu/libm.a(lib_a-wf_pow.o) (__ieee754_powf)
/opt/homebrew-cask/Caskroom/gcc-arm-embedded/5_2-2015q4,20151219/gcc-arm-none-eabi-5_2-2015q4/bin/../lib/gcc/arm-none-eabi/5.2.1/../../../../arm-none-eabi/lib/armv7e-m/fpu/libm.a(lib_a-ef_sqrt.o)
                              /opt/homebrew-cask/Caskroom/gcc-arm-embedded/5_2-2015q4,20151219/gcc-arm-none-eabi-5_2-2015q4/bin/../lib/gcc/arm-none-eabi/5.2.1/../../../../arm-none-eabi/lib/armv7e-m/fpu/libm.a(lib_a-ef_pow.o) (__ieee754_sqrtf)
/opt/homebrew-cask/Caskroom/gcc-arm-embedded/5_2-2015q4,20151219/gcc-arm-none-eabi-5_2-2015q4/bin/../lib/gcc/arm-none-eabi/5.2.1/../../../../arm-none-eabi/lib/armv7e-m/fpu/libm.a(lib_a-k_cos.o)
                              /opt/homebrew-cask/Caskroom/gcc-arm-embedded/5_2-2015q4,20151219/gcc-arm-none-eabi-5_2-2015q4/bin/../lib/gcc/arm-none-eabi/5.2.1/../../../../arm-none-eabi/lib/armv7e-m/fpu/libm.a(lib_a-s_cos.o) (__kernel_cos)
/opt/homebrew-cask/Caskroom/gcc-arm-embedded/5_2-2015q4,20151219/gcc-arm-none-eabi-5_2-2015q4/bin/../lib/gcc/arm-none-eabi/5.2.1/../../../../arm-none-eabi/lib/armv7e-m/fpu/libm.a(lib_a-k_rem_pio2.o)
                              /opt/homebrew-cask/Caskroom/gcc-arm-embedded/5_2-2015q4,20151219/gcc-arm-none-eabi-5_2-2015q4/bin/../lib/gcc/arm-none-eabi/5.2.1/../../../../arm-none-eabi/lib/armv7e-m/fpu/libm.a(lib_a-e_rem_pio2.o) (__kernel_rem_pio2)
/opt/homebrew-cask/Caskroom/gcc-arm-embedded/5_2-2015q4,20151219/gcc-arm-none-eabi-5_2-2015q4/bin/../lib/gcc/arm-none-eabi/5.2.1/../../../../arm-none-eabi/lib/armv7e-m/fpu/libm.a(lib_a-k_sin.o)
                              /opt/homebrew-cask/Caskroom/gcc-arm-embedded/5_2-2015q4,20151219/gcc-arm-none-eabi-5_2-2015q4/bin/../lib/gcc/arm-none-eabi/5.2.1/../../../../arm-none-eabi/lib/armv7e-m/fpu/libm.a(lib_a-s_cos.o) (__kernel_sin)
/opt/homebrew-cask/Caskroom/gcc-arm-embedded/5_2-2015q4,20151219/gcc-arm-none-eabi-5_2-2015q4/bin/../lib/gcc/arm-none-eabi/5.2.1/../../../../arm-none-eabi/lib/armv7e-m/fpu/libm.a(lib_a-s_fabs.o)
                              /opt/homebrew-cask/Caskroom/gcc-arm-embedded/5_2-2015q4,20151219/gcc-arm-none-eabi-5_2-2015q4/bin/../lib/gcc/arm-none-eabi/5.2.1/../../../../arm-none-eabi/lib/armv7e-m/fpu/libm.a(lib_a-e_rem_pio2.o) (fabs)
[...]
Memory Configuration

Name             Origin             Length             Attributes
flash            0x0000000008000000 0x0000000000100000
ram0             0x0000000020000000 0x0000000000020000
ram1             0x0000000020000000 0x000000000001c000
ram2             0x000000002001c000 0x0000000000004000
ram3             0x0000000000000000 0x0000000000000000
ram4             0x0000000010000000 0x0000000000010000
ram5             0x0000000040024000 0x0000000000001000
ram6             0x0000000000000000 0x0000000000000000
ram7             0x0000000000000000 0x0000000000000000
*default*        0x0000000000000000 0xffffffffffffffff

Linker script and memory map

LOAD build/obj/crt0_v7m.o
LOAD build/obj/chcoreasm_v7m.o
LOAD build/obj/crt1.o
LOAD build/obj/vectors.o
LOAD build/obj/chsys.o
LOAD build/obj/chdebug.o
LOAD build/obj/chvt.o
LOAD build/obj/chschd.o
LOAD build/obj/chthreads.o
LOAD build/obj/chtm.o
LOAD build/obj/chdynamic.o
LOAD build/obj/chregistry.o
LOAD build/obj/chsem.o
LOAD build/obj/chmtx.o
LOAD build/obj/chcond.o
LOAD build/obj/chevents.o
LOAD build/obj/chmsg.o
LOAD build/obj/chmboxes.o
LOAD build/obj/chqueues.o
LOAD build/obj/chmemcore.o
LOAD build/obj/chheap.o
LOAD build/obj/chmempools.o
LOAD build/obj/chcore.o
LOAD build/obj/chcore_v7m.o
LOAD build/obj/osal.o
LOAD build/obj/hal.o
LOAD build/obj/st.o
LOAD build/obj/hal_buffers.o
LOAD build/obj/hal_queues.o
LOAD build/obj/hal_mmcsd.o
LOAD build/obj/ext.o
LOAD build/obj/i2c.o
LOAD build/obj/pal.o
LOAD build/obj/serial_usb.o
LOAD build/obj/spi.o
LOAD build/obj/usb.o
LOAD build/obj/nvic.o
LOAD build/obj/hal_lld.o
LOAD build/obj/stm32_dma.o
LOAD build/obj/st_lld.o
LOAD build/obj/ext_lld.o
LOAD build/obj/ext_lld_isr.o
LOAD build/obj/pal_lld.o
LOAD build/obj/i2c_lld.o
LOAD build/obj/usb_lld.o
LOAD build/obj/spi_lld.o
LOAD build/obj/board.o
LOAD build/obj/chprintf.o
LOAD build/obj/syscalls.o
LOAD build/obj/shell.o
LOAD build/obj/main.o
LOAD build/obj/as5x45.o
LOAD build/obj/as5x47.o
LOAD build/obj/comm_can.o
LOAD build/obj/comm_i2c.o
LOAD build/obj/comm_uart.o
LOAD build/obj/comm_usb.o
LOAD build/obj/comm.o
LOAD build/obj/controller.o
LOAD build/obj/encoder.o
LOAD build/obj/transforms.o
LOAD build/obj/ws2812b.o
LOAD build/obj/zsm.o
LOAD build/obj/misc.o
LOAD build/obj/stm32f4xx_adc.o
LOAD build/obj/stm32f4xx_dma.o
LOAD build/obj/stm32f4xx_exti.o
LOAD build/obj/stm32f4xx_flash.o
LOAD build/obj/stm32f4xx_rcc.o
LOAD build/obj/stm32f4xx_rng.o
LOAD build/obj/stm32f4xx_syscfg.o
LOAD build/obj/stm32f4xx_tim.o
LOAD build/obj/stm32f4xx_wwdg.o
                0x0000000020000000                __ram0_start__ = ORIGIN (ram0)
                0x0000000000020000                __ram0_size__ = LENGTH (ram0)
                0x0000000020020000                __ram0_end__ = (__ram0_start__ + __ram0_size__)
                0x0000000020000000                __ram1_start__ = ORIGIN (ram1)
                0x000000000001c000                __ram1_size__ = LENGTH (ram1)
                0x000000002001c000                __ram1_end__ = (__ram1_start__ + __ram1_size__)
                0x000000002001c000                __ram2_start__ = ORIGIN (ram2)
                0x0000000000004000                __ram2_size__ = LENGTH (ram2)
                0x0000000020020000                __ram2_end__ = (__ram2_start__ + __ram2_size__)
                0x0000000000000000                __ram3_start__ = ORIGIN (ram3)
                0x0000000000000000                __ram3_size__ = LENGTH (ram3)
                0x0000000000000000                __ram3_end__ = (__ram3_start__ + __ram3_size__)
                0x0000000010000000                __ram4_start__ = ORIGIN (ram4)
                0x0000000000010000                __ram4_size__ = LENGTH (ram4)
                0x0000000010010000                __ram4_end__ = (__ram4_start__ + __ram4_size__)
                0x0000000040024000                __ram5_start__ = ORIGIN (ram5)
                0x0000000000001000                __ram5_size__ = LENGTH (ram5)
                0x0000000040025000                __ram5_end__ = (__ram5_start__ + __ram5_size__)
                0x0000000000000000                __ram6_start__ = ORIGIN (ram6)
                0x0000000000000000                __ram6_size__ = LENGTH (ram6)
                0x0000000000000000                __ram6_end__ = (__ram6_start__ + __ram6_size__)
                0x0000000000000000                __ram7_start__ = ORIGIN (ram7)
                0x0000000000000000                __ram7_size__ = LENGTH (ram7)
                0x0000000000000000                __ram7_end__ = (__ram7_start__ + __ram7_size__)
                0x0000000000000000                . = 0x0
                0x0000000000000000                _text = .

startup         0x0000000008000000      0x1c0
 *(.vectors)
 .vectors       0x0000000008000000      0x1c0 build/obj/vectors.o
                0x0000000008000000                _vectors

constructors    0x00000000080001c0        0x0
                0x00000000080001c0                __init_array_start = .
 *(SORT(.init_array.*))
 *(.init_array)
                0x00000000080001c0                __init_array_end = .

destructors     0x00000000080001c0        0x0
                0x00000000080001c0                __fini_array_start = .
 *(.fini_array)
 *(SORT(.fini_array.*))
                0x00000000080001c0                __fini_array_end = .

.text           0x00000000080001c0     0x88c4
 *(.text)
 .text          0x00000000080001c0      0x108 build/obj/crt0_v7m.o
                0x00000000080001c0                Reset_Handler
 *fill*         0x00000000080002c8        0x8 
 .text          0x00000000080002d0       0x30 build/obj/chcoreasm_v7m.o
                0x00000000080002d0                _port_switch
                0x00000000080002e8                _port_thread_start
                0x00000000080002f8                _port_switch_from_isr
                0x00000000080002fc                _port_exit_from_isr
 .text          0x0000000008000300      0x370 /opt/homebrew-cask/Caskroom/gcc-arm-embedded/5_2-2015q4,20151219/gcc-arm-none-eabi-5_2-2015q4/bin/../lib/gcc/arm-none-eabi/5.2.1/armv7e-m/fpu/libgcc.a(_arm_addsubdf3.o)
                0x0000000008000300                __aeabi_drsub
                0x0000000008000308                __subdf3
                0x0000000008000308                __aeabi_dsub
                0x000000000800030c                __aeabi_dadd
                0x000000000800030c                __adddf3
                0x0000000008000584                __aeabi_ui2d
                0x0000000008000584                __floatunsidf
                0x00000000080005a4                __floatsidf
                0x00000000080005a4                __aeabi_i2d
                0x00000000080005c8                __extendsfdf2
                0x00000000080005c8                __aeabi_f2d
                0x0000000008000604                __aeabi_ul2d
                0x0000000008000604                __floatundidf
                0x0000000008000614                __aeabi_l2d
                0x0000000008000614                __floatdidf
 .text          0x0000000008000670      0x424 /opt/homebrew-cask/Caskroom/gcc-arm-embedded/5_2-2015q4,20151219/gcc-arm-none-eabi-5_2-2015q4/bin/../lib/gcc/arm-none-eabi/5.2.1/armv7e-m/fpu/libgcc.a(_arm_muldivdf3.o)
                0x0000000008000670                __aeabi_dmul
                0x0000000008000670                __muldf3
                0x00000000080008c4                __aeabi_ddiv
                0x00000000080008c4                __divdf3
 *fill*         0x0000000008000a94        0xc 
 .text          0x0000000008000aa0      0x110 /opt/homebrew-cask/Caskroom/gcc-arm-embedded/5_2-2015q4,20151219/gcc-arm-none-eabi-5_2-2015q4/bin/../lib/gcc/arm-none-eabi/5.2.1/armv7e-m/fpu/libgcc.a(_arm_cmpdf2.o)
                0x0000000008000aa0                __gtdf2
                0x0000000008000aa0                __gedf2
                0x0000000008000aa8                __ltdf2
                0x0000000008000aa8                __ledf2
                0x0000000008000ab0                __eqdf2
                0x0000000008000ab0                __nedf2
                0x0000000008000ab0                __cmpdf2
                0x0000000008000b2c                __aeabi_cdrcmple
                0x0000000008000b3c                __aeabi_cdcmple
                0x0000000008000b3c                __aeabi_cdcmpeq
                0x0000000008000b4c                __aeabi_dcmpeq
                0x0000000008000b60                __aeabi_dcmplt
                0x0000000008000b74                __aeabi_dcmple
                0x0000000008000b88                __aeabi_dcmpge
                0x0000000008000b9c                __aeabi_dcmpgt
 .text          0x0000000008000bb0       0x50 /opt/homebrew-cask/Caskroom/gcc-arm-embedded/5_2-2015q4,20151219/gcc-arm-none-eabi-5_2-2015q4/bin/../lib/gcc/arm-none-eabi/5.2.1/armv7e-m/fpu/libgcc.a(_arm_fixdfsi.o)
                0x0000000008000bb0                __fixdfsi
                0x0000000008000bb0                __aeabi_d2iz
 .text          0x0000000008000c00       0xa0 /opt/homebrew-cask/Caskroom/gcc-arm-embedded/5_2-2015q4,20151219/gcc-arm-none-eabi-5_2-2015q4/bin/../lib/gcc/arm-none-eabi/5.2.1/armv7e-m/fpu/libgcc.a(_arm_truncdfsf2.o)
                0x0000000008000c00                __aeabi_d2f
                0x0000000008000c00                __truncdfsf2
 .text          0x0000000008000ca0      0x134 /opt/homebrew-cask/Caskroom/gcc-arm-embedded/5_2-2015q4,20151219/gcc-arm-none-eabi-5_2-2015q4/bin/../lib/gcc/arm-none-eabi/5.2.1/../../../../arm-none-eabi/lib/armv7e-m/fpu/libg.a(lib_a-memcpy.o)
                0x0000000008000ca0                memcpy
 *(.text.*)
 *fill*         0x0000000008000dd4        0xc 
 .text.__core_init
                0x0000000008000de0        0x4 build/obj/crt1.o
                0x0000000008000de0                __core_init
 *fill*         0x0000000008000de4        0xc 
 .text.__late_init
                0x0000000008000df0        0x4 build/obj/crt1.o
                0x0000000008000df0                __late_init
 *fill*         0x0000000008000df4        0xc 
 .text.__default_exit
                0x0000000008000e00        0x4 build/obj/crt1.o
                0x0000000008000e00                __default_exit
 *fill*         0x0000000008000e04        0xc 
 .text.__init_ram_areas
                0x0000000008000e10       0x64 build/obj/crt1.o
                0x0000000008000e10                __init_ram_areas
 *fill*         0x0000000008000e74        0xc 
 .text._unhandled_exception
                0x0000000008000e80        0x4 build/obj/vectors.o
                0x0000000008000e80                Vector174
                0x0000000008000e80                DebugMon_Handler
                0x0000000008000e80                Vector1A0
                0x0000000008000e80                Vector11C
                0x0000000008000e80                HardFault_Handler
                0x0000000008000e80                Vector1B8
                0x0000000008000e80                Vector19C
                0x0000000008000e80                Vector8C
                0x0000000008000e80                VectorDC
                0x0000000008000e80                PendSV_Handler
                0x0000000008000e80                Vector168
                0x0000000008000e80                NMI_Handler
                0x0000000008000e80                Vector110
                0x0000000008000e80                VectorC8
                0x0000000008000e80                Vector94
                0x0000000008000e80                VectorA8
                0x0000000008000e80                VectorB4
                0x0000000008000e80                Vector160
                0x0000000008000e80                Vector1B0
                0x0000000008000e80                UsageFault_Handler
                0x0000000008000e80                VectorEC
                0x0000000008000e80                Vector40
                0x0000000008000e80                VectorF8
                0x0000000008000e80                Vector108
                0x0000000008000e80                Vector190
                0x0000000008000e80                Vector148
                0x0000000008000e80                Vector188
                0x0000000008000e80                Vector198
                0x0000000008000e80                Vector118
                0x0000000008000e80                VectorCC
                0x0000000008000e80                Vector54
                0x0000000008000e80                Vector98
                0x0000000008000e80                VectorD8
                0x0000000008000e80                Vector138
                0x0000000008000e80                Vector24
                0x0000000008000e80                Vector1AC
                0x0000000008000e80                Vector178
                0x0000000008000e80                Vector1A4
                0x0000000008000e80                VectorD0
                0x0000000008000e80                Vector1B4
                0x0000000008000e80                Vector140
                0x0000000008000e80                Vector134
                0x0000000008000e80                VectorF0
                0x0000000008000e80                Vector13C
                0x0000000008000e80                Vector100
                0x0000000008000e80                VectorF4
                0x0000000008000e80                MemManage_Handler
                0x0000000008000e80                VectorA0
                0x0000000008000e80                VectorC4
                0x0000000008000e80                Vector180
                0x0000000008000e80                VectorB0
                0x0000000008000e80                Vector90
                0x0000000008000e80                Vector114
                0x0000000008000e80                Vector164
                0x0000000008000e80                Vector1C
                0x0000000008000e80                Vector1BC
                0x0000000008000e80                Vector17C
                0x0000000008000e80                Vector1A8
                0x0000000008000e80                Vector16C
                0x0000000008000e80                VectorD4
                0x0000000008000e80                Vector144
                0x0000000008000e80                Vector15C
                0x0000000008000e80                _unhandled_exception
                0x0000000008000e80                Vector104
                0x0000000008000e80                Vector184
                0x0000000008000e80                Vector10C
                0x0000000008000e80                BusFault_Handler
                0x0000000008000e80                Vector50
                0x0000000008000e80                Vector194
                0x0000000008000e80                Vector28
                0x0000000008000e80                VectorB8
                0x0000000008000e80                Vector34
                0x0000000008000e80                VectorA4
                0x0000000008000e80                Vector20
                0x0000000008000e80                Vector18C
                0x0000000008000e80                VectorAC
 *fill*         0x0000000008000e84        0xc 
 .text._idle_thread
                0x0000000008000e90        0x4 build/obj/chsys.o
 *fill*         0x0000000008000e94        0xc 
 .text.chSysInit
                0x0000000008000ea0       0xa4 build/obj/chsys.o
                0x0000000008000ea0                chSysInit
 *fill*         0x0000000008000f44        0xc 
 .text.chSysHalt
                0x0000000008000f50        0xc build/obj/chsys.o
                0x0000000008000f50                chSysHalt
 *fill*         0x0000000008000f5c        0x4 
 .text.chSysTimerHandlerI
                0x0000000008000f60       0x58 build/obj/chsys.o
                0x0000000008000f60                chSysTimerHandlerI
 *fill*         0x0000000008000fb8        0x8 
 .text.chSysPolledDelayX
                0x0000000008000fc0       0x14 build/obj/chsys.o
                0x0000000008000fc0                chSysPolledDelayX
 *fill*         0x0000000008000fd4        0xc 
 .text._vt_init
                0x0000000008000fe0       0x1c build/obj/chvt.o
                0x0000000008000fe0                _vt_init
 *fill*         0x0000000008000ffc        0x4 
 .text.chVTDoSetI
                0x0000000008001000       0x3c build/obj/chvt.o
                0x0000000008001000                chVTDoSetI
 *fill*         0x000000000800103c        0x4 
 .text.chVTDoResetI
                0x0000000008001040       0x28 build/obj/chvt.o
                0x0000000008001040                chVTDoResetI
 *fill*         0x0000000008001068        0x8 
 .text.wakeup   0x0000000008001070       0x70 build/obj/chschd.o
 .text._scheduler_init
                0x00000000080010e0       0x14 build/obj/chschd.o
                0x00000000080010e0                _scheduler_init
 *fill*         0x00000000080010f4        0xc 
 .text.chSchReadyI
                0x0000000008001100       0x2c build/obj/chschd.o
                0x0000000008001100                chSchReadyI
 *fill*         0x000000000800112c        0x4 
 .text.chSchGoSleepS
                0x0000000008001130       0x28 build/obj/chschd.o
                0x0000000008001130                chSchGoSleepS
 *fill*         0x0000000008001158        0x8 
 .text.chSchGoSleepTimeoutS
                0x0000000008001160       0x44 build/obj/chschd.o
                0x0000000008001160                chSchGoSleepTimeoutS
 *fill*         0x00000000080011a4        0xc 
 .text.chSchWakeupS
                0x00000000080011b0       0x58 build/obj/chschd.o
                0x00000000080011b0                chSchWakeupS
 *fill*         0x0000000008001208        0x8 
 .text.chSchIsPreemptionRequired
                0x0000000008001210       0x28 build/obj/chschd.o
                0x0000000008001210                chSchIsPreemptionRequired
 *fill*         0x0000000008001238        0x8 
 .text.chSchDoRescheduleBehind
                0x0000000008001240       0x40 build/obj/chschd.o
                0x0000000008001240                chSchDoRescheduleBehind
 .text.chSchDoRescheduleAhead
                0x0000000008001280       0x3c build/obj/chschd.o
                0x0000000008001280                chSchDoRescheduleAhead
 *fill*         0x00000000080012bc        0x4 
 .text.chSchRescheduleS
                0x00000000080012c0       0x18 build/obj/chschd.o
                0x00000000080012c0                chSchRescheduleS
 *fill*         0x00000000080012d8        0x8 
 .text.chSchDoReschedule
                0x00000000080012e0       0x14 build/obj/chschd.o
                0x00000000080012e0                chSchDoReschedule
 *fill*         0x00000000080012f4        0xc 
 .text._thread_init
                0x0000000008001300       0x44 build/obj/chthreads.o
                0x0000000008001300                _thread_init
 *fill*         0x0000000008001344        0xc 
 .text.chThdCreateI
                0x0000000008001350       0x58 build/obj/chthreads.o
                0x0000000008001350                chThdCreateI
 *fill*         0x00000000080013a8        0x8 
 .text.chThdCreateStatic
                0x00000000080013b0       0x68 build/obj/chthreads.o
                0x00000000080013b0                chThdCreateStatic
 *fill*         0x0000000008001418        0x8 
 .text.chThdSleep
                0x0000000008001420       0x18 build/obj/chthreads.o
                0x0000000008001420                chThdSleep
 *fill*         0x0000000008001438        0x8 
 .text.chThdExitS
                0x0000000008001440       0x40 build/obj/chthreads.o
                0x0000000008001440                chThdExitS
 .text.chThdExit
                0x0000000008001480        0xc build/obj/chthreads.o
                0x0000000008001480                chThdExit
 *fill*         0x000000000800148c        0x4 
 .text.chThdSuspendS
                0x0000000008001490       0x1c build/obj/chthreads.o
                0x0000000008001490                chThdSuspendS
 *fill*         0x00000000080014ac        0x4 
 .text.chThdResumeI
                0x00000000080014b0       0x14 build/obj/chthreads.o
                0x00000000080014b0                chThdResumeI
 *fill*         0x00000000080014c4        0xc 
 .text.chThdEnqueueTimeoutS
                0x00000000080014d0       0x28 build/obj/chthreads.o
                0x00000000080014d0                chThdEnqueueTimeoutS
 *fill*         0x00000000080014f8        0x8 
 .text.chThdDequeueNextI
                0x0000000008001500       0x20 build/obj/chthreads.o
                0x0000000008001500                chThdDequeueNextI
 .text.chThdDequeueAllI
                0x0000000008001520       0x24 build/obj/chthreads.o
                0x0000000008001520                chThdDequeueAllI
 *fill*         0x0000000008001544        0xc 
 .text.chTMStartMeasurementX
                0x0000000008001550        0xc build/obj/chtm.o
                0x0000000008001550                chTMStartMeasurementX
 *fill*         0x000000000800155c        0x4 
 .text.chTMStopMeasurementX
                0x0000000008001560       0x44 build/obj/chtm.o
                0x0000000008001560                chTMStopMeasurementX
 *fill*         0x00000000080015a4        0xc 
 .text._tm_init
                0x00000000080015b0       0x38 build/obj/chtm.o
                0x00000000080015b0                _tm_init
 *fill*         0x00000000080015e8        0x8 
 .text.chMtxObjectInit
                0x00000000080015f0        0xc build/obj/chmtx.o
                0x00000000080015f0                chMtxObjectInit
 *fill*         0x00000000080015fc        0x4 
 .text.chEvtSignalI
                0x0000000008001600       0x28 build/obj/chevents.o
                0x0000000008001600                chEvtSignalI
 *fill*         0x0000000008001628        0x8 
 .text.chEvtBroadcastFlagsI
                0x0000000008001630       0x2c build/obj/chevents.o
                0x0000000008001630                chEvtBroadcastFlagsI
 *fill*         0x000000000800165c        0x4 
 .text._core_init
                0x0000000008001660       0x28 build/obj/chmemcore.o
                0x0000000008001660                _core_init
 *fill*         0x0000000008001688        0x8 
 .text.chCoreAlloc
                0x0000000008001690       0x38 build/obj/chmemcore.o
                0x0000000008001690                chCoreAlloc
 *fill*         0x00000000080016c8        0x8 
 .text._heap_init
                0x00000000080016d0       0x1c build/obj/chheap.o
                0x00000000080016d0                _heap_init
 *fill*         0x00000000080016ec        0x4 
 .text.SVC_Handler
                0x00000000080016f0       0x20 build/obj/chcore_v7m.o
                0x00000000080016f0                SVC_Handler
 .text._port_irq_epilogue
                0x0000000008001710       0x60 build/obj/chcore_v7m.o
                0x0000000008001710                _port_irq_epilogue
 .text.halInit  0x0000000008001770       0x30 build/obj/hal.o
                0x0000000008001770                halInit
 .text.stInit   0x00000000080017a0        0x4 build/obj/st.o
                0x00000000080017a0                stInit
 *fill*         0x00000000080017a4        0xc 
 .text.ibqObjectInit
                0x00000000080017b0       0x2c build/obj/hal_buffers.o
                0x00000000080017b0                ibqObjectInit
 *fill*         0x00000000080017dc        0x4 
 .text.ibqResetI
                0x00000000080017e0       0x18 build/obj/hal_buffers.o
                0x00000000080017e0                ibqResetI
 *fill*         0x00000000080017f8        0x8 
 .text.ibqGetEmptyBufferI
                0x0000000008001800       0x18 build/obj/hal_buffers.o
                0x0000000008001800                ibqGetEmptyBufferI
 *fill*         0x0000000008001818        0x8 
 .text.ibqPostFullBufferI
                0x0000000008001820       0x28 build/obj/hal_buffers.o
                0x0000000008001820                ibqPostFullBufferI
 *fill*         0x0000000008001848        0x8 
 .text.ibqGetFullBufferTimeoutS
                0x0000000008001850       0x2c build/obj/hal_buffers.o
                0x0000000008001850                ibqGetFullBufferTimeoutS
 *fill*         0x000000000800187c        0x4 
 .text.ibqGetTimeout
                0x0000000008001880       0x5c build/obj/hal_buffers.o
                0x0000000008001880                ibqGetTimeout
 *fill*         0x00000000080018dc        0x4 
 .text.ibqReadTimeout
                0x00000000080018e0      0x110 build/obj/hal_buffers.o
                0x00000000080018e0                ibqReadTimeout
 .text.obqObjectInit
                0x00000000080019f0       0x2c build/obj/hal_buffers.o
                0x00000000080019f0                obqObjectInit
 *fill*         0x0000000008001a1c        0x4 
 .text.obqResetI
                0x0000000008001a20       0x20 build/obj/hal_buffers.o
                0x0000000008001a20                obqResetI
 .text.obqGetFullBufferI
                0x0000000008001a40       0x1c build/obj/hal_buffers.o
                0x0000000008001a40                obqGetFullBufferI
 *fill*         0x0000000008001a5c        0x4 
 .text.obqReleaseEmptyBufferI
                0x0000000008001a60       0x28 build/obj/hal_buffers.o
                0x0000000008001a60                obqReleaseEmptyBufferI
 *fill*         0x0000000008001a88        0x8 
 .text.obqGetEmptyBufferTimeoutS
                0x0000000008001a90       0x2c build/obj/hal_buffers.o
                0x0000000008001a90                obqGetEmptyBufferTimeoutS
 *fill*         0x0000000008001abc        0x4 
 .text.obqPutTimeout
                0x0000000008001ac0       0x64 build/obj/hal_buffers.o
                0x0000000008001ac0                obqPutTimeout
 *fill*         0x0000000008001b24        0xc 
 .text.obqWriteTimeout
                0x0000000008001b30      0x110 build/obj/hal_buffers.o
                0x0000000008001b30                obqWriteTimeout
 .text.obqTryFlushI
                0x0000000008001c40       0x4c build/obj/hal_buffers.o
                0x0000000008001c40                obqTryFlushI
 *fill*         0x0000000008001c8c        0x4 
 .text.extInit  0x0000000008001c90        0x4 build/obj/ext.o
                0x0000000008001c90                extInit
 *fill*         0x0000000008001c94        0xc 
 .text.extObjectInit
                0x0000000008001ca0        0xc build/obj/ext.o
                0x0000000008001ca0                extObjectInit
 *fill*         0x0000000008001cac        0x4 
 .text.i2cInit  0x0000000008001cb0        0x4 build/obj/i2c.o
                0x0000000008001cb0                i2cInit
 *fill*         0x0000000008001cb4        0xc 
 .text.i2cObjectInit
                0x0000000008001cc0       0x10 build/obj/i2c.o
                0x0000000008001cc0                i2cObjectInit
 .text.obnotify
                0x0000000008001cd0       0x48 build/obj/serial_usb.o
 *fill*         0x0000000008001d18        0x8 
 .text.ibnotify
                0x0000000008001d20       0x48 build/obj/serial_usb.o
 *fill*         0x0000000008001d68        0x8 
 .text.readt    0x0000000008001d70       0x20 build/obj/serial_usb.o
 .text.writet   0x0000000008001d90       0x20 build/obj/serial_usb.o
 .text.gett     0x0000000008001db0       0x18 build/obj/serial_usb.o
 *fill*         0x0000000008001dc8        0x8 
 .text.get      0x0000000008001dd0       0x1c build/obj/serial_usb.o
 *fill*         0x0000000008001dec        0x4 
 .text.putt     0x0000000008001df0       0x18 build/obj/serial_usb.o
 *fill*         0x0000000008001e08        0x8 
 .text.put      0x0000000008001e10       0x1c build/obj/serial_usb.o
 *fill*         0x0000000008001e2c        0x4 
 .text.read     0x0000000008001e30       0x1c build/obj/serial_usb.o
 *fill*         0x0000000008001e4c        0x4 
 .text.write    0x0000000008001e50       0x1c build/obj/serial_usb.o
 *fill*         0x0000000008001e6c        0x4 
 .text.sduInit  0x0000000008001e70        0x4 build/obj/serial_usb.o
                0x0000000008001e70                sduInit
 *fill*         0x0000000008001e74        0xc 
 .text.sduObjectInit
                0x0000000008001e80       0x54 build/obj/serial_usb.o
                0x0000000008001e80                sduObjectInit
 *fill*         0x0000000008001ed4        0xc 
 .text.sduStart
                0x0000000008001ee0       0x34 build/obj/serial_usb.o
                0x0000000008001ee0                sduStart
 *fill*         0x0000000008001f14        0xc 
 .text.sduDisconnectI
                0x0000000008001f20       0x20 build/obj/serial_usb.o
                0x0000000008001f20                sduDisconnectI
 .text.sduConfigureHookI
                0x0000000008001f40       0x3c build/obj/serial_usb.o
                0x0000000008001f40                sduConfigureHookI
 *fill*         0x0000000008001f7c        0x4 
 .text.sduRequestsHook
                0x0000000008001f80       0x40 build/obj/serial_usb.o
                0x0000000008001f80                sduRequestsHook
 .text.sduSOFHookI
                0x0000000008001fc0       0x50 build/obj/serial_usb.o
                0x0000000008001fc0                sduSOFHookI
 .text.sduDataTransmitted
                0x0000000008002010       0x80 build/obj/serial_usb.o
                0x0000000008002010                sduDataTransmitted
 .text.sduDataReceived
                0x0000000008002090       0x58 build/obj/serial_usb.o
                0x0000000008002090                sduDataReceived
 *fill*         0x00000000080020e8        0x8 
 .text.sduInterruptTransmitted
                0x00000000080020f0        0x4 build/obj/serial_usb.o
                0x00000000080020f0                sduInterruptTransmitted
 *fill*         0x00000000080020f4        0xc 
 .text.spiInit  0x0000000008002100        0x4 build/obj/spi.o
                0x0000000008002100                spiInit
 *fill*         0x0000000008002104        0xc 
 .text.spiObjectInit
                0x0000000008002110       0x10 build/obj/spi.o
                0x0000000008002110                spiObjectInit
 .text.spiStart
                0x0000000008002120       0x1c build/obj/spi.o
                0x0000000008002120                spiStart
 *fill*         0x000000000800213c        0x4 
 .text.usbInit  0x0000000008002140        0x4 build/obj/usb.o
                0x0000000008002140                usbInit
 *fill*         0x0000000008002144        0xc 
 .text.usbObjectInit
                0x0000000008002150       0x1c build/obj/usb.o
                0x0000000008002150                usbObjectInit
 *fill*         0x000000000800216c        0x4 
 .text.usbStart
                0x0000000008002170       0x24 build/obj/usb.o
                0x0000000008002170                usbStart
 *fill*         0x0000000008002194        0xc 
 .text.usbInitEndpointI
                0x00000000080021a0       0x2c build/obj/usb.o
                0x00000000080021a0                usbInitEndpointI
 *fill*         0x00000000080021cc        0x4 
 .text.usbStartReceiveI
                0x00000000080021d0       0x2c build/obj/usb.o
                0x00000000080021d0                usbStartReceiveI
 *fill*         0x00000000080021fc        0x4 
 .text.usbStartTransmitI
                0x0000000008002200       0x2c build/obj/usb.o
                0x0000000008002200                usbStartTransmitI
 *fill*         0x000000000800222c        0x4 
 .text._usb_reset
                0x0000000008002230       0x3c build/obj/usb.o
                0x0000000008002230                _usb_reset
 *fill*         0x000000000800226c        0x4 
 .text._usb_suspend
                0x0000000008002270       0x10 build/obj/usb.o
                0x0000000008002270                _usb_suspend
 .text._usb_wakeup
                0x0000000008002280       0x10 build/obj/usb.o
                0x0000000008002280                _usb_wakeup
 .text._usb_ep0setup
                0x0000000008002290      0x34c build/obj/usb.o
                0x0000000008002290                _usb_ep0setup
 *fill*         0x00000000080025dc        0x4 
 .text._usb_ep0in
                0x00000000080025e0       0xc0 build/obj/usb.o
                0x00000000080025e0                _usb_ep0in
 .text._usb_ep0out
                0x00000000080026a0       0x88 build/obj/usb.o
                0x00000000080026a0                _usb_ep0out
 *fill*         0x0000000008002728        0x8 
 .text.nvicEnableVector
                0x0000000008002730       0x34 build/obj/nvic.o
                0x0000000008002730                nvicEnableVector
 *fill*         0x0000000008002764        0xc 
 .text.nvicSetSystemHandlerPriority
                0x0000000008002770       0x10 build/obj/nvic.o
                0x0000000008002770                nvicSetSystemHandlerPriority
 .text.hal_lld_init
                0x0000000008002780       0x68 build/obj/hal_lld.o
                0x0000000008002780                hal_lld_init
 *fill*         0x00000000080027e8        0x8 
 .text.stm32_clock_init
                0x00000000080027f0       0xc8 build/obj/hal_lld.o
                0x00000000080027f0                stm32_clock_init
 *fill*         0x00000000080028b8        0x8 
 .text.Vector6C
                0x00000000080028c0       0x28 build/obj/stm32_dma.o
                0x00000000080028c0                Vector6C
 *fill*         0x00000000080028e8        0x8 
 .text.Vector70
                0x00000000080028f0       0x2c build/obj/stm32_dma.o
                0x00000000080028f0                Vector70
 *fill*         0x000000000800291c        0x4 
 .text.Vector74
                0x0000000008002920       0x2c build/obj/stm32_dma.o
                0x0000000008002920                Vector74
 *fill*         0x000000000800294c        0x4 
 .text.Vector78
                0x0000000008002950       0x2c build/obj/stm32_dma.o
                0x0000000008002950                Vector78
 *fill*         0x000000000800297c        0x4 
 .text.Vector7C
                0x0000000008002980       0x28 build/obj/stm32_dma.o
                0x0000000008002980                Vector7C
 *fill*         0x00000000080029a8        0x8 
 .text.Vector80
                0x00000000080029b0       0x2c build/obj/stm32_dma.o
                0x00000000080029b0                Vector80
 *fill*         0x00000000080029dc        0x4 
 .text.Vector84
                0x00000000080029e0       0x2c build/obj/stm32_dma.o
                0x00000000080029e0                Vector84
 *fill*         0x0000000008002a0c        0x4 
 .text.VectorFC
                0x0000000008002a10       0x2c build/obj/stm32_dma.o
                0x0000000008002a10                VectorFC
 *fill*         0x0000000008002a3c        0x4 
 .text.Vector120
                0x0000000008002a40       0x28 build/obj/stm32_dma.o
                0x0000000008002a40                Vector120
 *fill*         0x0000000008002a68        0x8 
 .text.Vector124
                0x0000000008002a70       0x2c build/obj/stm32_dma.o
                0x0000000008002a70                Vector124
 *fill*         0x0000000008002a9c        0x4 
 .text.Vector128
                0x0000000008002aa0       0x2c build/obj/stm32_dma.o
                0x0000000008002aa0                Vector128
 *fill*         0x0000000008002acc        0x4 
 .text.Vector12C
                0x0000000008002ad0       0x2c build/obj/stm32_dma.o
                0x0000000008002ad0                Vector12C
 *fill*         0x0000000008002afc        0x4 
 .text.Vector130
                0x0000000008002b00       0x28 build/obj/stm32_dma.o
                0x0000000008002b00                Vector130
 *fill*         0x0000000008002b28        0x8 
 .text.Vector150
                0x0000000008002b30       0x2c build/obj/stm32_dma.o
                0x0000000008002b30                Vector150
 *fill*         0x0000000008002b5c        0x4 
 .text.Vector154
                0x0000000008002b60       0x2c build/obj/stm32_dma.o
                0x0000000008002b60                Vector154
 *fill*         0x0000000008002b8c        0x4 
 .text.Vector158
                0x0000000008002b90       0x2c build/obj/stm32_dma.o
                0x0000000008002b90                Vector158
 *fill*         0x0000000008002bbc        0x4 
 .text.dmaInit  0x0000000008002bc0       0x54 build/obj/stm32_dma.o
                0x0000000008002bc0                dmaInit
 *fill*         0x0000000008002c14        0xc 
 .text.dmaStreamAllocate
                0x0000000008002c20       0x8c build/obj/stm32_dma.o
                0x0000000008002c20                dmaStreamAllocate
 *fill*         0x0000000008002cac        0x4 
 .text.SysTick_Handler
                0x0000000008002cb0       0x1c build/obj/st_lld.o
                0x0000000008002cb0                SysTick_Handler
 *fill*         0x0000000008002ccc        0x4 
 .text.st_lld_init
                0x0000000008002cd0       0x1c build/obj/st_lld.o
                0x0000000008002cd0                st_lld_init
 *fill*         0x0000000008002cec        0x4 
 .text.ext_lld_init
                0x0000000008002cf0        0xc build/obj/ext_lld.o
                0x0000000008002cf0                ext_lld_init
 *fill*         0x0000000008002cfc        0x4 
 .text.Vector58
                0x0000000008002d00       0x2c build/obj/ext_lld_isr.o
                0x0000000008002d00                Vector58
 *fill*         0x0000000008002d2c        0x4 
 .text.Vector5C
                0x0000000008002d30       0x2c build/obj/ext_lld_isr.o
                0x0000000008002d30                Vector5C
 *fill*         0x0000000008002d5c        0x4 
 .text.Vector60
                0x0000000008002d60       0x2c build/obj/ext_lld_isr.o
                0x0000000008002d60                Vector60
 *fill*         0x0000000008002d8c        0x4 
 .text.Vector64
                0x0000000008002d90       0x2c build/obj/ext_lld_isr.o
                0x0000000008002d90                Vector64
 *fill*         0x0000000008002dbc        0x4 
 .text.Vector68
                0x0000000008002dc0       0x2c build/obj/ext_lld_isr.o
                0x0000000008002dc0                Vector68
 *fill*         0x0000000008002dec        0x4 
 .text.Vector9C
                0x0000000008002df0       0x70 build/obj/ext_lld_isr.o
                0x0000000008002df0                Vector9C
 .text.VectorE0
                0x0000000008002e60       0x80 build/obj/ext_lld_isr.o
                0x0000000008002e60                VectorE0
 .text.Vector44
                0x0000000008002ee0       0x2c build/obj/ext_lld_isr.o
                0x0000000008002ee0                Vector44
 *fill*         0x0000000008002f0c        0x4 
 .text.VectorE4
                0x0000000008002f10       0x2c build/obj/ext_lld_isr.o
                0x0000000008002f10                VectorE4
 *fill*         0x0000000008002f3c        0x4 
 .text.VectorE8
                0x0000000008002f40       0x30 build/obj/ext_lld_isr.o
                0x0000000008002f40                VectorE8
 .text.Vector170
                0x0000000008002f70       0x30 build/obj/ext_lld_isr.o
                0x0000000008002f70                Vector170
 .text.Vector48
                0x0000000008002fa0       0x30 build/obj/ext_lld_isr.o
                0x0000000008002fa0                Vector48
 .text.Vector4C
                0x0000000008002fd0       0x30 build/obj/ext_lld_isr.o
                0x0000000008002fd0                Vector4C
 .text._pal_lld_init
                0x0000000008003000      0x1ac build/obj/pal_lld.o
                0x0000000008003000                _pal_lld_init
 *fill*         0x00000000080031ac        0x4 
 .text._pal_lld_setgroupmode
                0x00000000080031b0       0xd0 build/obj/pal_lld.o
                0x00000000080031b0                _pal_lld_setgroupmode
 .text.VectorBC
                0x0000000008003280       0xf8 build/obj/i2c_lld.o
                0x0000000008003280                VectorBC
 *fill*         0x0000000008003378        0x8 
 .text.VectorC0
                0x0000000008003380       0xd8 build/obj/i2c_lld.o
                0x0000000008003380                VectorC0
 *fill*         0x0000000008003458        0x8 
 .text.i2c_lld_init
                0x0000000008003460       0x2c build/obj/i2c_lld.o
                0x0000000008003460                i2c_lld_init
 *fill*         0x000000000800348c        0x4 
 .text.usb_lld_pump
                0x0000000008003490      0x200 build/obj/usb_lld.o
                0x0000000008003490                usb_lld_pump
 .text.usb_lld_init
                0x0000000008003690       0x24 build/obj/usb_lld.o
                0x0000000008003690                usb_lld_init
 *fill*         0x00000000080036b4        0xc 
 .text.usb_lld_start
                0x00000000080036c0      0x124 build/obj/usb_lld.o
                0x00000000080036c0                usb_lld_start
 *fill*         0x00000000080037e4        0xc 
 .text.usb_lld_reset
                0x00000000080037f0       0xc0 build/obj/usb_lld.o
                0x00000000080037f0                usb_lld_reset
 .text.usb_lld_set_address
                0x00000000080038b0       0x18 build/obj/usb_lld.o
                0x00000000080038b0                usb_lld_set_address
 *fill*         0x00000000080038c8        0x8 
 .text.usb_lld_init_endpoint
                0x00000000080038d0      0x164 build/obj/usb_lld.o
                0x00000000080038d0                usb_lld_init_endpoint
 *fill*         0x0000000008003a34        0xc 
 .text.usb_lld_get_status_out
                0x0000000008003a40       0x1c build/obj/usb_lld.o
                0x0000000008003a40                usb_lld_get_status_out
 *fill*         0x0000000008003a5c        0x4 
 .text.usb_lld_get_status_in
                0x0000000008003a60       0x1c build/obj/usb_lld.o
                0x0000000008003a60                usb_lld_get_status_in
 *fill*         0x0000000008003a7c        0x4 
 .text.usb_lld_read_setup
                0x0000000008003a80       0x14 build/obj/usb_lld.o
                0x0000000008003a80                usb_lld_read_setup
 *fill*         0x0000000008003a94        0xc 
 .text.usb_lld_start_out
                0x0000000008003aa0       0x84 build/obj/usb_lld.o
                0x0000000008003aa0                usb_lld_start_out
 *fill*         0x0000000008003b24        0xc 
 .text.otg_epout_handler.constprop.9
                0x0000000008003b30       0x9c build/obj/usb_lld.o
 *fill*         0x0000000008003bcc        0x4 
 .text.usb_lld_start_in
                0x0000000008003bd0       0xac build/obj/usb_lld.o
                0x0000000008003bd0                usb_lld_start_in
 *fill*         0x0000000008003c7c        0x4 
 .text.otg_epin_handler.constprop.10
                0x0000000008003c80       0xb4 build/obj/usb_lld.o
 *fill*         0x0000000008003d34        0xc 
 .text.Vector14C
                0x0000000008003d40      0x264 build/obj/usb_lld.o
                0x0000000008003d40                Vector14C
 *fill*         0x0000000008003fa4        0xc 
 .text.usb_lld_stall_out
                0x0000000008003fb0       0x14 build/obj/usb_lld.o
                0x0000000008003fb0                usb_lld_stall_out
 *fill*         0x0000000008003fc4        0xc 
 .text.usb_lld_stall_in
                0x0000000008003fd0       0x14 build/obj/usb_lld.o
                0x0000000008003fd0                usb_lld_stall_in
 *fill*         0x0000000008003fe4        0xc 
 .text.usb_lld_clear_out
                0x0000000008003ff0       0x14 build/obj/usb_lld.o
                0x0000000008003ff0                usb_lld_clear_out
 *fill*         0x0000000008004004        0xc 
 .text.usb_lld_clear_in
                0x0000000008004010       0x14 build/obj/usb_lld.o
                0x0000000008004010                usb_lld_clear_in
 *fill*         0x0000000008004024        0xc 
 .text.spi_lld_serve_tx_interrupt
                0x0000000008004030       0x14 build/obj/spi_lld.o
 *fill*         0x0000000008004044        0xc 
 .text.spi_lld_serve_rx_interrupt
                0x0000000008004050       0x80 build/obj/spi_lld.o
 .text.spi_lld_init
                0x00000000080040d0       0x44 build/obj/spi_lld.o
                0x00000000080040d0                spi_lld_init
 *fill*         0x0000000008004114        0xc 
 .text.spi_lld_start
                0x0000000008004120       0x94 build/obj/spi_lld.o
                0x0000000008004120                spi_lld_start
 *fill*         0x00000000080041b4        0xc 
 .text.spi_lld_select
                0x00000000080041c0       0x10 build/obj/spi_lld.o
                0x00000000080041c0                spi_lld_select
 .text.spi_lld_unselect
                0x00000000080041d0       0x10 build/obj/spi_lld.o
                0x00000000080041d0                spi_lld_unselect
 .text.spi_lld_exchange
                0x00000000080041e0       0x38 build/obj/spi_lld.o
                0x00000000080041e0                spi_lld_exchange
 *fill*         0x0000000008004218        0x8 
 .text.spi_lld_send
                0x0000000008004220       0x38 build/obj/spi_lld.o
                0x0000000008004220                spi_lld_send
 *fill*         0x0000000008004258        0x8 
 .text.__early_init
                0x0000000008004260        0x4 build/obj/board.o
                0x0000000008004260                __early_init
 *fill*         0x0000000008004264        0xc 
 .text.boardInit
                0x0000000008004270        0x4 build/obj/board.o
                0x0000000008004270                boardInit
 *fill*         0x0000000008004274        0xc 
 .text.ch_ltoa  0x0000000008004280       0x44 build/obj/chprintf.o
 *fill*         0x00000000080042c4        0xc 
 .text.chvprintf
                0x00000000080042d0      0x4f0 build/obj/chprintf.o
                0x00000000080042d0                chvprintf
 .text.chprintf
                0x00000000080047c0       0x1c build/obj/chprintf.o
                0x00000000080047c0                chprintf
 *fill*         0x00000000080047dc        0x4 
 .text.led_update
                0x00000000080047e0       0x30 build/obj/main.o
 .text.startup.main
                0x0000000008004810       0x60 build/obj/main.o
                0x0000000008004810                main
 .text.spicb    0x0000000008004870       0x6c build/obj/as5x47.o
 *fill*         0x00000000080048dc        0x4 
 .text.as5x47_init
                0x00000000080048e0       0x90 build/obj/as5x47.o
                0x00000000080048e0                as5x47_init
 .text.as5x47_update_raw_position
                0x0000000008004970       0x38 build/obj/as5x47.o
                0x0000000008004970                as5x47_update_raw_position
 *fill*         0x00000000080049a8        0x8 
 .text.as5x47_get_angle
                0x00000000080049b0       0x34 build/obj/as5x47.o
                0x00000000080049b0                as5x47_get_angle
 *fill*         0x00000000080049e4        0xc 
 .text.comm_can_init
                0x00000000080049f0        0x4 build/obj/comm_can.o
                0x00000000080049f0                comm_can_init
 *fill*         0x00000000080049f4        0xc 
 .text.comm_can_update
                0x0000000008004a00        0x4 build/obj/comm_can.o
                0x0000000008004a00                comm_can_update
 *fill*         0x0000000008004a04        0xc 
 .text.get_descriptor
                0x0000000008004a10       0x30 build/obj/comm_usb.o
 .text.sof_handler
                0x0000000008004a40       0x1c build/obj/comm_usb.o
 *fill*         0x0000000008004a5c        0x4 
 .text.usb_event
                0x0000000008004a60       0x58 build/obj/comm_usb.o
 *fill*         0x0000000008004ab8        0x8 
 .text.comm_usb_serial_init
                0x0000000008004ac0       0x6c build/obj/comm_usb.o
                0x0000000008004ac0                comm_usb_serial_init
 *fill*         0x0000000008004b2c        0x4 
 .text.comm_usb_serial_is_active
                0x0000000008004b30       0x1c build/obj/comm_usb.o
                0x0000000008004b30                comm_usb_serial_is_active
 *fill*         0x0000000008004b4c        0x4 
 .text.comm_update
                0x0000000008004b50       0x20 build/obj/comm.o
 .text.comm_init
                0x0000000008004b70       0x28 build/obj/comm.o
                0x0000000008004b70                comm_init
 *fill*         0x0000000008004b98        0x8 
 .text.controller_init
                0x0000000008004ba0      0x2e0 build/obj/controller.o
                0x0000000008004ba0                controller_init
 .text.controller_print_adc
                0x0000000008004e80       0x30 build/obj/controller.o
                0x0000000008004e80                controller_print_adc
 .text.controller_apply_zsm
                0x0000000008004eb0        0x4 build/obj/controller.o
                0x0000000008004eb0                controller_apply_zsm
 *fill*         0x0000000008004eb4        0xc 
 .text.controller_update
                0x0000000008004ec0      0x110 build/obj/controller.o
                0x0000000008004ec0                controller_update
 .text.Vector88
                0x0000000008004fd0       0x28 build/obj/controller.o
                0x0000000008004fd0                Vector88
 *fill*         0x0000000008004ff8        0x8 
 .text.encoder_init
                0x0000000008005000        0x4 build/obj/encoder.o
                0x0000000008005000                encoder_init
 *fill*         0x0000000008005004        0xc 
 .text.encoder_get_angle
                0x0000000008005010       0x44 build/obj/encoder.o
                0x0000000008005010                encoder_get_angle
 *fill*         0x0000000008005054        0xc 
 .text.transforms_inverse_park
                0x0000000008005060      0x100 build/obj/transforms.o
                0x0000000008005060                transforms_inverse_park
 .text.transforms_inverse_clarke
                0x0000000008005160       0x58 build/obj/transforms.o
                0x0000000008005160                transforms_inverse_clarke
 *fill*         0x00000000080051b8        0x8 
 .text.ws2812b_init
                0x00000000080051c0      0x1bc build/obj/ws2812b.o
                0x00000000080051c0                ws2812b_init
 *fill*         0x000000000800537c        0x4 
 .text.ws2812b_set_all
                0x0000000008005380       0x5c build/obj/ws2812b.o
                0x0000000008005380                ws2812b_set_all
 *fill*         0x00000000080053dc        0x4 
 .text.zsm_sinusoidal
                0x00000000080053e0       0x40 build/obj/zsm.o
                0x00000000080053e0                zsm_sinusoidal
 .text.ADC_Init
                0x0000000008005420       0x50 build/obj/stm32f4xx_adc.o
                0x0000000008005420                ADC_Init
 .text.ADC_CommonInit
                0x0000000008005470       0x28 build/obj/stm32f4xx_adc.o
                0x0000000008005470                ADC_CommonInit
 *fill*         0x0000000008005498        0x8 
 .text.ADC_Cmd  0x00000000080054a0       0x14 build/obj/stm32f4xx_adc.o
                0x00000000080054a0                ADC_Cmd
 *fill*         0x00000000080054b4        0xc 
 .text.ADC_MultiModeDMARequestAfterLastTransferCmd
                0x00000000080054c0       0x1c build/obj/stm32f4xx_adc.o
                0x00000000080054c0                ADC_MultiModeDMARequestAfterLastTransferCmd
 *fill*         0x00000000080054dc        0x4 
 .text.ADC_InjectedChannelConfig
                0x00000000080054e0       0x58 build/obj/stm32f4xx_adc.o
                0x00000000080054e0                ADC_InjectedChannelConfig
 *fill*         0x0000000008005538        0x8 
 .text.ADC_InjectedSequencerLengthConfig
                0x0000000008005540       0x10 build/obj/stm32f4xx_adc.o
                0x0000000008005540                ADC_InjectedSequencerLengthConfig
 .text.ADC_ExternalTrigInjectedConvConfig
                0x0000000008005550        0xc build/obj/stm32f4xx_adc.o
                0x0000000008005550                ADC_ExternalTrigInjectedConvConfig
 *fill*         0x000000000800555c        0x4 
 .text.ADC_ExternalTrigInjectedConvEdgeConfig
                0x0000000008005560        0xc build/obj/stm32f4xx_adc.o
                0x0000000008005560                ADC_ExternalTrigInjectedConvEdgeConfig
 *fill*         0x000000000800556c        0x4 
 .text.ADC_GetInjectedConversionValue
                0x0000000008005570       0x1c build/obj/stm32f4xx_adc.o
                0x0000000008005570                ADC_GetInjectedConversionValue
 *fill*         0x000000000800558c        0x4 
 .text.ADC_ITConfig
                0x0000000008005590       0x18 build/obj/stm32f4xx_adc.o
                0x0000000008005590                ADC_ITConfig
 *fill*         0x00000000080055a8        0x8 
 .text.ADC_ClearITPendingBit
                0x00000000080055b0        0x8 build/obj/stm32f4xx_adc.o
                0x00000000080055b0                ADC_ClearITPendingBit
 *fill*         0x00000000080055b8        0x8 
 .text.DMA_DeInit
                0x00000000080055c0      0x130 build/obj/stm32f4xx_dma.o
                0x00000000080055c0                DMA_DeInit
 .text.DMA_Init
                0x00000000080056f0       0x58 build/obj/stm32f4xx_dma.o
                0x00000000080056f0                DMA_Init
 *fill*         0x0000000008005748        0x8 
 .text.DMA_Cmd  0x0000000008005750       0x14 build/obj/stm32f4xx_dma.o
                0x0000000008005750                DMA_Cmd
 *fill*         0x0000000008005764        0xc 
 .text.RCC_AHB1PeriphClockCmd
                0x0000000008005770       0x1c build/obj/stm32f4xx_rcc.o
                0x0000000008005770                RCC_AHB1PeriphClockCmd
 *fill*         0x000000000800578c        0x4 
 .text.RCC_APB1PeriphClockCmd
                0x0000000008005790       0x1c build/obj/stm32f4xx_rcc.o
                0x0000000008005790                RCC_APB1PeriphClockCmd
 *fill*         0x00000000080057ac        0x4 
 .text.RCC_APB2PeriphClockCmd
                0x00000000080057b0       0x1c build/obj/stm32f4xx_rcc.o
                0x00000000080057b0                RCC_APB2PeriphClockCmd
 *fill*         0x00000000080057cc        0x4 
 .text.RCC_APB1PeriphResetCmd
                0x00000000080057d0       0x1c build/obj/stm32f4xx_rcc.o
                0x00000000080057d0                RCC_APB1PeriphResetCmd
 *fill*         0x00000000080057ec        0x4 
 .text.RCC_APB2PeriphResetCmd
                0x00000000080057f0       0x1c build/obj/stm32f4xx_rcc.o
                0x00000000080057f0                RCC_APB2PeriphResetCmd
 *fill*         0x000000000800580c        0x4 
 .text.TIM_DeInit
                0x0000000008005810      0x1b8 build/obj/stm32f4xx_tim.o
                0x0000000008005810                TIM_DeInit
 *fill*         0x00000000080059c8        0x8 
 .text.TIM_TimeBaseInit
                0x00000000080059d0       0x98 build/obj/stm32f4xx_tim.o
                0x00000000080059d0                TIM_TimeBaseInit
 *fill*         0x0000000008005a68        0x8 
 .text.TIM_ARRPreloadConfig
                0x0000000008005a70       0x18 build/obj/stm32f4xx_tim.o
                0x0000000008005a70                TIM_ARRPreloadConfig
 *fill*         0x0000000008005a88        0x8 
 .text.TIM_Cmd  0x0000000008005a90       0x18 build/obj/stm32f4xx_tim.o
                0x0000000008005a90                TIM_Cmd
 *fill*         0x0000000008005aa8        0x8 
 .text.TIM_OC1Init
                0x0000000008005ab0       0x74 build/obj/stm32f4xx_tim.o
                0x0000000008005ab0                TIM_OC1Init
 *fill*         0x0000000008005b24        0xc 
 .text.TIM_OC2Init
                0x0000000008005b30       0x80 build/obj/stm32f4xx_tim.o
                0x0000000008005b30                TIM_OC2Init
 .text.TIM_OC3Init
                0x0000000008005bb0       0x84 build/obj/stm32f4xx_tim.o
                0x0000000008005bb0                TIM_OC3Init
 *fill*         0x0000000008005c34        0xc 
 .text.TIM_OC4Init
                0x0000000008005c40       0x68 build/obj/stm32f4xx_tim.o
                0x0000000008005c40                TIM_OC4Init
 *fill*         0x0000000008005ca8        0x8 
 .text.TIM_OC1PreloadConfig
                0x0000000008005cb0       0x10 build/obj/stm32f4xx_tim.o
                0x0000000008005cb0                TIM_OC1PreloadConfig
 .text.TIM_OC2PreloadConfig
                0x0000000008005cc0       0x14 build/obj/stm32f4xx_tim.o
                0x0000000008005cc0                TIM_OC2PreloadConfig
 *fill*         0x0000000008005cd4        0xc 
 .text.TIM_OC3PreloadConfig
                0x0000000008005ce0       0x10 build/obj/stm32f4xx_tim.o
                0x0000000008005ce0                TIM_OC3PreloadConfig
 .text.TIM_OC4PreloadConfig
                0x0000000008005cf0       0x14 build/obj/stm32f4xx_tim.o
                0x0000000008005cf0                TIM_OC4PreloadConfig
 *fill*         0x0000000008005d04        0xc 
 .text.TIM_BDTRConfig
                0x0000000008005d10       0x28 build/obj/stm32f4xx_tim.o
                0x0000000008005d10                TIM_BDTRConfig
 *fill*         0x0000000008005d38        0x8 
 .text.TIM_CtrlPWMOutputs
                0x0000000008005d40       0x14 build/obj/stm32f4xx_tim.o
                0x0000000008005d40                TIM_CtrlPWMOutputs
 *fill*         0x0000000008005d54        0xc 
 .text.TIM_CCPreloadControl
                0x0000000008005d60       0x18 build/obj/stm32f4xx_tim.o
                0x0000000008005d60                TIM_CCPreloadControl
 *fill*         0x0000000008005d78        0x8 
 .text.TIM_DMACmd
                0x0000000008005d80       0x18 build/obj/stm32f4xx_tim.o
                0x0000000008005d80                TIM_DMACmd
 *fill*         0x0000000008005d98        0x8 
 .text.cos      0x0000000008005da0       0xc0 /opt/homebrew-cask/Caskroom/gcc-arm-embedded/5_2-2015q4,20151219/gcc-arm-none-eabi-5_2-2015q4/bin/../lib/gcc/arm-none-eabi/5.2.1/../../../../arm-none-eabi/lib/armv7e-m/fpu/libm.a(lib_a-s_cos.o)
                0x0000000008005da0                cos
 .text.sin      0x0000000008005e60       0xc0 /opt/homebrew-cask/Caskroom/gcc-arm-embedded/5_2-2015q4,20151219/gcc-arm-none-eabi-5_2-2015q4/bin/../lib/gcc/arm-none-eabi/5.2.1/../../../../arm-none-eabi/lib/armv7e-m/fpu/libm.a(lib_a-s_sin.o)
                0x0000000008005e60                sin
 .text.roundf   0x0000000008005f20       0x60 /opt/homebrew-cask/Caskroom/gcc-arm-embedded/5_2-2015q4,20151219/gcc-arm-none-eabi-5_2-2015q4/bin/../lib/gcc/arm-none-eabi/5.2.1/../../../../arm-none-eabi/lib/armv7e-m/fpu/libm.a(lib_a-sf_round.o)
                0x0000000008005f20                roundf
 .text.fmod     0x0000000008005f80       0xcc /opt/homebrew-cask/Caskroom/gcc-arm-embedded/5_2-2015q4,20151219/gcc-arm-none-eabi-5_2-2015q4/bin/../lib/gcc/arm-none-eabi/5.2.1/../../../../arm-none-eabi/lib/armv7e-m/fpu/libm.a(lib_a-w_fmod.o)
                0x0000000008005f80                fmod
 *fill*         0x000000000800604c        0x4 
 .text.powf     0x0000000008006050      0x354 /opt/homebrew-cask/Caskroom/gcc-arm-embedded/5_2-2015q4,20151219/gcc-arm-none-eabi-5_2-2015q4/bin/../lib/gcc/arm-none-eabi/5.2.1/../../../../arm-none-eabi/lib/armv7e-m/fpu/libm.a(lib_a-wf_pow.o)
                0x0000000008006050                powf
 *fill*         0x00000000080063a4        0xc 
 .text.__ieee754_fmod
                0x00000000080063b0      0x274 /opt/homebrew-cask/Caskroom/gcc-arm-embedded/5_2-2015q4,20151219/gcc-arm-none-eabi-5_2-2015q4/bin/../lib/gcc/arm-none-eabi/5.2.1/../../../../arm-none-eabi/lib/armv7e-m/fpu/libm.a(lib_a-e_fmod.o)
                0x00000000080063b0                __ieee754_fmod
 *fill*         0x0000000008006624        0xc 
 .text.__ieee754_rem_pio2
                0x0000000008006630      0x44c /opt/homebrew-cask/Caskroom/gcc-arm-embedded/5_2-2015q4,20151219/gcc-arm-none-eabi-5_2-2015q4/bin/../lib/gcc/arm-none-eabi/5.2.1/../../../../arm-none-eabi/lib/armv7e-m/fpu/libm.a(lib_a-e_rem_pio2.o)
                0x0000000008006630                __ieee754_rem_pio2
 *fill*         0x0000000008006a7c        0x4 
 .text.__ieee754_powf
                0x0000000008006a80      0x5fc /opt/homebrew-cask/Caskroom/gcc-arm-embedded/5_2-2015q4,20151219/gcc-arm-none-eabi-5_2-2015q4/bin/../lib/gcc/arm-none-eabi/5.2.1/../../../../arm-none-eabi/lib/armv7e-m/fpu/libm.a(lib_a-ef_pow.o)
                0x0000000008006a80                __ieee754_powf
 *fill*         0x000000000800707c        0x4 
 .text.__ieee754_sqrtf
                0x0000000008007080       0xa4 /opt/homebrew-cask/Caskroom/gcc-arm-embedded/5_2-2015q4,20151219/gcc-arm-none-eabi-5_2-2015q4/bin/../lib/gcc/arm-none-eabi/5.2.1/../../../../arm-none-eabi/lib/armv7e-m/fpu/libm.a(lib_a-ef_sqrt.o)
                0x0000000008007080                __ieee754_sqrtf
 *fill*         0x0000000008007124        0xc 
 .text.__kernel_cos
                0x0000000008007130      0x284 /opt/homebrew-cask/Caskroom/gcc-arm-embedded/5_2-2015q4,20151219/gcc-arm-none-eabi-5_2-2015q4/bin/../lib/gcc/arm-none-eabi/5.2.1/../../../../arm-none-eabi/lib/armv7e-m/fpu/libm.a(lib_a-k_cos.o)
                0x0000000008007130                __kernel_cos
 *fill*         0x00000000080073b4        0xc 
 .text.__kernel_rem_pio2
                0x00000000080073c0      0x820 /opt/homebrew-cask/Caskroom/gcc-arm-embedded/5_2-2015q4,20151219/gcc-arm-none-eabi-5_2-2015q4/bin/../lib/gcc/arm-none-eabi/5.2.1/../../../../arm-none-eabi/lib/armv7e-m/fpu/libm.a(lib_a-k_rem_pio2.o)
                0x00000000080073c0                __kernel_rem_pio2
 .text.__kernel_sin
                0x0000000008007be0      0x194 /opt/homebrew-cask/Caskroom/gcc-arm-embedded/5_2-2015q4,20151219/gcc-arm-none-eabi-5_2-2015q4/bin/../lib/gcc/arm-none-eabi/5.2.1/../../../../arm-none-eabi/lib/armv7e-m/fpu/libm.a(lib_a-k_sin.o)
                0x0000000008007be0                __kernel_sin
 *fill*         0x0000000008007d74        0xc 
 .text.fabs     0x0000000008007d80       0x10 /opt/homebrew-cask/Caskroom/gcc-arm-embedded/5_2-2015q4,20151219/gcc-arm-none-eabi-5_2-2015q4/bin/../lib/gcc/arm-none-eabi/5.2.1/../../../../arm-none-eabi/lib/armv7e-m/fpu/libm.a(lib_a-s_fabs.o)
                0x0000000008007d80                fabs
 .text.floor    0x0000000008007d90      0x120 /opt/homebrew-cask/Caskroom/gcc-arm-embedded/5_2-2015q4,20151219/gcc-arm-none-eabi-5_2-2015q4/bin/../lib/gcc/arm-none-eabi/5.2.1/../../../../arm-none-eabi/lib/armv7e-m/fpu/libm.a(lib_a-s_floor.o)
                0x0000000008007d90                floor
 .text.__fpclassifyd
                0x0000000008007eb0       0x5c /opt/homebrew-cask/Caskroom/gcc-arm-embedded/5_2-2015q4,20151219/gcc-arm-none-eabi-5_2-2015q4/bin/../lib/gcc/arm-none-eabi/5.2.1/../../../../arm-none-eabi/lib/armv7e-m/fpu/libm.a(lib_a-s_fpclassify.o)
                0x0000000008007eb0                __fpclassifyd
 *fill*         0x0000000008007f0c        0x4 
 .text.matherr  0x0000000008007f10        0x4 /opt/homebrew-cask/Caskroom/gcc-arm-embedded/5_2-2015q4,20151219/gcc-arm-none-eabi-5_2-2015q4/bin/../lib/gcc/arm-none-eabi/5.2.1/../../../../arm-none-eabi/lib/armv7e-m/fpu/libm.a(lib_a-s_matherr.o)
                0x0000000008007f10                matherr
 *fill*         0x0000000008007f14        0xc 
 .text.rint     0x0000000008007f20      0x128 /opt/homebrew-cask/Caskroom/gcc-arm-embedded/5_2-2015q4,20151219/gcc-arm-none-eabi-5_2-2015q4/bin/../lib/gcc/arm-none-eabi/5.2.1/../../../../arm-none-eabi/lib/armv7e-m/fpu/libm.a(lib_a-s_rint.o)
                0x0000000008007f20                rint
 *fill*         0x0000000008008048        0x8 
 .text.scalbn   0x0000000008008050      0x10c /opt/homebrew-cask/Caskroom/gcc-arm-embedded/5_2-2015q4,20151219/gcc-arm-none-eabi-5_2-2015q4/bin/../lib/gcc/arm-none-eabi/5.2.1/../../../../arm-none-eabi/lib/armv7e-m/fpu/libm.a(lib_a-s_scalbn.o)
                0x0000000008008050                scalbn
 *fill*         0x000000000800815c        0x4 
 .text.fabsf    0x0000000008008160       0x10 /opt/homebrew-cask/Caskroom/gcc-arm-embedded/5_2-2015q4,20151219/gcc-arm-none-eabi-5_2-2015q4/bin/../lib/gcc/arm-none-eabi/5.2.1/../../../../arm-none-eabi/lib/armv7e-m/fpu/libm.a(lib_a-sf_fabs.o)
                0x0000000008008160                fabsf
 .text.finitef  0x0000000008008170       0x14 /opt/homebrew-cask/Caskroom/gcc-arm-embedded/5_2-2015q4,20151219/gcc-arm-none-eabi-5_2-2015q4/bin/../lib/gcc/arm-none-eabi/5.2.1/../../../../arm-none-eabi/lib/armv7e-m/fpu/libm.a(lib_a-sf_finite.o)
                0x0000000008008170                finitef
 *fill*         0x0000000008008184        0xc 
 .text.__fpclassifyf
                0x0000000008008190       0x38 /opt/homebrew-cask/Caskroom/gcc-arm-embedded/5_2-2015q4,20151219/gcc-arm-none-eabi-5_2-2015q4/bin/../lib/gcc/arm-none-eabi/5.2.1/../../../../arm-none-eabi/lib/armv7e-m/fpu/libm.a(lib_a-sf_fpclassify.o)
                0x0000000008008190                __fpclassifyf
 *fill*         0x00000000080081c8        0x8 
 .text.nanf     0x00000000080081d0        0xc /opt/homebrew-cask/Caskroom/gcc-arm-embedded/5_2-2015q4,20151219/gcc-arm-none-eabi-5_2-2015q4/bin/../lib/gcc/arm-none-eabi/5.2.1/../../../../arm-none-eabi/lib/armv7e-m/fpu/libm.a(lib_a-sf_nan.o)
                0x00000000080081d0                nanf
 *fill*         0x00000000080081dc        0x4 
 .text.scalbnf  0x00000000080081e0       0xd0 /opt/homebrew-cask/Caskroom/gcc-arm-embedded/5_2-2015q4,20151219/gcc-arm-none-eabi-5_2-2015q4/bin/../lib/gcc/arm-none-eabi/5.2.1/../../../../arm-none-eabi/lib/armv7e-m/fpu/libm.a(lib_a-sf_scalbn.o)
                0x00000000080081e0                scalbnf
 .text.copysign
                0x00000000080082b0       0x1c /opt/homebrew-cask/Caskroom/gcc-arm-embedded/5_2-2015q4,20151219/gcc-arm-none-eabi-5_2-2015q4/bin/../lib/gcc/arm-none-eabi/5.2.1/../../../../arm-none-eabi/lib/armv7e-m/fpu/libm.a(lib_a-s_copysign.o)
                0x00000000080082b0                copysign
 *fill*         0x00000000080082cc        0x4 
 .text.copysignf
                0x00000000080082d0       0x18 /opt/homebrew-cask/Caskroom/gcc-arm-embedded/5_2-2015q4,20151219/gcc-arm-none-eabi-5_2-2015q4/bin/../lib/gcc/arm-none-eabi/5.2.1/../../../../arm-none-eabi/lib/armv7e-m/fpu/libm.a(lib_a-sf_copysign.o)
                0x00000000080082d0                copysignf
 *fill*         0x00000000080082e8        0x8 
 .text.__errno  0x00000000080082f0        0xc /opt/homebrew-cask/Caskroom/gcc-arm-embedded/5_2-2015q4,20151219/gcc-arm-none-eabi-5_2-2015q4/bin/../lib/gcc/arm-none-eabi/5.2.1/../../../../arm-none-eabi/lib/armv7e-m/fpu/libg.a(lib_a-errno.o)
                0x00000000080082f0                __errno
 *(.rodata)
 *(.rodata.*)
 *fill*         0x00000000080082fc        0x4 
 .rodata.ram_areas
                0x0000000008008300       0x80 build/obj/crt1.o
 .rodata.str1.4
                0x0000000008008380        0x5 build/obj/chsys.o
 *fill*         0x0000000008008385        0xb 
 .rodata.ch_debug
                0x0000000008008390       0x16 build/obj/chregistry.o
                0x0000000008008390                ch_debug
 *fill*         0x00000000080083a6        0xa 
 .rodata.vmt    0x00000000080083b0       0x20 build/obj/serial_usb.o
 .rodata.zero_status
                0x00000000080083d0        0x2 build/obj/usb.o
 *fill*         0x00000000080083d2        0xe 
 .rodata.active_status
                0x00000000080083e0        0x2 build/obj/usb.o
 *fill*         0x00000000080083e2        0xe 
 .rodata.halted_status
                0x00000000080083f0        0x2 build/obj/usb.o
 *fill*         0x00000000080083f2        0xe 
 .rodata._stm32_dma_streams
                0x0000000008008400       0xc0 build/obj/stm32_dma.o
                0x0000000008008400                _stm32_dma_streams
 .rodata.fsparams
                0x00000000080084c0        0xc build/obj/usb_lld.o
 *fill*         0x00000000080084cc        0x4 
 .rodata.str1.4
                0x00000000080084d0        0xd build/obj/usb_lld.o
 *fill*         0x00000000080084dd        0x3 
 .rodata.ep0config
                0x00000000080084e0       0x24 build/obj/usb_lld.o
 *fill*         0x0000000008008504        0xc 
 .rodata.str1.4
                0x0000000008008510        0xc build/obj/spi_lld.o
 *fill*         0x000000000800851c        0x4 
 .rodata.pal_default_config
                0x0000000008008520       0xfc build/obj/board.o
                0x0000000008008520                pal_default_config
 *fill*         0x000000000800861c        0x4 
 .rodata.str1.4
                0x0000000008008620        0x7 build/obj/chprintf.o
 *fill*         0x0000000008008627        0x9 
 .rodata.pow10  0x0000000008008630       0x24 build/obj/chprintf.o
 *fill*         0x0000000008008654        0xc 
 .rodata.str1.4
                0x0000000008008660        0xb build/obj/main.o
 *fill*         0x000000000800866b        0x5 
 .rodata.encoderSPI
                0x0000000008008670        0xc build/obj/as5x47.o
 *fill*         0x000000000800867c        0x4 
 .rodata.ep1config
                0x0000000008008680       0x24 build/obj/comm_usb.o
 *fill*         0x00000000080086a4        0xc 
 .rodata.vcom_configuration_descriptor
                0x00000000080086b0        0x8 build/obj/comm_usb.o
 *fill*         0x00000000080086b8        0x8 
 .rodata.ep2config
                0x00000000080086c0       0x24 build/obj/comm_usb.o
 *fill*         0x00000000080086e4        0xc 
 .rodata.usbcfg
                0x00000000080086f0       0x10 build/obj/comm_usb.o
 .rodata.vcom_configuration_descriptor_data
                0x0000000008008700       0x43 build/obj/comm_usb.o
 *fill*         0x0000000008008743        0xd 
 .rodata.vcom_device_descriptor_data
                0x0000000008008750       0x12 build/obj/comm_usb.o
 *fill*         0x0000000008008762        0xe 
 .rodata.vcom_string0
                0x0000000008008770        0x4 build/obj/comm_usb.o
 *fill*         0x0000000008008774        0xc 
 .rodata.vcom_string1
                0x0000000008008780       0x26 build/obj/comm_usb.o
 *fill*         0x00000000080087a6        0xa 
 .rodata.vcom_string2
                0x00000000080087b0       0x38 build/obj/comm_usb.o
 *fill*         0x00000000080087e8        0x8 
 .rodata.vcom_string3
                0x00000000080087f0        0x8 build/obj/comm_usb.o
 *fill*         0x00000000080087f8        0x8 
 .rodata.vcom_strings
                0x0000000008008800       0x20 build/obj/comm_usb.o
 .rodata.serusbcfg
                0x0000000008008820        0x8 build/obj/comm_usb.o
                0x0000000008008820                serusbcfg
 *fill*         0x0000000008008828        0x8 
 .rodata.vcom_device_descriptor
                0x0000000008008830        0x8 build/obj/comm_usb.o
 *fill*         0x0000000008008838        0x8 
 .rodata.str1.4
                0x0000000008008840        0xc build/obj/comm.o
 *fill*         0x000000000800884c        0x4 
 .rodata.str1.4
                0x0000000008008850        0x4 build/obj/controller.o
 *fill*         0x0000000008008854        0xc 
 .rodata.str1.4
                0x0000000008008860        0x5 /opt/homebrew-cask/Caskroom/gcc-arm-embedded/5_2-2015q4,20151219/gcc-arm-none-eabi-5_2-2015q4/bin/../lib/gcc/arm-none-eabi/5.2.1/../../../../arm-none-eabi/lib/armv7e-m/fpu/libm.a(lib_a-w_fmod.o)
 *fill*         0x0000000008008865        0xb 
 .rodata.str1.4
                0x0000000008008870        0x5 /opt/homebrew-cask/Caskroom/gcc-arm-embedded/5_2-2015q4,20151219/gcc-arm-none-eabi-5_2-2015q4/bin/../lib/gcc/arm-none-eabi/5.2.1/../../../../arm-none-eabi/lib/armv7e-m/fpu/libm.a(lib_a-wf_pow.o)
 *fill*         0x0000000008008875        0xb 
 .rodata.Zero   0x0000000008008880       0x10 /opt/homebrew-cask/Caskroom/gcc-arm-embedded/5_2-2015q4,20151219/gcc-arm-none-eabi-5_2-2015q4/bin/../lib/gcc/arm-none-eabi/5.2.1/../../../../arm-none-eabi/lib/armv7e-m/fpu/libm.a(lib_a-e_fmod.o)
 .rodata.npio2_hw
                0x0000000008008890       0x80 /opt/homebrew-cask/Caskroom/gcc-arm-embedded/5_2-2015q4,20151219/gcc-arm-none-eabi-5_2-2015q4/bin/../lib/gcc/arm-none-eabi/5.2.1/../../../../arm-none-eabi/lib/armv7e-m/fpu/libm.a(lib_a-e_rem_pio2.o)
 .rodata.two_over_pi
                0x0000000008008910      0x108 /opt/homebrew-cask/Caskroom/gcc-arm-embedded/5_2-2015q4,20151219/gcc-arm-none-eabi-5_2-2015q4/bin/../lib/gcc/arm-none-eabi/5.2.1/../../../../arm-none-eabi/lib/armv7e-m/fpu/libm.a(lib_a-e_rem_pio2.o)
 .rodata.str1.4
                0x0000000008008a18        0x5 /opt/homebrew-cask/Caskroom/gcc-arm-embedded/5_2-2015q4,20151219/gcc-arm-none-eabi-5_2-2015q4/bin/../lib/gcc/arm-none-eabi/5.2.1/../../../../arm-none-eabi/lib/armv7e-m/fpu/libm.a(lib_a-ef_pow.o)
                                          0x1 (size before relaxing)
 *fill*         0x0000000008008a18        0x8 
 .rodata.init_jk
                0x0000000008008a20       0x10 /opt/homebrew-cask/Caskroom/gcc-arm-embedded/5_2-2015q4,20151219/gcc-arm-none-eabi-5_2-2015q4/bin/../lib/gcc/arm-none-eabi/5.2.1/../../../../arm-none-eabi/lib/armv7e-m/fpu/libm.a(lib_a-k_rem_pio2.o)
 .rodata.PIo2   0x0000000008008a30       0x40 /opt/homebrew-cask/Caskroom/gcc-arm-embedded/5_2-2015q4,20151219/gcc-arm-none-eabi-5_2-2015q4/bin/../lib/gcc/arm-none-eabi/5.2.1/../../../../arm-none-eabi/lib/armv7e-m/fpu/libm.a(lib_a-k_rem_pio2.o)
 .rodata.TWO52  0x0000000008008a70       0x10 /opt/homebrew-cask/Caskroom/gcc-arm-embedded/5_2-2015q4,20151219/gcc-arm-none-eabi-5_2-2015q4/bin/../lib/gcc/arm-none-eabi/5.2.1/../../../../arm-none-eabi/lib/armv7e-m/fpu/libm.a(lib_a-s_rint.o)
 .rodata.str1.4
                0x0000000008008a80        0x4 /opt/homebrew-cask/Caskroom/gcc-arm-embedded/5_2-2015q4,20151219/gcc-arm-none-eabi-5_2-2015q4/bin/../lib/gcc/arm-none-eabi/5.2.1/../../../../arm-none-eabi/lib/armv7e-m/fpu/libg.a(lib_a-impure.o)
                                          0x2 (size before relaxing)
 *(.glue_7t)
 .glue_7t       0x0000000008008a84        0x0 linker stubs
 *(.glue_7)
 .glue_7        0x0000000008008a84        0x0 linker stubs
 *(.gcc*)

.vfp11_veneer   0x0000000008008a84        0x0
 .vfp11_veneer  0x0000000008008a84        0x0 linker stubs

.v4_bx          0x0000000008008a84        0x0
 .v4_bx         0x0000000008008a84        0x0 linker stubs

.iplt           0x0000000008008a84        0x0
 .iplt          0x0000000008008a84        0x0 build/obj/crt0_v7m.o

.rel.dyn        0x0000000008008a84        0x0
 .rel.iplt      0x0000000008008a84        0x0 build/obj/crt0_v7m.o

.ARM.extab
 *(.ARM.extab* .gnu.linkonce.armextab.*)

.ARM.exidx      0x0000000008008a84        0x0
                0x0000000008008a84                __exidx_start = .
 *(.ARM.exidx* .gnu.linkonce.armexidx.*)
                0x0000000008008a84                __exidx_end = .

.eh_frame_hdr
 *(.eh_frame_hdr)

.eh_frame
 *(.eh_frame)

.textalign      0x0000000008008a84        0x4
                0x0000000008008a88                . = ALIGN (0x8)
 *fill*         0x0000000008008a84        0x4 
                0x0000000008008a88                . = ALIGN (0x4)
                [!provide]                        PROVIDE (_etext, .)

.mstack         0x0000000020000000      0x400
                0x0000000020000000                . = ALIGN (0x8)
                0x0000000020000000                __main_stack_base__ = .
                0x0000000020000400                . = (. + __main_stack_size__)
 *fill*         0x0000000020000000      0x400 
                0x0000000020000400                . = ALIGN (0x8)
                0x0000000020000400                __main_stack_end__ = .

.pstack         0x0000000020000400      0x400
                0x0000000020000400                __process_stack_base__ = .
                0x0000000020000400                __main_thread_stack_base__ = .
                0x0000000020000800                . = (. + __process_stack_size__)
 *fill*         0x0000000020000400      0x400 
                0x0000000020000800                . = ALIGN (0x8)
                0x0000000020000800                __process_stack_end__ = .
                0x0000000020000800                __main_thread_stack_end__ = .

.data           0x0000000020000800      0x43c load address 0x0000000008008a88
                0x0000000020000800                . = ALIGN (0x4)
                [!provide]                        PROVIDE (_textdata, LOADADDR (.data))
                [!provide]                        PROVIDE (_data, .)
                0x0000000008008a88                _textdata_start = LOADADDR (.data)
                0x0000000020000800                _data_start = .
 *(.data)
 *(.data.*)
 .data.linecoding
                0x0000000020000800        0x7 build/obj/serial_usb.o
 .data.state    0x0000000020000807        0x1 build/obj/controller.o
 .data.__fdlib_version
                0x0000000020000808        0x1 /opt/homebrew-cask/Caskroom/gcc-arm-embedded/5_2-2015q4,20151219/gcc-arm-none-eabi-5_2-2015q4/bin/../lib/gcc/arm-none-eabi/5.2.1/../../../../arm-none-eabi/lib/armv7e-m/fpu/libm.a(lib_a-s_lib_ver.o)
                0x0000000020000808                __fdlib_version
 *fill*         0x0000000020000809        0x7 
 .data.impure_data
                0x0000000020000810      0x428 /opt/homebrew-cask/Caskroom/gcc-arm-embedded/5_2-2015q4,20151219/gcc-arm-none-eabi-5_2-2015q4/bin/../lib/gcc/arm-none-eabi/5.2.1/../../../../arm-none-eabi/lib/armv7e-m/fpu/libg.a(lib_a-impure.o)
 .data._impure_ptr
                0x0000000020000c38        0x4 /opt/homebrew-cask/Caskroom/gcc-arm-embedded/5_2-2015q4,20151219/gcc-arm-none-eabi-5_2-2015q4/bin/../lib/gcc/arm-none-eabi/5.2.1/../../../../arm-none-eabi/lib/armv7e-m/fpu/libg.a(lib_a-impure.o)
                0x0000000020000c38                _impure_ptr
 *(.ramtext)
                0x0000000020000c3c                . = ALIGN (0x4)
                [!provide]                        PROVIDE (_edata, .)
                0x0000000020000c3c                _data_end = .

.igot.plt       0x0000000020000c3c        0x0 load address 0x0000000008008ec4
 .igot.plt      0x0000000020000c3c        0x0 build/obj/crt0_v7m.o

.bss            0x0000000020000c40     0x1888 load address 0x0000000008008ec4
                0x0000000020000c40                . = ALIGN (0x4)
                0x0000000020000c40                _bss_start = .
 *(.bss)
 *(.bss.*)
 .bss.ch        0x0000000020000c40      0x258 build/obj/chschd.o
                0x0000000020000c40                ch
 .bss.endmem    0x0000000020000e98        0x4 build/obj/chmemcore.o
 .bss.nextmem   0x0000000020000e9c        0x4 build/obj/chmemcore.o
 .bss.default_heap
                0x0000000020000ea0       0x20 build/obj/chheap.o
 .bss.dma_isr_redir
                0x0000000020000ec0       0x80 build/obj/stm32_dma.o
 .bss.dma_streams_mask
                0x0000000020000f40        0x4 build/obj/stm32_dma.o
 .bss.EXTD1     0x0000000020000f44        0x8 build/obj/ext_lld.o
                0x0000000020000f44                EXTD1
 .bss.I2CD1     0x0000000020000f4c       0x38 build/obj/i2c_lld.o
                0x0000000020000f4c                I2CD1
 *fill*         0x0000000020000f84        0x4 
 .bss.USBD1     0x0000000020000f88      0x280 build/obj/usb_lld.o
                0x0000000020000f88                USBD1
 .bss.ep0_state
                0x0000000020001208       0x10 build/obj/usb_lld.o
 .bss.ep0setup_buffer
                0x0000000020001218        0x8 build/obj/usb_lld.o
 .bss.dummytx   0x0000000020001220        0x2 build/obj/spi_lld.o
 *fill*         0x0000000020001222        0x2 
 .bss.SPID1     0x0000000020001224       0x30 build/obj/spi_lld.o
                0x0000000020001224                SPID1
 .bss.dummyrx   0x0000000020001254        0x2 build/obj/spi_lld.o
 *fill*         0x0000000020001256        0x2 
 .bss.led_update_wa
                0x0000000020001258      0x598 build/obj/main.o
 .bss.rx        0x00000000200017f0        0x2 build/obj/as5x47.o
 *fill*         0x00000000200017f2        0x2 
 .bss.tx        0x00000000200017f4        0x2 build/obj/as5x47.o
 .bss.inTransaction
                0x00000000200017f6        0x1 build/obj/as5x47.o
 *fill*         0x00000000200017f7        0x1 
 .bss.lastRawPosition
                0x00000000200017f8        0x2 build/obj/as5x47.o
 *fill*         0x00000000200017fa        0x2 
 .bss.ep2instate
                0x00000000200017fc       0x10 build/obj/comm_usb.o
 .bss.SDU1      0x000000002000180c      0x488 build/obj/comm_usb.o
                0x000000002000180c                SDU1
 .bss.ep1instate
                0x0000000020001c94       0x10 build/obj/comm_usb.o
 .bss.ep1outstate
                0x0000000020001ca4       0x10 build/obj/comm_usb.o
 *fill*         0x0000000020001cb4        0x4 
 .bss.comm_update_wa
                0x0000000020001cb8      0x598 build/obj/comm.o
 .bss.e         0x0000000020002250        0x4 build/obj/controller.o
 .bss.ADC_Value
                0x0000000020002254        0x6 build/obj/controller.o
                0x0000000020002254                ADC_Value
 *fill*         0x000000002000225a        0x2 
 .bss.angle     0x000000002000225c        0x4 build/obj/controller.o
 .bss.RGBdata   0x0000000020002260       0x14 build/obj/ws2812b.o
 .bss.bitbuffer
                0x0000000020002274      0x154 build/obj/ws2812b.o
 .bss.gamma_table
                0x00000000200023c8      0x100 build/obj/ws2812b.o
 *(COMMON)
                0x00000000200024c8                . = ALIGN (0x4)
                0x00000000200024c8                _bss_end = .
                [!provide]                        PROVIDE (end, .)

.ram0_init      0x00000000200024c8        0x0 load address 0x0000000008008ec4
                0x00000000200024c8                . = ALIGN (0x4)
                0x0000000008008ec4                __ram0_init_text__ = LOADADDR (.ram0_init)
                0x00000000200024c8                __ram0_init__ = .
 *(.ram0_init)
 *(.ram0_init.*)
                0x00000000200024c8                . = ALIGN (0x4)

.ram0           0x00000000200024c8        0x0 load address 0x0000000008008ec4
                0x00000000200024c8                . = ALIGN (0x4)
                0x00000000200024c8                __ram0_clear__ = .
 *(.ram0_clear)
 *(.ram0_clear.*)
                0x00000000200024c8                . = ALIGN (0x4)
                0x00000000200024c8                __ram0_noinit__ = .
 *(.ram0)
 *(.ram0.*)
                0x00000000200024c8                . = ALIGN (0x4)
                0x00000000200024c8                __ram0_free__ = .

.ram1_init      0x0000000020000000        0x0 load address 0x0000000008008ec4
                0x0000000020000000                . = ALIGN (0x4)
                0x0000000008008ec4                __ram1_init_text__ = LOADADDR (.ram1_init)
                0x0000000020000000                __ram1_init__ = .
 *(.ram1_init)
 *(.ram1_init.*)
                0x0000000020000000                . = ALIGN (0x4)

.ram1           0x0000000020000000        0x0 load address 0x0000000008008ec4
                0x0000000020000000                . = ALIGN (0x4)
                0x0000000020000000                __ram1_clear__ = .
 *(.ram1_clear)
 *(.ram1_clear.*)
                0x0000000020000000                . = ALIGN (0x4)
                0x0000000020000000                __ram1_noinit__ = .
 *(.ram1)
 *(.ram1.*)
                0x0000000020000000                . = ALIGN (0x4)
                0x0000000020000000                __ram1_free__ = .

.ram2_init      0x000000002001c000        0x0 load address 0x0000000008008ec4
                0x000000002001c000                . = ALIGN (0x4)
                0x0000000008008ec4                __ram2_init_text__ = LOADADDR (.ram2_init)
                0x000000002001c000                __ram2_init__ = .
 *(.ram2_init)
 *(.ram2_init.*)
                0x000000002001c000                . = ALIGN (0x4)

.ram2           0x000000002001c000        0x0 load address 0x0000000008008ec4
                0x000000002001c000                . = ALIGN (0x4)
                0x000000002001c000                __ram2_clear__ = .
 *(.ram2_clear)
 *(.ram2_clear.*)
                0x000000002001c000                . = ALIGN (0x4)
                0x000000002001c000                __ram2_noinit__ = .
 *(.ram2)
 *(.ram2.*)
                0x000000002001c000                . = ALIGN (0x4)
                0x000000002001c000                __ram2_free__ = .

.ram3_init      0x0000000000000000        0x0 load address 0x0000000008008ec4
                0x0000000000000000                . = ALIGN (0x4)
                0x0000000008008ec4                __ram3_init_text__ = LOADADDR (.ram3_init)
                0x0000000000000000                __ram3_init__ = .
 *(.ram3_init)
 *(.ram3_init.*)
                0x0000000000000000                . = ALIGN (0x4)

.ram3           0x0000000000000000        0x0 load address 0x0000000008008ec4
                0x0000000000000000                . = ALIGN (0x4)
                0x0000000000000000                __ram3_clear__ = .
 *(.ram3_clear)
 *(.ram3_clear.*)
                0x0000000000000000                . = ALIGN (0x4)
                0x0000000000000000                __ram3_noinit__ = .
 *(.ram3)
 *(.ram3.*)
                0x0000000000000000                . = ALIGN (0x4)
                0x0000000000000000                __ram3_free__ = .

.ram4_init      0x0000000010000000        0x0 load address 0x0000000008008ec4
                0x0000000010000000                . = ALIGN (0x4)
                0x0000000008008ec4                __ram4_init_text__ = LOADADDR (.ram4_init)
                0x0000000010000000                __ram4_init__ = .
 *(.ram4_init)
 *(.ram4_init.*)
                0x0000000010000000                . = ALIGN (0x4)

.ram4           0x0000000010000000        0x0 load address 0x0000000008008ec4
                0x0000000010000000                . = ALIGN (0x4)
                0x0000000010000000                __ram4_clear__ = .
 *(.ram4_clear)
 *(.ram4_clear.*)
                0x0000000010000000                . = ALIGN (0x4)
                0x0000000010000000                __ram4_noinit__ = .
 *(.ram4)
 *(.ram4.*)
                0x0000000010000000                . = ALIGN (0x4)
                0x0000000010000000                __ram4_free__ = .

.ram5_init      0x0000000040024000        0x0 load address 0x0000000008008ec4
                0x0000000040024000                . = ALIGN (0x4)
                0x0000000008008ec4                __ram5_init_text__ = LOADADDR (.ram5_init)
                0x0000000040024000                __ram5_init__ = .
 *(.ram5_init)
 *(.ram5_init.*)
                0x0000000040024000                . = ALIGN (0x4)

.ram5           0x0000000040024000        0x0 load address 0x0000000008008ec4
                0x0000000040024000                . = ALIGN (0x4)
                0x0000000040024000                __ram5_clear__ = .
 *(.ram5_clear)
 *(.ram5_clear.*)
                0x0000000040024000                . = ALIGN (0x4)
                0x0000000040024000                __ram5_noinit__ = .
 *(.ram5)
 *(.ram5.*)
                0x0000000040024000                . = ALIGN (0x4)
                0x0000000040024000                __ram5_free__ = .

.ram6_init      0x0000000000000000        0x0 load address 0x0000000008008ec4
                0x0000000000000000                . = ALIGN (0x4)
                0x0000000008008ec4                __ram6_init_text__ = LOADADDR (.ram6_init)
                0x0000000000000000                __ram6_init__ = .
 *(.ram6_init)
 *(.ram6_init.*)
                0x0000000000000000                . = ALIGN (0x4)

.ram6           0x0000000000000000        0x0 load address 0x0000000008008ec4
                0x0000000000000000                . = ALIGN (0x4)
                0x0000000000000000                __ram6_clear__ = .
 *(.ram6_clear)
 *(.ram6_clear.*)
                0x0000000000000000                . = ALIGN (0x4)
                0x0000000000000000                __ram6_noinit__ = .
 *(.ram6)
 *(.ram6.*)
                0x0000000000000000                . = ALIGN (0x4)
                0x0000000000000000                __ram6_free__ = .

.ram7_init      0x0000000000000000        0x0 load address 0x0000000008008ec4
                0x0000000000000000                . = ALIGN (0x4)
                0x0000000008008ec4                __ram7_init_text__ = LOADADDR (.ram7_init)
                0x0000000000000000                __ram7_init__ = .
 *(.ram7_init)
 *(.ram7_init.*)
                0x0000000000000000                . = ALIGN (0x4)

.ram7           0x0000000000000000        0x0 load address 0x0000000008008ec4
                0x0000000000000000                . = ALIGN (0x4)
                0x0000000000000000                __ram7_clear__ = .
 *(.ram7_clear)
 *(.ram7_clear.*)
                0x0000000000000000                . = ALIGN (0x4)
                0x0000000000000000                __ram7_noinit__ = .
 *(.ram7)
 *(.ram7.*)
                0x0000000000000000                . = ALIGN (0x4)
                0x0000000000000000                __ram7_free__ = .

.heap           0x00000000200024c8    0x1db38
                0x00000000200024c8                . = ALIGN (0x8)
                0x00000000200024c8                __heap_base__ = .
                0x0000000020020000                . = (ORIGIN (HEAP_RAM) + LENGTH (HEAP_RAM))
 *fill*         0x00000000200024c8    0x1db38 
                0x0000000020020000                __heap_end__ = .
                0x0000000000000400                __process_stack_size__ = 0x400
                0x0000000000000400                __main_stack_size__ = 0x400
LOAD /opt/homebrew-cask/Caskroom/gcc-arm-embedded/5_2-2015q4,20151219/gcc-arm-none-eabi-5_2-2015q4/bin/../lib/gcc/arm-none-eabi/5.2.1/../../../../arm-none-eabi/lib/armv7e-m/fpu/libstdc++.a
LOAD /opt/homebrew-cask/Caskroom/gcc-arm-embedded/5_2-2015q4,20151219/gcc-arm-none-eabi-5_2-2015q4/bin/../lib/gcc/arm-none-eabi/5.2.1/../../../../arm-none-eabi/lib/armv7e-m/fpu/libm.a
START GROUP
LOAD /opt/homebrew-cask/Caskroom/gcc-arm-embedded/5_2-2015q4,20151219/gcc-arm-none-eabi-5_2-2015q4/bin/../lib/gcc/arm-none-eabi/5.2.1/armv7e-m/fpu/libgcc.a
LOAD /opt/homebrew-cask/Caskroom/gcc-arm-embedded/5_2-2015q4,20151219/gcc-arm-none-eabi-5_2-2015q4/bin/../lib/gcc/arm-none-eabi/5.2.1/../../../../arm-none-eabi/lib/armv7e-m/fpu/libg.a
LOAD /opt/homebrew-cask/Caskroom/gcc-arm-embedded/5_2-2015q4,20151219/gcc-arm-none-eabi-5_2-2015q4/bin/../lib/gcc/arm-none-eabi/5.2.1/../../../../arm-none-eabi/lib/armv7e-m/fpu/libc.a
END GROUP
OUTPUT(build/rESC.elf elf32-littlearm)

.ARM.attributes
                0x0000000000000000       0x35
 .ARM.attributes
                0x0000000000000000       0x25 build/obj/crt0_v7m.o
 .ARM.attributes
                0x0000000000000025       0x25 build/obj/chcoreasm_v7m.o
 .ARM.attributes
                0x000000000000004a       0x39 build/obj/crt1.o
 .ARM.attributes
                0x0000000000000083       0x39 build/obj/vectors.o
 .ARM.attributes
                0x00000000000000bc       0x39 build/obj/chsys.o
 .ARM.attributes
                0x00000000000000f5       0x39 build/obj/chvt.o
 .ARM.attributes
                0x000000000000012e       0x39 build/obj/chschd.o
 .ARM.attributes
                0x0000000000000167       0x39 build/obj/chthreads.o
 .ARM.attributes
                0x00000000000001a0       0x39 build/obj/chtm.o
 .ARM.attributes
                0x00000000000001d9       0x39 build/obj/chregistry.o
 .ARM.attributes
                0x0000000000000212       0x39 build/obj/chmtx.o
 .ARM.attributes
                0x000000000000024b       0x39 build/obj/chevents.o
 .ARM.attributes
                0x0000000000000284       0x39 build/obj/chmemcore.o
 .ARM.attributes
                0x00000000000002bd       0x39 build/obj/chheap.o
 .ARM.attributes
                0x00000000000002f6       0x39 build/obj/chcore_v7m.o
 .ARM.attributes
                0x000000000000032f       0x39 build/obj/hal.o
 .ARM.attributes
                0x0000000000000368       0x39 build/obj/st.o
 .ARM.attributes
                0x00000000000003a1       0x39 build/obj/hal_buffers.o
 .ARM.attributes
                0x00000000000003da       0x39 build/obj/ext.o
 .ARM.attributes
                0x0000000000000413       0x39 build/obj/i2c.o
 .ARM.attributes
                0x000000000000044c       0x39 build/obj/serial_usb.o
 .ARM.attributes
                0x0000000000000485       0x39 build/obj/spi.o
 .ARM.attributes
                0x00000000000004be       0x39 build/obj/usb.o
 .ARM.attributes
                0x00000000000004f7       0x39 build/obj/nvic.o
 .ARM.attributes
                0x0000000000000530       0x39 build/obj/hal_lld.o
 .ARM.attributes
                0x0000000000000569       0x39 build/obj/stm32_dma.o
 .ARM.attributes
                0x00000000000005a2       0x39 build/obj/st_lld.o
 .ARM.attributes
                0x00000000000005db       0x39 build/obj/ext_lld.o
 .ARM.attributes
                0x0000000000000614       0x39 build/obj/ext_lld_isr.o
 .ARM.attributes
                0x000000000000064d       0x39 build/obj/pal_lld.o
 .ARM.attributes
                0x0000000000000686       0x39 build/obj/i2c_lld.o
 .ARM.attributes
                0x00000000000006bf       0x39 build/obj/usb_lld.o
 .ARM.attributes
                0x00000000000006f8       0x39 build/obj/spi_lld.o
 .ARM.attributes
                0x0000000000000731       0x39 build/obj/board.o
 .ARM.attributes
                0x000000000000076a       0x39 build/obj/chprintf.o
 .ARM.attributes
                0x00000000000007a3       0x39 build/obj/main.o
 .ARM.attributes
                0x00000000000007dc       0x39 build/obj/as5x47.o
 .ARM.attributes
                0x0000000000000815       0x39 build/obj/comm_can.o
 .ARM.attributes
                0x000000000000084e       0x39 build/obj/comm_usb.o
 .ARM.attributes
                0x0000000000000887       0x39 build/obj/comm.o
 .ARM.attributes
                0x00000000000008c0       0x39 build/obj/controller.o
 .ARM.attributes
                0x00000000000008f9       0x39 build/obj/encoder.o
 .ARM.attributes
                0x0000000000000932       0x39 build/obj/transforms.o
 .ARM.attributes
                0x000000000000096b       0x39 build/obj/ws2812b.o
 .ARM.attributes
                0x00000000000009a4       0x39 build/obj/zsm.o
 .ARM.attributes
                0x00000000000009dd       0x39 build/obj/stm32f4xx_adc.o
 .ARM.attributes
                0x0000000000000a16       0x39 build/obj/stm32f4xx_dma.o
 .ARM.attributes
                0x0000000000000a4f       0x39 build/obj/stm32f4xx_rcc.o
 .ARM.attributes
                0x0000000000000a88       0x39 build/obj/stm32f4xx_tim.o
 .ARM.attributes